2025-06-25 14:55:24,262 [INFO] Activator:176 - 


2025-06-25 14:55:24,266 [INFO] Activator:177 - !SESSION log4j initialized
2025-06-25 14:55:28,743 [INFO] LogOutputStream:77 - [STDOUT_REDIRECT] 
2025-06-25 14:55:34,480 [INFO] ApplicationProperties:184 - Using Application install path: C:\ST\STM32CubeIDE_1.17.0\STM32CubeIDE\plugins\com.st.stm32cube.common.mx_6.14.1.202504091515
2025-06-25 14:55:34,493 [INFO] DbMcusXml:78 - Set database path to: C:\ST\STM32CubeIDE_1.17.0\STM32CubeIDE\plugins\com.st.stm32cube.common.mx_6.14.1.202504091515\\db\/mcu/
2025-06-25 14:55:34,493 [INFO] ApiDb:274 - Set plugin database path to: C:\ST\STM32CubeIDE_1.17.0\STM32CubeIDE\plugins\com.st.stm32cube.common.mx_6.14.1.202504091515\\db\/plugins/boardmanager/
2025-06-25 14:55:34,494 [WARN] ApiDb:259 - Overriding images path with different value:  => C:\ST\STM32CubeIDE_1.17.0\STM32CubeIDE\plugins\com.st.stm32cube.common.mx_6.14.1.202504091515\\db\/plugins/mcufinder/images/
2025-06-25 14:55:34,500 [INFO] ApiDb:250 - Set database path to: C:\Users\stoff\.stmcufinder\plugins\mcufinder//mcu/
2025-06-25 14:55:34,501 [INFO] DbMcusAds:125 - Set database path to: C:\Users\stoff\.stmcufinder\plugins\mcufinder//mcu/
2025-06-25 14:55:34,503 [INFO] CrossReferenceDbSqlite:203 - Set database path to: C:\Users\stoff\.stmcufinder\plugins\mcufinder//mcu/cs/
2025-06-25 14:55:34,576 [INFO] RulesReader:64 - Compatibility file has been processed (302 Rules)
2025-06-25 14:55:34,642 [INFO] DbMcusXml:78 - Set database path to: C:\ST\STM32CubeIDE_1.17.0\STM32CubeIDE\plugins\com.st.stm32cube.common.mx_6.14.1.202504091515\\db\/mcu/
2025-06-25 14:55:34,642 [INFO] ApiDb:274 - Set plugin database path to: C:\ST\STM32CubeIDE_1.17.0\STM32CubeIDE\plugins\com.st.stm32cube.common.mx_6.14.1.202504091515\\db\/plugins/boardmanager/
2025-06-25 14:55:34,642 [INFO] ApiDb:261 - Set plugin images path to: C:\ST\STM32CubeIDE_1.17.0\STM32CubeIDE\plugins\com.st.stm32cube.common.mx_6.14.1.202504091515\\db\/plugins/mcufinder/images/
2025-06-25 14:55:34,642 [WARN] DbFile:41 - Overriding database path with different value: C:\Users\stoff\.stmcufinder\plugins\mcufinder/ => C:\Users\stoff\.stmcufinder\plugins\mcufinder
2025-06-25 14:55:34,643 [INFO] ApiDb:250 - Set database path to: C:\Users\stoff\.stmcufinder\plugins\mcufinder//mcu/
2025-06-25 14:55:34,643 [WARN] DbFile:41 - Overriding database path with different value: C:\Users\stoff\.stmcufinder\plugins\mcufinder/ => C:\Users\stoff\.stmcufinder\plugins\mcufinder
2025-06-25 14:55:34,643 [INFO] DbMcusAds:125 - Set database path to: C:\Users\stoff\.stmcufinder\plugins\mcufinder//mcu/
2025-06-25 14:55:34,643 [WARN] DbFile:41 - Overriding database path with different value: C:\Users\stoff\.stmcufinder\plugins\mcufinder/ => C:\Users\stoff\.stmcufinder\plugins\mcufinder
2025-06-25 14:55:34,643 [WARN] DbFile:41 - Overriding database path with different value: C:\Users\stoff\.stmcufinder\plugins\mcufinder/ => C:\Users\stoff\.stmcufinder\plugins\mcufinder
2025-06-25 14:55:34,643 [INFO] CrossReferenceDbSqlite:203 - Set database path to: C:\Users\stoff\.stmcufinder\plugins\mcufinder//mcu/cs/
2025-06-25 14:55:34,697 [INFO] MainPanel:272 - HeapMemory: 269484032
2025-06-25 14:55:34,775 [INFO] DbMcusXml:78 - Set database path to: C:\ST\STM32CubeIDE_1.17.0\STM32CubeIDE\plugins\com.st.stm32cube.common.mx_6.14.1.202504091515\\db\/mcu/
2025-06-25 14:55:34,776 [INFO] ApiDb:274 - Set plugin database path to: C:\ST\STM32CubeIDE_1.17.0\STM32CubeIDE\plugins\com.st.stm32cube.common.mx_6.14.1.202504091515\\db\/plugins/boardmanager/
2025-06-25 14:55:34,776 [INFO] ApiDb:261 - Set plugin images path to: C:\ST\STM32CubeIDE_1.17.0\STM32CubeIDE\plugins\com.st.stm32cube.common.mx_6.14.1.202504091515\\db\/plugins/mcufinder/images/
2025-06-25 14:55:34,776 [WARN] DbFile:41 - Overriding database path with different value: C:\Users\stoff\.stmcufinder\plugins\mcufinder/ => C:\Users\stoff\.stmcufinder\plugins\mcufinder
2025-06-25 14:55:34,776 [INFO] ApiDb:250 - Set database path to: C:\Users\stoff\.stmcufinder\plugins\mcufinder//mcu/
2025-06-25 14:55:34,776 [WARN] DbFile:41 - Overriding database path with different value: C:\Users\stoff\.stmcufinder\plugins\mcufinder/ => C:\Users\stoff\.stmcufinder\plugins\mcufinder
2025-06-25 14:55:34,776 [INFO] DbMcusAds:125 - Set database path to: C:\Users\stoff\.stmcufinder\plugins\mcufinder//mcu/
2025-06-25 14:55:34,776 [WARN] DbFile:41 - Overriding database path with different value: C:\Users\stoff\.stmcufinder\plugins\mcufinder/ => C:\Users\stoff\.stmcufinder\plugins\mcufinder
2025-06-25 14:55:34,776 [WARN] DbFile:41 - Overriding database path with different value: C:\Users\stoff\.stmcufinder\plugins\mcufinder/ => C:\Users\stoff\.stmcufinder\plugins\mcufinder
2025-06-25 14:55:34,776 [INFO] CrossReferenceDbSqlite:203 - Set database path to: C:\Users\stoff\.stmcufinder\plugins\mcufinder//mcu/cs/
2025-06-25 14:55:34,789 [INFO] ApplicationProperties:184 - Using Application install path: C:\ST\STM32CubeIDE_1.17.0\STM32CubeIDE\plugins\com.st.stm32cube.common.mx_6.14.1.202504091515
2025-06-25 14:55:34,789 [INFO] PluginManage:196 - Search for loadable plugins [exclusion list=, ]
2025-06-25 14:55:34,791 [INFO] PluginManage:310 - Check plugin analytics
2025-06-25 14:55:39,874 [INFO] AnalyticsPlugin:253 - Accepted Software Licenses: 
2025-06-25 14:55:39,874 [INFO] AnalyticsPlugin:255 - Accepted CMSIS Pack Licenses: 
2025-06-25 14:55:39,874 [INFO] AnalyticsPlugin:257 - Accepted Firmware Licenses: 
2025-06-25 14:55:39,876 [INFO] PluginManage:359 - Loaded plugin analytics (category:tool,tabindex:-1)
2025-06-25 14:55:39,876 [INFO] PluginManage:310 - Check plugin cadmodel
2025-06-25 14:55:39,880 [INFO] CADModel:105 - Init CAD model plugin
2025-06-25 14:55:39,880 [INFO] PluginManage:359 - Loaded plugin cadmodel (category:power,tabindex:5)
2025-06-25 14:55:39,880 [INFO] PluginManage:310 - Check plugin clock
2025-06-25 14:55:39,888 [INFO] PluginManage:359 - Loaded plugin clock (category:base,tabindex:2)
2025-06-25 14:55:39,888 [INFO] PluginManage:310 - Check plugin ddr
2025-06-25 14:55:39,890 [INFO] PluginManage:359 - Loaded plugin ddr (category:tool,tabindex:6)
2025-06-25 14:55:39,890 [INFO] PluginManage:310 - Check plugin filemanager
2025-06-25 14:55:39,980 [INFO] PluginManage:359 - Loaded plugin filemanager (category:base,tabindex:10)
2025-06-25 14:55:39,980 [INFO] PluginManage:310 - Check plugin ipmanager
2025-06-25 14:55:39,985 [INFO] PluginManage:359 - Loaded plugin ipmanager (category:base,tabindex:5)
2025-06-25 14:55:39,985 [INFO] PluginManage:310 - Check plugin lpbam
2025-06-25 14:55:39,990 [INFO] PluginManage:359 - Loaded plugin lpbam (category:base,tabindex:0)
2025-06-25 14:55:39,990 [INFO] PluginManage:310 - Check plugin memorymap
2025-06-25 14:55:40,002 [INFO] PluginManage:359 - Loaded plugin memorymap (category:base,tabindex:4)
2025-06-25 14:55:40,002 [INFO] PluginManage:310 - Check plugin pinoutandconfiguration
2025-06-25 14:55:40,009 [INFO] PluginManage:359 - Loaded plugin pinoutandconfiguration (category:base,tabindex:1)
2025-06-25 14:55:40,009 [INFO] PluginManage:310 - Check plugin pinoutconfig
2025-06-25 14:55:40,063 [WARN] SupportedApi:132 - Cannot load RTOS API schema: s4s-elt-must-match.1: The content of 'definitions' must match (annotation?, (simpleType | complexType)?, (unique | key | keyref)*)). A problem was found starting at: attribute.
2025-06-25 14:55:40,153 [INFO] PluginManage:359 - Loaded plugin pinoutconfig (category:base,tabindex:0)
2025-06-25 14:55:40,153 [INFO] PluginManage:310 - Check plugin power
2025-06-25 14:55:40,160 [INFO] PluginManage:359 - Loaded plugin power (category:power,tabindex:4)
2025-06-25 14:55:40,160 [INFO] PluginManage:310 - Check plugin projectmanager
2025-06-25 14:55:40,169 [INFO] PluginManage:359 - Loaded plugin projectmanager (category:projectmanager,tabindex:4)
2025-06-25 14:55:40,169 [INFO] PluginManage:310 - Check plugin rif
2025-06-25 14:55:40,174 [INFO] PluginManage:359 - Loaded plugin rif (category:base,tabindex:3)
2025-06-25 14:55:40,175 [INFO] PluginManage:310 - Check plugin thirdparty
2025-06-25 14:55:40,265 [INFO] PluginManage:359 - Loaded plugin thirdparty (category:base,tabindex:-1)
2025-06-25 14:55:40,265 [WARN] IntegrityCheckThread:84 - waiting for thirdparty lock release [integrity check]
2025-06-25 14:55:40,265 [INFO] PluginManage:310 - Check plugin tools
2025-06-25 14:55:40,265 [INFO] IntegrityCheckThread:86 - entering critical section [integrity check]
2025-06-25 14:55:40,266 [INFO] ThirdPartyUpdaterWithRetryManager:70 - Updater plugin not ready yet. [1/15]
2025-06-25 14:55:40,267 [INFO] PluginManage:359 - Loaded plugin tools (category:base,tabindex:7)
2025-06-25 14:55:40,267 [INFO] PluginManage:310 - Check plugin tutovideos
2025-06-25 14:55:40,386 [INFO] PluginManage:359 - Loaded plugin tutovideos (category:base,tabindex:-1)
2025-06-25 14:55:40,387 [INFO] PluginManage:310 - Check plugin updater
2025-06-25 14:55:40,404 [INFO] PluginManage:359 - Loaded plugin updater (category:base,tabindex:12)
2025-06-25 14:55:40,405 [INFO] PluginManage:310 - Check plugin userauth
2025-06-25 14:55:40,407 [INFO] UserAuth:118 - Init User Auth plugin
2025-06-25 14:55:40,408 [INFO] PluginManage:359 - Loaded plugin userauth (category:base,tabindex:14)
2025-06-25 14:55:40,408 [INFO] PluginManage:283 - PluginManage : Loaded plugins [18]
2025-06-25 14:55:40,574 [INFO] PinOutPanel:1589 - setPackage(No Configuration,No Configuration)
2025-06-25 14:55:40,635 [INFO] CADModel:165 - CPN selected for project level
2025-06-25 14:55:40,635 [INFO] CADModel:114 - Register for checkConnection events
2025-06-25 14:55:40,647 [INFO] IPUIPlugin:80 - create IPUIPlugin
2025-06-25 14:55:40,648 [INFO] PluginManager:220 - loadIPPluginJar : add adc
2025-06-25 14:55:40,650 [INFO] IPUIPlugin:80 - create IPUIPlugin
2025-06-25 14:55:40,650 [INFO] PluginManager:220 - loadIPPluginJar : add aes
2025-06-25 14:55:40,652 [INFO] IPUIPlugin:80 - create IPUIPlugin
2025-06-25 14:55:40,652 [INFO] PluginManager:220 - loadIPPluginJar : add can
2025-06-25 14:55:40,653 [INFO] IPUIPlugin:80 - create IPUIPlugin
2025-06-25 14:55:40,653 [INFO] PluginManager:220 - loadIPPluginJar : add comp
2025-06-25 14:55:40,655 [INFO] IPUIPlugin:80 - create IPUIPlugin
2025-06-25 14:55:40,655 [INFO] PluginManager:220 - loadIPPluginJar : add cryp
2025-06-25 14:55:40,658 [INFO] IPUIPlugin:80 - create IPUIPlugin
2025-06-25 14:55:40,658 [INFO] PluginManager:220 - loadIPPluginJar : add ddr_ctrl_phy
2025-06-25 14:55:40,659 [INFO] IPUIPlugin:80 - create IPUIPlugin
2025-06-25 14:55:40,660 [INFO] PluginManager:220 - loadIPPluginJar : add dfsdm
2025-06-25 14:55:40,663 [INFO] IPUIPlugin:80 - create IPUIPlugin
2025-06-25 14:55:40,664 [INFO] PluginManager:220 - loadIPPluginJar : add dma
2025-06-25 14:55:40,666 [INFO] IPUIPlugin:80 - create IPUIPlugin
2025-06-25 14:55:40,666 [INFO] PluginManager:220 - loadIPPluginJar : add dma3
2025-06-25 14:55:40,668 [INFO] IPUIPlugin:80 - create IPUIPlugin
2025-06-25 14:55:40,668 [INFO] PluginManager:220 - loadIPPluginJar : add extmemmanager
2025-06-25 14:55:40,669 [INFO] IPUIPlugin:80 - create IPUIPlugin
2025-06-25 14:55:40,669 [INFO] PluginManager:220 - loadIPPluginJar : add fatfs
2025-06-25 14:55:40,672 [INFO] IPUIPlugin:80 - create IPUIPlugin
2025-06-25 14:55:40,672 [INFO] PluginManager:220 - loadIPPluginJar : add fmc
2025-06-25 14:55:40,677 [INFO] IPUIPlugin:80 - create IPUIPlugin
2025-06-25 14:55:40,677 [INFO] PluginManager:220 - loadIPPluginJar : add freertos
2025-06-25 14:55:40,678 [INFO] IPUIPlugin:80 - create IPUIPlugin
2025-06-25 14:55:40,678 [INFO] PluginManager:220 - loadIPPluginJar : add genericplugin
2025-06-25 14:55:40,679 [INFO] IPUIPlugin:80 - create IPUIPlugin
2025-06-25 14:55:40,679 [INFO] PluginManager:220 - loadIPPluginJar : add gfxmmu
2025-06-25 14:55:40,683 [INFO] IPUIPlugin:80 - create IPUIPlugin
2025-06-25 14:55:40,683 [INFO] PluginManager:220 - loadIPPluginJar : add gic
2025-06-25 14:55:40,685 [INFO] IPUIPlugin:80 - create IPUIPlugin
2025-06-25 14:55:40,685 [INFO] PluginManager:220 - loadIPPluginJar : add gpio
2025-06-25 14:55:40,687 [INFO] IPUIPlugin:80 - create IPUIPlugin
2025-06-25 14:55:40,687 [INFO] PluginManager:220 - loadIPPluginJar : add gtzc
2025-06-25 14:55:40,689 [INFO] IPUIPlugin:80 - create IPUIPlugin
2025-06-25 14:55:40,689 [INFO] PluginManager:220 - loadIPPluginJar : add hash
2025-06-25 14:55:40,691 [INFO] IPUIPlugin:80 - create IPUIPlugin
2025-06-25 14:55:40,691 [INFO] PluginManager:220 - loadIPPluginJar : add i2c
2025-06-25 14:55:40,692 [INFO] IPUIPlugin:80 - create IPUIPlugin
2025-06-25 14:55:40,692 [INFO] PluginManager:220 - loadIPPluginJar : add i2s
2025-06-25 14:55:40,694 [INFO] IPUIPlugin:80 - create IPUIPlugin
2025-06-25 14:55:40,694 [INFO] PluginManager:220 - loadIPPluginJar : add i3c
2025-06-25 14:55:40,696 [INFO] IPUIPlugin:80 - create IPUIPlugin
2025-06-25 14:55:40,696 [INFO] PluginManager:220 - loadIPPluginJar : add ipddr
2025-06-25 14:55:40,700 [INFO] IPUIPlugin:80 - create IPUIPlugin
2025-06-25 14:55:40,701 [INFO] PluginManager:220 - loadIPPluginJar : add linkedlist
2025-06-25 14:55:40,703 [INFO] IPUIPlugin:80 - create IPUIPlugin
2025-06-25 14:55:40,703 [INFO] PluginManager:220 - loadIPPluginJar : add lorawan
2025-06-25 14:55:40,704 [INFO] IPUIPlugin:80 - create IPUIPlugin
2025-06-25 14:55:40,704 [INFO] PluginManager:220 - loadIPPluginJar : add ltdc
2025-06-25 14:55:40,707 [INFO] IPUIPlugin:80 - create IPUIPlugin
2025-06-25 14:55:40,707 [INFO] PluginManager:220 - loadIPPluginJar : add mdma
2025-06-25 14:55:40,710 [INFO] IPUIPlugin:80 - create IPUIPlugin
2025-06-25 14:55:40,710 [INFO] PluginManager:220 - loadIPPluginJar : add nvic
2025-06-25 14:55:40,712 [INFO] IPUIPlugin:80 - create IPUIPlugin
2025-06-25 14:55:40,712 [INFO] PluginManager:220 - loadIPPluginJar : add opamp
2025-06-25 14:55:40,714 [INFO] IPUIPlugin:80 - create IPUIPlugin
2025-06-25 14:55:40,714 [INFO] PluginManager:220 - loadIPPluginJar : add openamp
2025-06-25 14:55:40,716 [INFO] IPUIPlugin:80 - create IPUIPlugin
2025-06-25 14:55:40,716 [INFO] PluginManager:220 - loadIPPluginJar : add pdm2pcm
2025-06-25 14:55:40,720 [INFO] IPUIPlugin:80 - create IPUIPlugin
2025-06-25 14:55:40,722 [INFO] PluginManager:220 - loadIPPluginJar : add plateformsettings
2025-06-25 14:55:40,723 [INFO] IPUIPlugin:80 - create IPUIPlugin
2025-06-25 14:55:40,723 [INFO] PluginManager:220 - loadIPPluginJar : add quadspi
2025-06-25 14:55:40,724 [INFO] IPUIPlugin:80 - create IPUIPlugin
2025-06-25 14:55:40,725 [INFO] PluginManager:220 - loadIPPluginJar : add radio
2025-06-25 14:55:40,728 [INFO] IPUIPlugin:80 - create IPUIPlugin
2025-06-25 14:55:40,728 [INFO] PluginManager:220 - loadIPPluginJar : add resmgrutility
2025-06-25 14:55:40,730 [INFO] IPUIPlugin:80 - create IPUIPlugin
2025-06-25 14:55:40,730 [INFO] PluginManager:220 - loadIPPluginJar : add sai
2025-06-25 14:55:40,732 [INFO] IPUIPlugin:80 - create IPUIPlugin
2025-06-25 14:55:40,732 [INFO] PluginManager:220 - loadIPPluginJar : add spi
2025-06-25 14:55:40,736 [INFO] IPUIPlugin:80 - create IPUIPlugin
2025-06-25 14:55:40,736 [INFO] PluginManager:220 - loadIPPluginJar : add stm32_wpan
2025-06-25 14:55:40,737 [INFO] IPUIPlugin:80 - create IPUIPlugin
2025-06-25 14:55:40,737 [INFO] PluginManager:220 - loadIPPluginJar : add tim
2025-06-25 14:55:40,740 [INFO] IPUIPlugin:80 - create IPUIPlugin
2025-06-25 14:55:40,740 [INFO] PluginManager:220 - loadIPPluginJar : add touchsensing
2025-06-25 14:55:40,742 [INFO] IPUIPlugin:80 - create IPUIPlugin
2025-06-25 14:55:40,742 [INFO] PluginManager:220 - loadIPPluginJar : add tracer_emb
2025-06-25 14:55:40,744 [INFO] IPUIPlugin:80 - create IPUIPlugin
2025-06-25 14:55:40,744 [INFO] PluginManager:220 - loadIPPluginJar : add ts
2025-06-25 14:55:40,745 [INFO] IPUIPlugin:80 - create IPUIPlugin
2025-06-25 14:55:40,745 [INFO] PluginManager:220 - loadIPPluginJar : add tsc
2025-06-25 14:55:40,746 [INFO] IPUIPlugin:80 - create IPUIPlugin
2025-06-25 14:55:40,746 [INFO] PluginManager:220 - loadIPPluginJar : add ucpd
2025-06-25 14:55:40,748 [INFO] IPUIPlugin:80 - create IPUIPlugin
2025-06-25 14:55:40,748 [INFO] PluginManager:220 - loadIPPluginJar : add usart
2025-06-25 14:55:40,750 [INFO] IPUIPlugin:80 - create IPUIPlugin
2025-06-25 14:55:40,750 [INFO] PluginManager:220 - loadIPPluginJar : add usbx
2025-06-25 14:55:40,857 [FATAL] Updater:351 - Updater called before beeing initialized
2025-06-25 14:55:40,882 [INFO] RulesReader:64 - Compatibility file has been processed (302 Rules)
2025-06-25 14:55:40,890 [INFO] RulesReader:64 - Compatibility file has been processed (302 Rules)
2025-06-25 14:55:40,897 [INFO] CADModel:165 - CPN selected for project level
2025-06-25 14:55:40,897 [INFO] CADModel:114 - Register for checkConnection events
2025-06-25 14:55:40,897 [FATAL] Updater:351 - Updater called before beeing initialized
2025-06-25 14:55:40,898 [ERROR] CADModel:125 - Updater not yet initialized, retry later 
2025-06-25 14:55:41,020 [FATAL] Updater:351 - Updater called before beeing initialized
2025-06-25 14:55:41,021 [INFO] CADModel:165 - CPN selected for project level
2025-06-25 14:55:41,021 [INFO] CADModel:114 - Register for checkConnection events
2025-06-25 14:55:41,021 [FATAL] Updater:351 - Updater called before beeing initialized
2025-06-25 14:55:41,021 [ERROR] CADModel:125 - Updater not yet initialized, retry later 
2025-06-25 14:55:41,024 [FATAL] Updater:351 - Updater called before beeing initialized
2025-06-25 14:55:41,086 [FATAL] Updater:351 - Updater called before beeing initialized
2025-06-25 14:55:41,089 [INFO] DbMcusAds:53 - JSON generation date=Thu Mar 06 15:54:22 CET 2025 (1741272862204)
2025-06-25 14:55:41,089 [FATAL] Updater:351 - Updater called before beeing initialized
2025-06-25 14:55:41,116 [WARN] DetailPanel:346 - Failed to get advertising image, set to default
2025-06-25 14:55:41,248 [FATAL] Updater:351 - Updater called before beeing initialized
2025-06-25 14:55:41,251 [FATAL] Updater:351 - Updater called before beeing initialized
2025-06-25 14:55:41,251 [FATAL] Updater:351 - Updater called before beeing initialized
2025-06-25 14:55:41,251 [WARN] DetailPanel:346 - Failed to get advertising image, set to default
2025-06-25 14:55:41,252 [FATAL] Updater:351 - Updater called before beeing initialized
2025-06-25 14:55:41,281 [ERROR] Updater:1198 - MainUpdater not yet initialized. External WinMGr cannot be set.
2025-06-25 14:55:41,282 [INFO] Updater:1134 - Updater Version found : 6.14.1
2025-06-25 14:55:41,296 [INFO] ApplicationProperties:184 - Using Application install path: C:\ST\STM32CubeIDE_1.17.0\STM32CubeIDE\plugins\com.st.stm32cube.common.mx_6.14.1.202504091515
2025-06-25 14:55:42,862 [ERROR] LogOutputStream:75 - [STDERR_REDIRECT] Jun 25, 2025 2:55:42 PM java.util.prefs.WindowsPreferences <init>
2025-06-25 14:55:42,862 [ERROR] LogOutputStream:75 - [STDERR_REDIRECT] WARNING: Could not open/create prefs root node Software\JavaSoft\Prefs at root 0xffffffff80000002. Windows RegCreateKeyEx(...) returned error code 5.
2025-06-25 14:55:42,863 [ERROR] LogOutputStream:75 - [STDERR_REDIRECT] 
2025-06-25 14:55:43,264 [INFO] MainUpdater:2872 - connection check result : 10
2025-06-25 14:55:43,264 [INFO] MainUpdater:289 - Updater Check For Update Now.
2025-06-25 14:55:43,264 [INFO] MicroXplorer:498 - Change Database Version : DB.6.0.141
2025-06-25 14:55:43,266 [INFO] ThirdPartyUpdaterWithRetryManager:70 - Updater plugin not ready yet. [2/15]
2025-06-25 14:55:43,267 [INFO] McuFinderGlobals:63 - Set McuFinder mode to 2 (CubeIDE integrated)
2025-06-25 14:55:43,268 [INFO] UserAuth:484 - Internet connection configuration mode: 1
2025-06-25 14:55:43,290 [INFO] JxBrowserEngine:152 - Initiate JxBrowser Engine with user profile folder
2025-06-25 14:55:43,409 [INFO] CheckServerUpdateThread:120 - End of CheckServer Thread
2025-06-25 14:55:44,215 [INFO] WebApp:169 - Instantiating new browser for Auth
2025-06-25 14:55:44,729 [INFO] WebApp:463 - Apply proxy settings
2025-06-25 14:55:44,729 [INFO] WebApp:548 - Chromium requires no authentication
2025-06-25 14:55:44,737 [INFO] WebApp:491 - Direct internet connection detected
2025-06-25 14:55:44,753 [INFO] WebApp:894 - Register for checkConnection events
2025-06-25 14:55:44,753 [INFO] WebApp:463 - Apply proxy settings
2025-06-25 14:55:44,753 [INFO] WebApp:548 - Chromium requires no authentication
2025-06-25 14:55:44,753 [INFO] WebApp:491 - Direct internet connection detected
2025-06-25 14:55:44,869 [INFO] WebApp:225 - Starting web application
2025-06-25 14:55:44,869 [INFO] WebApp:593 - Web application path used C:\ST\STM32CubeIDE_1.17.0\STM32CubeIDE\plugins\com.st.stm32cube.common.mx_6.14.1.202504091515\db\plugins\mcufinder\reactClient1\index.html
2025-06-25 14:55:44,924 [INFO] UserAuth:484 - Internet connection configuration mode: 1
2025-06-25 14:55:44,932 [INFO] WebApp:191 - Connection restablished
2025-06-25 14:55:46,401 [WARN] PackLoader:240 - Cannot read IP mode file for STMicroelectronics.FP-SNS-MOTENVWB1.1.4.0
2025-06-25 14:55:46,407 [WARN] PackLoader:240 - Cannot read IP mode file for STMicroelectronics.FP-ATR-ASTRA1.2.0.2
2025-06-25 14:55:46,410 [WARN] PackLoader:240 - Cannot read IP mode file for STMicroelectronics.FP-ATR-ASTRA1.2.0.1
2025-06-25 14:55:46,413 [WARN] PackLoader:240 - Cannot read IP mode file for STMicroelectronics.X-CUBE-SMBUS.2.1.0
2025-06-25 14:55:46,418 [WARN] PackLoader:240 - Cannot read IP mode file for STMicroelectronics.X-CUBE-WB05N.1.1.0
2025-06-25 14:55:46,421 [WARN] PackLoader:240 - Cannot read IP mode file for STMicroelectronics.X-CUBE-ST60.1.0.0
2025-06-25 14:55:46,439 [WARN] PackLoader:240 - Cannot read IP mode file for STMicroelectronics.X-CUBE-AZRTOS-F7.1.1.0
2025-06-25 14:55:46,443 [WARN] PackLoader:240 - Cannot read IP mode file for STMicroelectronics.FP-SNS-FLIGHT1.5.0.2
2025-06-25 14:55:46,459 [WARN] PackLoader:240 - Cannot read IP mode file for Infineon.AIROC-Wi-Fi-Bluetooth-STM32.1.7.0
2025-06-25 14:55:46,466 [WARN] PackLoader:240 - Cannot read IP mode file for STMicroelectronics.X-CUBE-DISPLAY.3.0.0
2025-06-25 14:55:46,470 [WARN] PackLoader:240 - Cannot read IP mode file for STMicroelectronics.X-CUBE-BLE1.7.0.0
2025-06-25 14:55:46,473 [WARN] PackLoader:240 - Cannot read IP mode file for STMicroelectronics.X-CUBE-NFC10.1.0.0
2025-06-25 14:55:46,478 [WARN] PackLoader:240 - Cannot read IP mode file for STMicroelectronics.X-CUBE-BLEMGR.4.0.0
2025-06-25 14:55:46,483 [WARN] PackLoader:240 - Cannot read IP mode file for emotas.I-CUBE-CANOPEN.1.3.0
2025-06-25 14:55:46,486 [WARN] PackLoader:240 - Cannot read IP mode file for STMicroelectronics.X-CUBE-AI.10.0.0
2025-06-25 14:55:46,488 [WARN] PackLoader:240 - Cannot read IP mode file for STMicroelectronics.FP-SNS-SMARTAG2.1.2.0
2025-06-25 14:55:46,489 [WARN] PackLoader:240 - Cannot read IP mode file for STMicroelectronics.FP-SNS-FLIGHT1.5.1.0
2025-06-25 14:55:46,506 [WARN] PackLoader:240 - Cannot read IP mode file for STMicroelectronics.X-CUBE-MEMS1.11.1.0
2025-06-25 14:55:46,590 [INFO] LogOutputStream:77 - [STDOUT_REDIRECT] 1 : Invalid condition id : UX_CORESTACK_Condition cause : null
2025-06-25 14:55:46,591 [INFO] LogOutputStream:77 - [STDOUT_REDIRECT] 1 : Invalid condition id : UX_CORESTACK_Condition cause : null
2025-06-25 14:55:46,592 [INFO] LogOutputStream:77 - [STDOUT_REDIRECT] 1 : Invalid condition id : UX_CORESTACK_Condition cause : null
2025-06-25 14:55:46,593 [INFO] LogOutputStream:77 - [STDOUT_REDIRECT] 1 : Invalid condition id : UX_CORESTACK_Condition cause : null
2025-06-25 14:55:46,593 [INFO] LogOutputStream:77 - [STDOUT_REDIRECT] 1 : Invalid condition id : UX_CORESTACK_Condition cause : null
2025-06-25 14:55:46,595 [WARN] PackLoader:240 - Cannot read IP mode file for STMicroelectronics.X-CUBE-AZRTOS-WL.2.0.0
2025-06-25 14:55:46,598 [WARN] PackLoader:240 - Cannot read IP mode file for STMicroelectronics.FP-SNS-MOTENV1.5.0.0
2025-06-25 14:55:46,601 [WARN] PackLoader:240 - Cannot read IP mode file for wolfSSL.I-CUBE-wolfMQTT.1.19.0
2025-06-25 14:55:46,608 [WARN] PackLoader:240 - Cannot read IP mode file for WES.I-CUBE-Cesium.1.3.0
2025-06-25 14:55:46,611 [WARN] PackLoader:240 - Cannot read IP mode file for STMicroelectronics.X-CUBE-BLE2.3.3.0
2025-06-25 14:55:46,615 [WARN] PackLoader:240 - Cannot read IP mode file for STMicroelectronics.X-CUBE-NFC9.1.0.0
2025-06-25 14:55:46,618 [WARN] PackLoader:240 - Cannot read IP mode file for STMicroelectronics.X-CUBE-BLE1.7.1.0
2025-06-25 14:55:46,620 [WARN] PackLoader:240 - Cannot read IP mode file for STMicroelectronics.X-CUBE-AI.10.1.0
2025-06-25 14:55:46,639 [WARN] PackLoader:240 - Cannot read IP mode file for STMicroelectronics.X-CUBE-MEMS1.11.2.0
2025-06-25 14:55:46,689 [WARN] PackLoader:240 - Cannot read IP mode file for STMicroelectronics.X-CUBE-AZRTOS-G0.1.1.0
2025-06-25 14:55:46,692 [WARN] PackLoader:240 - Cannot read IP mode file for STMicroelectronics.X-CUBE-SAFEA1.1.2.2
2025-06-25 14:55:46,695 [WARN] PackLoader:240 - Cannot read IP mode file for STMicroelectronics.X-CUBE-NFC4.3.0.0
2025-06-25 14:55:46,699 [WARN] PackLoader:240 - Cannot read IP mode file for EmbeddedOffice.I-CUBE-FS-RTOS.1.0.1
2025-06-25 14:55:46,701 [WARN] PackLoader:240 - Cannot read IP mode file for STMicroelectronics.X-CUBE-WB05N.2.0.0
2025-06-25 14:55:46,704 [WARN] PackLoader:240 - Cannot read IP mode file for STMicroelectronics.X-CUBE-TCPP.4.2.0
2025-06-25 14:55:46,707 [WARN] PackLoader:240 - Cannot read IP mode file for RealThread.X-CUBE-RT-Thread_Nano.4.1.1
2025-06-25 14:55:46,710 [WARN] PackLoader:240 - Cannot read IP mode file for STMicroelectronics.FP-ATR-SIGFOX1.3.2.0
2025-06-25 14:55:46,713 [WARN] ConditionMgr:438 - getConditionDescription Invalid condition id : Cortex-A Device cause : null
2025-06-25 14:55:46,723 [WARN] ConditionMgr:1044 - genDependencies : Invalid condition id : Cortex-A Device cause : null
2025-06-25 14:55:46,723 [WARN] ConditionMgr:1044 - genDependencies : Invalid condition id : Cortex-A Device cause : null
2025-06-25 14:55:46,723 [WARN] ConditionMgr:1044 - genDependencies : Invalid condition id : Cortex-A Device cause : null
2025-06-25 14:55:46,726 [WARN] PackLoader:240 - Cannot read IP mode file for STMicroelectronics.X-CUBE-EEPRMA1.5.1.0
2025-06-25 14:55:46,729 [WARN] PackLoader:240 - Cannot read IP mode file for wolfSSL.I-CUBE-wolfSSL.5.7.4
2025-06-25 14:55:46,733 [WARN] PackLoader:240 - Cannot read IP mode file for ITTIA_DB.I-CUBE-ITTIADB.8.9.0
2025-06-25 14:55:46,738 [WARN] PackLoader:240 - Cannot read IP mode file for STMicroelectronics.X-CUBE-ST67W61.1.0.0
2025-06-25 14:55:46,749 [WARN] PackLoader:240 - Cannot read IP mode file for SEGGER.I-CUBE-embOS.1.3.1
2025-06-25 14:55:46,769 [WARN] PackLoader:240 - Cannot read IP mode file for STMicroelectronics.X-CUBE-ALGOBUILD.1.4.0
2025-06-25 14:55:46,784 [WARN] PackLoader:240 - Cannot read IP mode file for STMicroelectronics.X-CUBE-MEMS1.11.3.0
2025-06-25 14:55:46,821 [WARN] PackLoader:240 - Cannot read IP mode file for STMicroelectronics.X-CUBE-AI.9.1.0
2025-06-25 14:55:46,824 [WARN] PackLoader:240 - Cannot read IP mode file for STMicroelectronics.X-CUBE-PM33A1.1.0.0
2025-06-25 14:55:46,829 [WARN] PackLoader:240 - Cannot read IP mode file for STMicroelectronics.X-CUBE-AZRTOS-F4.1.1.0
2025-06-25 14:55:46,833 [WARN] PackLoader:240 - Cannot read IP mode file for Avnet-IotConnect.X-CUBE-IoTC-DA16k-PMOD.1.0.0
2025-06-25 14:55:46,835 [WARN] PackLoader:240 - Cannot read IP mode file for STMicroelectronics.X-CUBE-ISPU.2.1.0
2025-06-25 14:55:46,841 [WARN] PackLoader:240 - Cannot read IP mode file for STMicroelectronics.X-CUBE-AZRTOS-L5.2.0.0
2025-06-25 14:55:46,847 [WARN] PackLoader:240 - Cannot read IP mode file for STMicroelectronics.X-CUBE-NFC6.3.1.0
2025-06-25 14:55:46,854 [WARN] PackLoader:240 - Cannot read IP mode file for STMicroelectronics.X-CUBE-DPower.1.2.0
2025-06-25 14:55:46,859 [WARN] PackLoader:240 - Cannot read IP mode file for STMicroelectronics.X-CUBE-FREERTOS.1.3.1
2025-06-25 14:55:46,863 [WARN] PackLoader:240 - Cannot read IP mode file for STMicroelectronics.X-CUBE-FREERTOS.1.3.0
2025-06-25 14:55:46,876 [WARN] PackLoader:240 - Cannot read IP mode file for STMicroelectronics.X-CUBE-NFC7.1.0.1
2025-06-25 14:55:46,879 [WARN] PackLoader:240 - Cannot read IP mode file for STMicroelectronics.X-CUBE-DPower.1.3.0
2025-06-25 14:55:46,886 [WARN] ConditionMgr:438 - getConditionDescription Invalid condition id : LAN8742 Phy interface Condition cause : null
2025-06-25 14:55:46,886 [WARN] PackLoader:240 - Cannot read IP mode file for STMicroelectronics.X-CUBE-AZRTOS-L4.2.0.0
2025-06-25 14:55:46,887 [WARN] ConditionMgr:1044 - genDependencies : Invalid condition id : LAN8742 Phy interface Condition cause : null
2025-06-25 14:55:46,887 [WARN] ConditionMgr:1044 - genDependencies : Invalid condition id : LAN8742 Phy interface Condition cause : null
2025-06-25 14:55:46,887 [WARN] ConditionMgr:1044 - genDependencies : Invalid condition id : LAN8742 Phy interface Condition cause : null
2025-06-25 14:55:46,890 [WARN] PackLoader:240 - Cannot read IP mode file for STMicroelectronics.X-CUBE-SFXS2LP1.4.0.0
2025-06-25 14:55:46,898 [WARN] PackLoader:240 - Cannot read IP mode file for STMicroelectronics.X-CUBE-AZRTOS-H7.3.3.0
2025-06-25 14:55:46,905 [WARN] PackLoader:240 - Cannot read IP mode file for STMicroelectronics.X-CUBE-IPS.3.0.0
2025-06-25 14:55:46,911 [WARN] ConditionMgr:438 - getConditionDescription Invalid condition id : UX DEVICE CLASS RTOS Condition cause : null
2025-06-25 14:55:46,911 [WARN] ConditionMgr:438 - getConditionDescription Invalid condition id : UX DEVICE CLASS RTOS Condition cause : null
2025-06-25 14:55:46,912 [WARN] PackLoader:240 - Cannot read IP mode file for STMicroelectronics.X-CUBE-AZRTOS-WB.2.0.0
2025-06-25 14:55:46,912 [WARN] ConditionMgr:1044 - genDependencies : Invalid condition id : UX DEVICE CLASS RTOS Condition cause : null
2025-06-25 14:55:46,912 [WARN] ConditionMgr:1044 - genDependencies : Invalid condition id : UX DEVICE CLASS RTOS Condition cause : null
2025-06-25 14:55:46,912 [WARN] ConditionMgr:1044 - genDependencies : Invalid condition id : UX DEVICE CLASS RTOS Condition cause : null
2025-06-25 14:55:46,912 [WARN] ConditionMgr:1044 - genDependencies : Invalid condition id : UX DEVICE CLASS RTOS Condition cause : null
2025-06-25 14:55:46,912 [WARN] ConditionMgr:1044 - genDependencies : Invalid condition id : UX DEVICE CLASS RTOS Condition cause : null
2025-06-25 14:55:46,916 [WARN] PackLoader:240 - Cannot read IP mode file for STMicroelectronics.X-CUBE-GNSS1.7.0.1
2025-06-25 14:55:46,921 [WARN] PackLoader:240 - Cannot read IP mode file for STMicroelectronics.X-CUBE-TOUCHGFX.4.25.0
2025-06-25 14:55:46,924 [WARN] PackLoader:240 - Cannot read IP mode file for STMicroelectronics.FP-SNS-STBOX1.2.0.0
2025-06-25 14:55:46,928 [WARN] PackLoader:240 - Cannot read IP mode file for STMicroelectronics.X-CUBE-SUBG2.5.0.0
2025-06-25 14:55:46,938 [WARN] PackLoader:240 - Cannot read IP mode file for STMicroelectronics.X-CUBE-AZRTOS-H7RS.1.1.0
2025-06-25 14:55:46,944 [WARN] PackLoader:240 - Cannot read IP mode file for Cesanta.I-CUBE-Mongoose.7.13.0
2025-06-25 14:55:46,951 [WARN] PackLoader:240 - Cannot read IP mode file for STMicroelectronics.X-CUBE-AZRTOS-G4.2.0.0
2025-06-25 14:55:46,954 [WARN] PackLoader:240 - Cannot read IP mode file for STMicroelectronics.X-CUBE-NFC7.2.0.0
2025-06-25 14:55:46,958 [WARN] PackLoader:240 - Cannot read IP mode file for STMicroelectronics.X-CUBE-IPS.3.1.0
2025-06-25 14:55:46,963 [WARN] PackLoader:240 - Cannot read IP mode file for STMicroelectronics.X-CUBE-ALS.1.0.2
2025-06-25 14:55:46,965 [WARN] PackLoader:240 - Cannot read IP mode file for STMicroelectronics.X-CUBE-TOUCHGFX.4.24.2
2025-06-25 14:55:46,967 [WARN] PackLoader:240 - Cannot read IP mode file for STMicroelectronics.X-CUBE-TOUCHGFX.4.24.1
2025-06-25 14:55:46,969 [WARN] PackLoader:240 - Cannot read IP mode file for wolfSSL.I-CUBE-wolfTPM.3.4.0
2025-06-25 14:55:46,972 [WARN] PackLoader:240 - Cannot read IP mode file for portGmbH.I-Cube-SoM-uGOAL.1.1.0
2025-06-25 14:55:46,978 [WARN] PackLoader:240 - Cannot read IP mode file for STMicroelectronics.X-CUBE-AZRTOS-H7RS.1.0.0
2025-06-25 14:55:46,984 [WARN] PackLoader:240 - Cannot read IP mode file for STMicroelectronics.X-CUBE-TOF1.3.4.2
2025-06-25 14:55:46,991 [WARN] PackLoader:240 - Cannot read IP mode file for STMicroelectronics.X-CUBE-TOF1.3.4.3
2025-06-25 14:55:47,000 [WARN] PackLoader:240 - Cannot read IP mode file for wolfSSL.I-CUBE-wolfSSH.1.4.17
2025-06-25 14:55:47,000 [INFO] ThirdParty:978 - Integrity check success = true
2025-06-25 14:55:47,000 [INFO] IntegrityCheckThread:100 - exiting critical section [integrity check]
2025-06-25 14:55:47,001 [INFO] IntegrityCheckThread:103 - End integrity checks thread
2025-06-25 22:28:57,839 [INFO] WebApp:403 - JxBrowser engine has been closed 
