2025-06-24 16:39:50,498 [INFO] Activator:176 - 


2025-06-24 16:39:50,501 [INFO] Activator:177 - !SESSION log4j initialized
2025-06-24 16:39:54,722 [INFO] LogOutputStream:77 - [STDOUT_REDIRECT] 
2025-06-24 16:40:00,769 [INFO] ApplicationProperties:184 - Using Application install path: C:\ST\STM32CubeIDE_1.17.0\STM32CubeIDE\plugins\com.st.stm32cube.common.mx_6.14.1.202504091515
2025-06-24 16:40:00,781 [INFO] DbMcusXml:78 - Set database path to: C:\ST\STM32CubeIDE_1.17.0\STM32CubeIDE\plugins\com.st.stm32cube.common.mx_6.14.1.202504091515\\db\/mcu/
2025-06-24 16:40:00,781 [INFO] ApiDb:274 - Set plugin database path to: C:\ST\STM32CubeIDE_1.17.0\STM32CubeIDE\plugins\com.st.stm32cube.common.mx_6.14.1.202504091515\\db\/plugins/boardmanager/
2025-06-24 16:40:00,781 [WARN] ApiDb:259 - Overriding images path with different value:  => C:\ST\STM32CubeIDE_1.17.0\STM32CubeIDE\plugins\com.st.stm32cube.common.mx_6.14.1.202504091515\\db\/plugins/mcufinder/images/
2025-06-24 16:40:00,786 [INFO] ApiDb:250 - Set database path to: C:\Users\stoff\.stmcufinder\plugins\mcufinder//mcu/
2025-06-24 16:40:00,788 [INFO] DbMcusAds:125 - Set database path to: C:\Users\stoff\.stmcufinder\plugins\mcufinder//mcu/
2025-06-24 16:40:00,789 [INFO] CrossReferenceDbSqlite:203 - Set database path to: C:\Users\stoff\.stmcufinder\plugins\mcufinder//mcu/cs/
2025-06-24 16:40:00,872 [INFO] RulesReader:64 - Compatibility file has been processed (302 Rules)
2025-06-24 16:40:00,933 [INFO] DbMcusXml:78 - Set database path to: C:\ST\STM32CubeIDE_1.17.0\STM32CubeIDE\plugins\com.st.stm32cube.common.mx_6.14.1.202504091515\\db\/mcu/
2025-06-24 16:40:00,933 [INFO] ApiDb:274 - Set plugin database path to: C:\ST\STM32CubeIDE_1.17.0\STM32CubeIDE\plugins\com.st.stm32cube.common.mx_6.14.1.202504091515\\db\/plugins/boardmanager/
2025-06-24 16:40:00,933 [INFO] ApiDb:261 - Set plugin images path to: C:\ST\STM32CubeIDE_1.17.0\STM32CubeIDE\plugins\com.st.stm32cube.common.mx_6.14.1.202504091515\\db\/plugins/mcufinder/images/
2025-06-24 16:40:00,933 [WARN] DbFile:41 - Overriding database path with different value: C:\Users\stoff\.stmcufinder\plugins\mcufinder/ => C:\Users\stoff\.stmcufinder\plugins\mcufinder
2025-06-24 16:40:00,933 [INFO] ApiDb:250 - Set database path to: C:\Users\stoff\.stmcufinder\plugins\mcufinder//mcu/
2025-06-24 16:40:00,933 [WARN] DbFile:41 - Overriding database path with different value: C:\Users\stoff\.stmcufinder\plugins\mcufinder/ => C:\Users\stoff\.stmcufinder\plugins\mcufinder
2025-06-24 16:40:00,933 [INFO] DbMcusAds:125 - Set database path to: C:\Users\stoff\.stmcufinder\plugins\mcufinder//mcu/
2025-06-24 16:40:00,933 [WARN] DbFile:41 - Overriding database path with different value: C:\Users\stoff\.stmcufinder\plugins\mcufinder/ => C:\Users\stoff\.stmcufinder\plugins\mcufinder
2025-06-24 16:40:00,933 [WARN] DbFile:41 - Overriding database path with different value: C:\Users\stoff\.stmcufinder\plugins\mcufinder/ => C:\Users\stoff\.stmcufinder\plugins\mcufinder
2025-06-24 16:40:00,933 [INFO] CrossReferenceDbSqlite:203 - Set database path to: C:\Users\stoff\.stmcufinder\plugins\mcufinder//mcu/cs/
2025-06-24 16:40:00,991 [INFO] MainPanel:272 - HeapMemory: 268435456
2025-06-24 16:40:01,066 [INFO] DbMcusXml:78 - Set database path to: C:\ST\STM32CubeIDE_1.17.0\STM32CubeIDE\plugins\com.st.stm32cube.common.mx_6.14.1.202504091515\\db\/mcu/
2025-06-24 16:40:01,066 [INFO] ApiDb:274 - Set plugin database path to: C:\ST\STM32CubeIDE_1.17.0\STM32CubeIDE\plugins\com.st.stm32cube.common.mx_6.14.1.202504091515\\db\/plugins/boardmanager/
2025-06-24 16:40:01,066 [INFO] ApiDb:261 - Set plugin images path to: C:\ST\STM32CubeIDE_1.17.0\STM32CubeIDE\plugins\com.st.stm32cube.common.mx_6.14.1.202504091515\\db\/plugins/mcufinder/images/
2025-06-24 16:40:01,066 [WARN] DbFile:41 - Overriding database path with different value: C:\Users\stoff\.stmcufinder\plugins\mcufinder/ => C:\Users\stoff\.stmcufinder\plugins\mcufinder
2025-06-24 16:40:01,067 [INFO] ApiDb:250 - Set database path to: C:\Users\stoff\.stmcufinder\plugins\mcufinder//mcu/
2025-06-24 16:40:01,067 [WARN] DbFile:41 - Overriding database path with different value: C:\Users\stoff\.stmcufinder\plugins\mcufinder/ => C:\Users\stoff\.stmcufinder\plugins\mcufinder
2025-06-24 16:40:01,067 [INFO] DbMcusAds:125 - Set database path to: C:\Users\stoff\.stmcufinder\plugins\mcufinder//mcu/
2025-06-24 16:40:01,067 [WARN] DbFile:41 - Overriding database path with different value: C:\Users\stoff\.stmcufinder\plugins\mcufinder/ => C:\Users\stoff\.stmcufinder\plugins\mcufinder
2025-06-24 16:40:01,067 [WARN] DbFile:41 - Overriding database path with different value: C:\Users\stoff\.stmcufinder\plugins\mcufinder/ => C:\Users\stoff\.stmcufinder\plugins\mcufinder
2025-06-24 16:40:01,067 [INFO] CrossReferenceDbSqlite:203 - Set database path to: C:\Users\stoff\.stmcufinder\plugins\mcufinder//mcu/cs/
2025-06-24 16:40:01,079 [INFO] ApplicationProperties:184 - Using Application install path: C:\ST\STM32CubeIDE_1.17.0\STM32CubeIDE\plugins\com.st.stm32cube.common.mx_6.14.1.202504091515
2025-06-24 16:40:01,080 [INFO] PluginManage:196 - Search for loadable plugins [exclusion list=, ]
2025-06-24 16:40:01,081 [INFO] PluginManage:310 - Check plugin analytics
2025-06-24 16:40:06,168 [INFO] AnalyticsPlugin:253 - Accepted Software Licenses: 
2025-06-24 16:40:06,168 [INFO] AnalyticsPlugin:255 - Accepted CMSIS Pack Licenses: 
2025-06-24 16:40:06,168 [INFO] AnalyticsPlugin:257 - Accepted Firmware Licenses: 
2025-06-24 16:40:06,169 [INFO] PluginManage:359 - Loaded plugin analytics (category:tool,tabindex:-1)
2025-06-24 16:40:06,169 [INFO] PluginManage:310 - Check plugin cadmodel
2025-06-24 16:40:06,174 [INFO] CADModel:105 - Init CAD model plugin
2025-06-24 16:40:06,174 [INFO] PluginManage:359 - Loaded plugin cadmodel (category:power,tabindex:5)
2025-06-24 16:40:06,174 [INFO] PluginManage:310 - Check plugin clock
2025-06-24 16:40:06,181 [INFO] PluginManage:359 - Loaded plugin clock (category:base,tabindex:2)
2025-06-24 16:40:06,181 [INFO] PluginManage:310 - Check plugin ddr
2025-06-24 16:40:06,183 [INFO] PluginManage:359 - Loaded plugin ddr (category:tool,tabindex:6)
2025-06-24 16:40:06,183 [INFO] PluginManage:310 - Check plugin filemanager
2025-06-24 16:40:06,276 [INFO] PluginManage:359 - Loaded plugin filemanager (category:base,tabindex:10)
2025-06-24 16:40:06,276 [INFO] PluginManage:310 - Check plugin ipmanager
2025-06-24 16:40:06,281 [INFO] PluginManage:359 - Loaded plugin ipmanager (category:base,tabindex:5)
2025-06-24 16:40:06,281 [INFO] PluginManage:310 - Check plugin lpbam
2025-06-24 16:40:06,287 [INFO] PluginManage:359 - Loaded plugin lpbam (category:base,tabindex:0)
2025-06-24 16:40:06,287 [INFO] PluginManage:310 - Check plugin memorymap
2025-06-24 16:40:06,295 [INFO] PluginManage:359 - Loaded plugin memorymap (category:base,tabindex:4)
2025-06-24 16:40:06,295 [INFO] PluginManage:310 - Check plugin pinoutandconfiguration
2025-06-24 16:40:06,303 [INFO] PluginManage:359 - Loaded plugin pinoutandconfiguration (category:base,tabindex:1)
2025-06-24 16:40:06,303 [INFO] PluginManage:310 - Check plugin pinoutconfig
2025-06-24 16:40:06,362 [WARN] SupportedApi:132 - Cannot load RTOS API schema: s4s-elt-must-match.1: The content of 'definitions' must match (annotation?, (simpleType | complexType)?, (unique | key | keyref)*)). A problem was found starting at: attribute.
2025-06-24 16:40:06,454 [INFO] PluginManage:359 - Loaded plugin pinoutconfig (category:base,tabindex:0)
2025-06-24 16:40:06,454 [INFO] PluginManage:310 - Check plugin power
2025-06-24 16:40:06,463 [INFO] PluginManage:359 - Loaded plugin power (category:power,tabindex:4)
2025-06-24 16:40:06,463 [INFO] PluginManage:310 - Check plugin projectmanager
2025-06-24 16:40:06,473 [INFO] PluginManage:359 - Loaded plugin projectmanager (category:projectmanager,tabindex:4)
2025-06-24 16:40:06,473 [INFO] PluginManage:310 - Check plugin rif
2025-06-24 16:40:06,481 [INFO] PluginManage:359 - Loaded plugin rif (category:base,tabindex:3)
2025-06-24 16:40:06,481 [INFO] PluginManage:310 - Check plugin thirdparty
2025-06-24 16:40:06,568 [INFO] PluginManage:359 - Loaded plugin thirdparty (category:base,tabindex:-1)
2025-06-24 16:40:06,568 [WARN] IntegrityCheckThread:84 - waiting for thirdparty lock release [integrity check]
2025-06-24 16:40:06,568 [INFO] PluginManage:310 - Check plugin tools
2025-06-24 16:40:06,568 [INFO] IntegrityCheckThread:86 - entering critical section [integrity check]
2025-06-24 16:40:06,568 [INFO] ThirdPartyUpdaterWithRetryManager:70 - Updater plugin not ready yet. [1/15]
2025-06-24 16:40:06,569 [INFO] PluginManage:359 - Loaded plugin tools (category:base,tabindex:7)
2025-06-24 16:40:06,570 [INFO] PluginManage:310 - Check plugin tutovideos
2025-06-24 16:40:06,688 [INFO] PluginManage:359 - Loaded plugin tutovideos (category:base,tabindex:-1)
2025-06-24 16:40:06,688 [INFO] PluginManage:310 - Check plugin updater
2025-06-24 16:40:06,703 [INFO] PluginManage:359 - Loaded plugin updater (category:base,tabindex:12)
2025-06-24 16:40:06,703 [INFO] PluginManage:310 - Check plugin userauth
2025-06-24 16:40:06,706 [INFO] UserAuth:118 - Init User Auth plugin
2025-06-24 16:40:06,706 [INFO] PluginManage:359 - Loaded plugin userauth (category:base,tabindex:14)
2025-06-24 16:40:06,706 [INFO] PluginManage:283 - PluginManage : Loaded plugins [18]
2025-06-24 16:40:06,840 [INFO] PinOutPanel:1589 - setPackage(No Configuration,No Configuration)
2025-06-24 16:40:06,907 [INFO] CADModel:165 - CPN selected for project level
2025-06-24 16:40:06,907 [INFO] CADModel:114 - Register for checkConnection events
2025-06-24 16:40:06,921 [INFO] IPUIPlugin:80 - create IPUIPlugin
2025-06-24 16:40:06,921 [INFO] PluginManager:220 - loadIPPluginJar : add adc
2025-06-24 16:40:06,923 [INFO] IPUIPlugin:80 - create IPUIPlugin
2025-06-24 16:40:06,923 [INFO] PluginManager:220 - loadIPPluginJar : add aes
2025-06-24 16:40:06,925 [INFO] IPUIPlugin:80 - create IPUIPlugin
2025-06-24 16:40:06,925 [INFO] PluginManager:220 - loadIPPluginJar : add can
2025-06-24 16:40:06,926 [INFO] IPUIPlugin:80 - create IPUIPlugin
2025-06-24 16:40:06,926 [INFO] PluginManager:220 - loadIPPluginJar : add comp
2025-06-24 16:40:06,928 [INFO] IPUIPlugin:80 - create IPUIPlugin
2025-06-24 16:40:06,928 [INFO] PluginManager:220 - loadIPPluginJar : add cryp
2025-06-24 16:40:06,931 [INFO] IPUIPlugin:80 - create IPUIPlugin
2025-06-24 16:40:06,931 [INFO] PluginManager:220 - loadIPPluginJar : add ddr_ctrl_phy
2025-06-24 16:40:06,932 [INFO] IPUIPlugin:80 - create IPUIPlugin
2025-06-24 16:40:06,932 [INFO] PluginManager:220 - loadIPPluginJar : add dfsdm
2025-06-24 16:40:06,936 [INFO] IPUIPlugin:80 - create IPUIPlugin
2025-06-24 16:40:06,936 [INFO] PluginManager:220 - loadIPPluginJar : add dma
2025-06-24 16:40:06,938 [INFO] IPUIPlugin:80 - create IPUIPlugin
2025-06-24 16:40:06,938 [INFO] PluginManager:220 - loadIPPluginJar : add dma3
2025-06-24 16:40:06,940 [INFO] IPUIPlugin:80 - create IPUIPlugin
2025-06-24 16:40:06,940 [INFO] PluginManager:220 - loadIPPluginJar : add extmemmanager
2025-06-24 16:40:06,941 [INFO] IPUIPlugin:80 - create IPUIPlugin
2025-06-24 16:40:06,941 [INFO] PluginManager:220 - loadIPPluginJar : add fatfs
2025-06-24 16:40:06,944 [INFO] IPUIPlugin:80 - create IPUIPlugin
2025-06-24 16:40:06,944 [INFO] PluginManager:220 - loadIPPluginJar : add fmc
2025-06-24 16:40:06,948 [INFO] IPUIPlugin:80 - create IPUIPlugin
2025-06-24 16:40:06,948 [INFO] PluginManager:220 - loadIPPluginJar : add freertos
2025-06-24 16:40:06,949 [INFO] IPUIPlugin:80 - create IPUIPlugin
2025-06-24 16:40:06,950 [INFO] PluginManager:220 - loadIPPluginJar : add genericplugin
2025-06-24 16:40:06,951 [INFO] IPUIPlugin:80 - create IPUIPlugin
2025-06-24 16:40:06,951 [INFO] PluginManager:220 - loadIPPluginJar : add gfxmmu
2025-06-24 16:40:06,954 [INFO] IPUIPlugin:80 - create IPUIPlugin
2025-06-24 16:40:06,954 [INFO] PluginManager:220 - loadIPPluginJar : add gic
2025-06-24 16:40:06,957 [INFO] IPUIPlugin:80 - create IPUIPlugin
2025-06-24 16:40:06,957 [INFO] PluginManager:220 - loadIPPluginJar : add gpio
2025-06-24 16:40:06,959 [INFO] IPUIPlugin:80 - create IPUIPlugin
2025-06-24 16:40:06,959 [INFO] PluginManager:220 - loadIPPluginJar : add gtzc
2025-06-24 16:40:06,970 [INFO] IPUIPlugin:80 - create IPUIPlugin
2025-06-24 16:40:06,970 [INFO] PluginManager:220 - loadIPPluginJar : add hash
2025-06-24 16:40:06,973 [INFO] IPUIPlugin:80 - create IPUIPlugin
2025-06-24 16:40:06,973 [INFO] PluginManager:220 - loadIPPluginJar : add i2c
2025-06-24 16:40:06,975 [INFO] IPUIPlugin:80 - create IPUIPlugin
2025-06-24 16:40:06,975 [INFO] PluginManager:220 - loadIPPluginJar : add i2s
2025-06-24 16:40:06,978 [INFO] IPUIPlugin:80 - create IPUIPlugin
2025-06-24 16:40:06,978 [INFO] PluginManager:220 - loadIPPluginJar : add i3c
2025-06-24 16:40:06,981 [INFO] IPUIPlugin:80 - create IPUIPlugin
2025-06-24 16:40:06,981 [INFO] PluginManager:220 - loadIPPluginJar : add ipddr
2025-06-24 16:40:06,986 [INFO] IPUIPlugin:80 - create IPUIPlugin
2025-06-24 16:40:06,986 [INFO] PluginManager:220 - loadIPPluginJar : add linkedlist
2025-06-24 16:40:06,989 [INFO] IPUIPlugin:80 - create IPUIPlugin
2025-06-24 16:40:06,989 [INFO] PluginManager:220 - loadIPPluginJar : add lorawan
2025-06-24 16:40:06,990 [INFO] IPUIPlugin:80 - create IPUIPlugin
2025-06-24 16:40:06,990 [INFO] PluginManager:220 - loadIPPluginJar : add ltdc
2025-06-24 16:40:06,993 [INFO] IPUIPlugin:80 - create IPUIPlugin
2025-06-24 16:40:06,993 [INFO] PluginManager:220 - loadIPPluginJar : add mdma
2025-06-24 16:40:06,995 [INFO] IPUIPlugin:80 - create IPUIPlugin
2025-06-24 16:40:06,996 [INFO] PluginManager:220 - loadIPPluginJar : add nvic
2025-06-24 16:40:06,997 [INFO] IPUIPlugin:80 - create IPUIPlugin
2025-06-24 16:40:06,997 [INFO] PluginManager:220 - loadIPPluginJar : add opamp
2025-06-24 16:40:06,999 [INFO] IPUIPlugin:80 - create IPUIPlugin
2025-06-24 16:40:06,999 [INFO] PluginManager:220 - loadIPPluginJar : add openamp
2025-06-24 16:40:07,001 [INFO] IPUIPlugin:80 - create IPUIPlugin
2025-06-24 16:40:07,001 [INFO] PluginManager:220 - loadIPPluginJar : add pdm2pcm
2025-06-24 16:40:07,005 [INFO] IPUIPlugin:80 - create IPUIPlugin
2025-06-24 16:40:07,006 [INFO] PluginManager:220 - loadIPPluginJar : add plateformsettings
2025-06-24 16:40:07,007 [INFO] IPUIPlugin:80 - create IPUIPlugin
2025-06-24 16:40:07,007 [INFO] PluginManager:220 - loadIPPluginJar : add quadspi
2025-06-24 16:40:07,009 [INFO] IPUIPlugin:80 - create IPUIPlugin
2025-06-24 16:40:07,009 [INFO] PluginManager:220 - loadIPPluginJar : add radio
2025-06-24 16:40:07,013 [INFO] IPUIPlugin:80 - create IPUIPlugin
2025-06-24 16:40:07,013 [INFO] PluginManager:220 - loadIPPluginJar : add resmgrutility
2025-06-24 16:40:07,015 [INFO] IPUIPlugin:80 - create IPUIPlugin
2025-06-24 16:40:07,015 [INFO] PluginManager:220 - loadIPPluginJar : add sai
2025-06-24 16:40:07,017 [INFO] IPUIPlugin:80 - create IPUIPlugin
2025-06-24 16:40:07,017 [INFO] PluginManager:220 - loadIPPluginJar : add spi
2025-06-24 16:40:07,021 [INFO] IPUIPlugin:80 - create IPUIPlugin
2025-06-24 16:40:07,021 [INFO] PluginManager:220 - loadIPPluginJar : add stm32_wpan
2025-06-24 16:40:07,022 [INFO] IPUIPlugin:80 - create IPUIPlugin
2025-06-24 16:40:07,022 [INFO] PluginManager:220 - loadIPPluginJar : add tim
2025-06-24 16:40:07,024 [INFO] IPUIPlugin:80 - create IPUIPlugin
2025-06-24 16:40:07,024 [INFO] PluginManager:220 - loadIPPluginJar : add touchsensing
2025-06-24 16:40:07,025 [INFO] IPUIPlugin:80 - create IPUIPlugin
2025-06-24 16:40:07,025 [INFO] PluginManager:220 - loadIPPluginJar : add tracer_emb
2025-06-24 16:40:07,027 [INFO] IPUIPlugin:80 - create IPUIPlugin
2025-06-24 16:40:07,027 [INFO] PluginManager:220 - loadIPPluginJar : add ts
2025-06-24 16:40:07,028 [INFO] IPUIPlugin:80 - create IPUIPlugin
2025-06-24 16:40:07,028 [INFO] PluginManager:220 - loadIPPluginJar : add tsc
2025-06-24 16:40:07,029 [INFO] IPUIPlugin:80 - create IPUIPlugin
2025-06-24 16:40:07,029 [INFO] PluginManager:220 - loadIPPluginJar : add ucpd
2025-06-24 16:40:07,031 [INFO] IPUIPlugin:80 - create IPUIPlugin
2025-06-24 16:40:07,031 [INFO] PluginManager:220 - loadIPPluginJar : add usart
2025-06-24 16:40:07,033 [INFO] IPUIPlugin:80 - create IPUIPlugin
2025-06-24 16:40:07,033 [INFO] PluginManager:220 - loadIPPluginJar : add usbx
2025-06-24 16:40:07,133 [FATAL] Updater:351 - Updater called before beeing initialized
2025-06-24 16:40:07,151 [INFO] RulesReader:64 - Compatibility file has been processed (302 Rules)
2025-06-24 16:40:07,156 [INFO] RulesReader:64 - Compatibility file has been processed (302 Rules)
2025-06-24 16:40:07,163 [INFO] CADModel:165 - CPN selected for project level
2025-06-24 16:40:07,163 [INFO] CADModel:114 - Register for checkConnection events
2025-06-24 16:40:07,163 [FATAL] Updater:351 - Updater called before beeing initialized
2025-06-24 16:40:07,163 [ERROR] CADModel:125 - Updater not yet initialized, retry later 
2025-06-24 16:40:07,288 [FATAL] Updater:351 - Updater called before beeing initialized
2025-06-24 16:40:07,290 [INFO] CADModel:165 - CPN selected for project level
2025-06-24 16:40:07,290 [INFO] CADModel:114 - Register for checkConnection events
2025-06-24 16:40:07,290 [FATAL] Updater:351 - Updater called before beeing initialized
2025-06-24 16:40:07,290 [ERROR] CADModel:125 - Updater not yet initialized, retry later 
2025-06-24 16:40:07,294 [FATAL] Updater:351 - Updater called before beeing initialized
2025-06-24 16:40:07,358 [FATAL] Updater:351 - Updater called before beeing initialized
2025-06-24 16:40:07,361 [INFO] DbMcusAds:53 - JSON generation date=Thu Mar 06 15:54:22 CET 2025 (1741272862204)
2025-06-24 16:40:07,361 [FATAL] Updater:351 - Updater called before beeing initialized
2025-06-24 16:40:07,386 [WARN] DetailPanel:346 - Failed to get advertising image, set to default
2025-06-24 16:40:07,519 [FATAL] Updater:351 - Updater called before beeing initialized
2025-06-24 16:40:07,521 [FATAL] Updater:351 - Updater called before beeing initialized
2025-06-24 16:40:07,521 [FATAL] Updater:351 - Updater called before beeing initialized
2025-06-24 16:40:07,521 [WARN] DetailPanel:346 - Failed to get advertising image, set to default
2025-06-24 16:40:07,522 [FATAL] Updater:351 - Updater called before beeing initialized
2025-06-24 16:40:07,548 [ERROR] Updater:1198 - MainUpdater not yet initialized. External WinMGr cannot be set.
2025-06-24 16:40:07,550 [INFO] Updater:1134 - Updater Version found : 6.14.1
2025-06-24 16:40:07,565 [INFO] ApplicationProperties:184 - Using Application install path: C:\ST\STM32CubeIDE_1.17.0\STM32CubeIDE\plugins\com.st.stm32cube.common.mx_6.14.1.202504091515
2025-06-24 16:40:09,131 [ERROR] LogOutputStream:75 - [STDERR_REDIRECT] Jun 24, 2025 4:40:09 PM java.util.prefs.WindowsPreferences <init>
2025-06-24 16:40:09,131 [ERROR] LogOutputStream:75 - [STDERR_REDIRECT] WARNING: Could not open/create prefs root node Software\JavaSoft\Prefs at root 0xffffffff80000002. Windows RegCreateKeyEx(...) returned error code 5.
2025-06-24 16:40:09,132 [ERROR] LogOutputStream:75 - [STDERR_REDIRECT] 
2025-06-24 16:40:09,491 [INFO] MainUpdater:2872 - connection check result : 10
2025-06-24 16:40:09,493 [INFO] MainUpdater:289 - Updater Check For Update Now.
2025-06-24 16:40:09,493 [INFO] MicroXplorer:498 - Change Database Version : DB.6.0.141
2025-06-24 16:40:09,496 [INFO] McuFinderGlobals:63 - Set McuFinder mode to 2 (CubeIDE integrated)
2025-06-24 16:40:09,497 [INFO] UserAuth:484 - Internet connection configuration mode: 1
2025-06-24 16:40:09,524 [INFO] JxBrowserEngine:152 - Initiate JxBrowser Engine with user profile folder
2025-06-24 16:40:09,570 [WARN] MainUpdater:1193 - Updater busy. Cannot search thirdparties
2025-06-24 16:40:09,570 [INFO] ThirdPartyUpdaterWithRetryManager:96 - Updater plugin is busy. [1/15]
2025-06-24 16:40:09,653 [INFO] CheckServerUpdateThread:120 - End of CheckServer Thread
2025-06-24 16:40:10,197 [INFO] WebApp:169 - Instantiating new browser for Auth
2025-06-24 16:40:10,646 [INFO] WebApp:463 - Apply proxy settings
2025-06-24 16:40:10,646 [INFO] WebApp:548 - Chromium requires no authentication
2025-06-24 16:40:10,652 [INFO] WebApp:491 - Direct internet connection detected
2025-06-24 16:40:10,671 [INFO] WebApp:894 - Register for checkConnection events
2025-06-24 16:40:10,671 [INFO] WebApp:463 - Apply proxy settings
2025-06-24 16:40:10,671 [INFO] WebApp:548 - Chromium requires no authentication
2025-06-24 16:40:10,671 [INFO] WebApp:491 - Direct internet connection detected
2025-06-24 16:40:10,783 [INFO] WebApp:225 - Starting web application
2025-06-24 16:40:10,783 [INFO] WebApp:593 - Web application path used C:\ST\STM32CubeIDE_1.17.0\STM32CubeIDE\plugins\com.st.stm32cube.common.mx_6.14.1.202504091515\db\plugins\mcufinder\reactClient1\index.html
2025-06-24 16:40:10,832 [INFO] UserAuth:484 - Internet connection configuration mode: 1
2025-06-24 16:40:10,869 [INFO] WebApp:191 - Connection restablished
2025-06-24 16:40:12,740 [WARN] PackLoader:240 - Cannot read IP mode file for STMicroelectronics.FP-SNS-MOTENVWB1.1.4.0
2025-06-24 16:40:12,746 [WARN] PackLoader:240 - Cannot read IP mode file for STMicroelectronics.FP-ATR-ASTRA1.2.0.2
2025-06-24 16:40:12,748 [WARN] PackLoader:240 - Cannot read IP mode file for STMicroelectronics.FP-ATR-ASTRA1.2.0.1
2025-06-24 16:40:12,753 [WARN] PackLoader:240 - Cannot read IP mode file for STMicroelectronics.X-CUBE-SMBUS.2.1.0
2025-06-24 16:40:12,756 [WARN] PackLoader:240 - Cannot read IP mode file for STMicroelectronics.X-CUBE-WB05N.1.1.0
2025-06-24 16:40:12,762 [WARN] PackLoader:240 - Cannot read IP mode file for STMicroelectronics.X-CUBE-ST60.1.0.0
2025-06-24 16:40:12,776 [WARN] PackLoader:240 - Cannot read IP mode file for STMicroelectronics.X-CUBE-AZRTOS-F7.1.1.0
2025-06-24 16:40:12,781 [WARN] PackLoader:240 - Cannot read IP mode file for STMicroelectronics.FP-SNS-FLIGHT1.5.0.2
2025-06-24 16:40:12,792 [WARN] PackLoader:240 - Cannot read IP mode file for Infineon.AIROC-Wi-Fi-Bluetooth-STM32.1.7.0
2025-06-24 16:40:12,799 [WARN] PackLoader:240 - Cannot read IP mode file for STMicroelectronics.X-CUBE-DISPLAY.3.0.0
2025-06-24 16:40:12,803 [WARN] PackLoader:240 - Cannot read IP mode file for STMicroelectronics.X-CUBE-BLE1.7.0.0
2025-06-24 16:40:12,806 [WARN] PackLoader:240 - Cannot read IP mode file for STMicroelectronics.X-CUBE-NFC10.1.0.0
2025-06-24 16:40:12,816 [WARN] PackLoader:240 - Cannot read IP mode file for STMicroelectronics.X-CUBE-BLEMGR.4.0.0
2025-06-24 16:40:12,821 [WARN] PackLoader:240 - Cannot read IP mode file for emotas.I-CUBE-CANOPEN.1.3.0
2025-06-24 16:40:12,829 [WARN] PackLoader:240 - Cannot read IP mode file for STMicroelectronics.X-CUBE-AI.10.0.0
2025-06-24 16:40:12,831 [WARN] PackLoader:240 - Cannot read IP mode file for STMicroelectronics.FP-SNS-SMARTAG2.1.2.0
2025-06-24 16:40:12,833 [WARN] PackLoader:240 - Cannot read IP mode file for STMicroelectronics.FP-SNS-FLIGHT1.5.1.0
2025-06-24 16:40:12,850 [WARN] PackLoader:240 - Cannot read IP mode file for STMicroelectronics.X-CUBE-MEMS1.11.1.0
2025-06-24 16:40:12,916 [INFO] LogOutputStream:77 - [STDOUT_REDIRECT] 1 : Invalid condition id : UX_CORESTACK_Condition cause : null
2025-06-24 16:40:12,917 [INFO] LogOutputStream:77 - [STDOUT_REDIRECT] 1 : Invalid condition id : UX_CORESTACK_Condition cause : null
2025-06-24 16:40:12,918 [INFO] LogOutputStream:77 - [STDOUT_REDIRECT] 1 : Invalid condition id : UX_CORESTACK_Condition cause : null
2025-06-24 16:40:12,919 [INFO] LogOutputStream:77 - [STDOUT_REDIRECT] 1 : Invalid condition id : UX_CORESTACK_Condition cause : null
2025-06-24 16:40:12,920 [INFO] LogOutputStream:77 - [STDOUT_REDIRECT] 1 : Invalid condition id : UX_CORESTACK_Condition cause : null
2025-06-24 16:40:12,936 [WARN] PackLoader:240 - Cannot read IP mode file for STMicroelectronics.X-CUBE-AZRTOS-WL.2.0.0
2025-06-24 16:40:12,941 [WARN] PackLoader:240 - Cannot read IP mode file for STMicroelectronics.FP-SNS-MOTENV1.5.0.0
2025-06-24 16:40:12,946 [WARN] PackLoader:240 - Cannot read IP mode file for wolfSSL.I-CUBE-wolfMQTT.1.19.0
2025-06-24 16:40:12,953 [WARN] PackLoader:240 - Cannot read IP mode file for WES.I-CUBE-Cesium.1.3.0
2025-06-24 16:40:12,955 [WARN] PackLoader:240 - Cannot read IP mode file for STMicroelectronics.X-CUBE-BLE2.3.3.0
2025-06-24 16:40:12,959 [WARN] PackLoader:240 - Cannot read IP mode file for STMicroelectronics.X-CUBE-NFC9.1.0.0
2025-06-24 16:40:12,962 [WARN] PackLoader:240 - Cannot read IP mode file for STMicroelectronics.X-CUBE-BLE1.7.1.0
2025-06-24 16:40:12,965 [WARN] PackLoader:240 - Cannot read IP mode file for STMicroelectronics.X-CUBE-AI.10.1.0
2025-06-24 16:40:12,982 [WARN] PackLoader:240 - Cannot read IP mode file for STMicroelectronics.X-CUBE-MEMS1.11.2.0
2025-06-24 16:40:13,032 [WARN] PackLoader:240 - Cannot read IP mode file for STMicroelectronics.X-CUBE-AZRTOS-G0.1.1.0
2025-06-24 16:40:13,036 [WARN] PackLoader:240 - Cannot read IP mode file for STMicroelectronics.X-CUBE-SAFEA1.1.2.2
2025-06-24 16:40:13,038 [WARN] PackLoader:240 - Cannot read IP mode file for STMicroelectronics.X-CUBE-NFC4.3.0.0
2025-06-24 16:40:13,043 [WARN] PackLoader:240 - Cannot read IP mode file for EmbeddedOffice.I-CUBE-FS-RTOS.1.0.1
2025-06-24 16:40:13,047 [WARN] PackLoader:240 - Cannot read IP mode file for STMicroelectronics.X-CUBE-WB05N.2.0.0
2025-06-24 16:40:13,050 [WARN] PackLoader:240 - Cannot read IP mode file for STMicroelectronics.X-CUBE-TCPP.4.2.0
2025-06-24 16:40:13,053 [WARN] PackLoader:240 - Cannot read IP mode file for RealThread.X-CUBE-RT-Thread_Nano.4.1.1
2025-06-24 16:40:13,055 [WARN] PackLoader:240 - Cannot read IP mode file for STMicroelectronics.FP-ATR-SIGFOX1.3.2.0
2025-06-24 16:40:13,058 [WARN] ConditionMgr:438 - getConditionDescription Invalid condition id : Cortex-A Device cause : null
2025-06-24 16:40:13,068 [WARN] ConditionMgr:1044 - genDependencies : Invalid condition id : Cortex-A Device cause : null
2025-06-24 16:40:13,068 [WARN] ConditionMgr:1044 - genDependencies : Invalid condition id : Cortex-A Device cause : null
2025-06-24 16:40:13,068 [WARN] ConditionMgr:1044 - genDependencies : Invalid condition id : Cortex-A Device cause : null
2025-06-24 16:40:13,072 [WARN] PackLoader:240 - Cannot read IP mode file for STMicroelectronics.X-CUBE-EEPRMA1.5.1.0
2025-06-24 16:40:13,075 [WARN] PackLoader:240 - Cannot read IP mode file for wolfSSL.I-CUBE-wolfSSL.5.7.4
2025-06-24 16:40:13,079 [WARN] PackLoader:240 - Cannot read IP mode file for ITTIA_DB.I-CUBE-ITTIADB.8.9.0
2025-06-24 16:40:13,084 [WARN] PackLoader:240 - Cannot read IP mode file for STMicroelectronics.X-CUBE-ST67W61.1.0.0
2025-06-24 16:40:13,098 [WARN] PackLoader:240 - Cannot read IP mode file for SEGGER.I-CUBE-embOS.1.3.1
2025-06-24 16:40:13,111 [WARN] PackLoader:240 - Cannot read IP mode file for STMicroelectronics.X-CUBE-ALGOBUILD.1.4.0
2025-06-24 16:40:13,126 [WARN] PackLoader:240 - Cannot read IP mode file for STMicroelectronics.X-CUBE-MEMS1.11.3.0
2025-06-24 16:40:13,165 [WARN] PackLoader:240 - Cannot read IP mode file for STMicroelectronics.X-CUBE-AI.9.1.0
2025-06-24 16:40:13,167 [WARN] PackLoader:240 - Cannot read IP mode file for STMicroelectronics.X-CUBE-PM33A1.1.0.0
2025-06-24 16:40:13,184 [WARN] PackLoader:240 - Cannot read IP mode file for STMicroelectronics.X-CUBE-AZRTOS-F4.1.1.0
2025-06-24 16:40:13,189 [WARN] PackLoader:240 - Cannot read IP mode file for Avnet-IotConnect.X-CUBE-IoTC-DA16k-PMOD.1.0.0
2025-06-24 16:40:13,192 [WARN] PackLoader:240 - Cannot read IP mode file for STMicroelectronics.X-CUBE-ISPU.2.1.0
2025-06-24 16:40:13,199 [WARN] PackLoader:240 - Cannot read IP mode file for STMicroelectronics.X-CUBE-AZRTOS-L5.2.0.0
2025-06-24 16:40:13,203 [WARN] PackLoader:240 - Cannot read IP mode file for STMicroelectronics.X-CUBE-NFC6.3.1.0
2025-06-24 16:40:13,206 [WARN] PackLoader:240 - Cannot read IP mode file for STMicroelectronics.X-CUBE-DPower.1.2.0
2025-06-24 16:40:13,209 [WARN] PackLoader:240 - Cannot read IP mode file for STMicroelectronics.X-CUBE-FREERTOS.1.3.1
2025-06-24 16:40:13,213 [WARN] PackLoader:240 - Cannot read IP mode file for STMicroelectronics.X-CUBE-FREERTOS.1.3.0
2025-06-24 16:40:13,216 [WARN] PackLoader:240 - Cannot read IP mode file for STMicroelectronics.X-CUBE-NFC7.1.0.1
2025-06-24 16:40:13,218 [WARN] PackLoader:240 - Cannot read IP mode file for STMicroelectronics.X-CUBE-DPower.1.3.0
2025-06-24 16:40:13,225 [WARN] ConditionMgr:438 - getConditionDescription Invalid condition id : LAN8742 Phy interface Condition cause : null
2025-06-24 16:40:13,226 [WARN] PackLoader:240 - Cannot read IP mode file for STMicroelectronics.X-CUBE-AZRTOS-L4.2.0.0
2025-06-24 16:40:13,227 [WARN] ConditionMgr:1044 - genDependencies : Invalid condition id : LAN8742 Phy interface Condition cause : null
2025-06-24 16:40:13,227 [WARN] ConditionMgr:1044 - genDependencies : Invalid condition id : LAN8742 Phy interface Condition cause : null
2025-06-24 16:40:13,227 [WARN] ConditionMgr:1044 - genDependencies : Invalid condition id : LAN8742 Phy interface Condition cause : null
2025-06-24 16:40:13,232 [WARN] PackLoader:240 - Cannot read IP mode file for STMicroelectronics.X-CUBE-SFXS2LP1.4.0.0
2025-06-24 16:40:13,240 [WARN] PackLoader:240 - Cannot read IP mode file for STMicroelectronics.X-CUBE-AZRTOS-H7.3.3.0
2025-06-24 16:40:13,245 [WARN] PackLoader:240 - Cannot read IP mode file for STMicroelectronics.X-CUBE-IPS.3.0.0
2025-06-24 16:40:13,251 [WARN] ConditionMgr:438 - getConditionDescription Invalid condition id : UX DEVICE CLASS RTOS Condition cause : null
2025-06-24 16:40:13,251 [WARN] ConditionMgr:438 - getConditionDescription Invalid condition id : UX DEVICE CLASS RTOS Condition cause : null
2025-06-24 16:40:13,252 [WARN] PackLoader:240 - Cannot read IP mode file for STMicroelectronics.X-CUBE-AZRTOS-WB.2.0.0
2025-06-24 16:40:13,252 [WARN] ConditionMgr:1044 - genDependencies : Invalid condition id : UX DEVICE CLASS RTOS Condition cause : null
2025-06-24 16:40:13,252 [WARN] ConditionMgr:1044 - genDependencies : Invalid condition id : UX DEVICE CLASS RTOS Condition cause : null
2025-06-24 16:40:13,252 [WARN] ConditionMgr:1044 - genDependencies : Invalid condition id : UX DEVICE CLASS RTOS Condition cause : null
2025-06-24 16:40:13,252 [WARN] ConditionMgr:1044 - genDependencies : Invalid condition id : UX DEVICE CLASS RTOS Condition cause : null
2025-06-24 16:40:13,252 [WARN] ConditionMgr:1044 - genDependencies : Invalid condition id : UX DEVICE CLASS RTOS Condition cause : null
2025-06-24 16:40:13,255 [WARN] PackLoader:240 - Cannot read IP mode file for STMicroelectronics.X-CUBE-GNSS1.7.0.1
2025-06-24 16:40:13,261 [WARN] PackLoader:240 - Cannot read IP mode file for STMicroelectronics.X-CUBE-TOUCHGFX.4.25.0
2025-06-24 16:40:13,265 [WARN] PackLoader:240 - Cannot read IP mode file for STMicroelectronics.FP-SNS-STBOX1.2.0.0
2025-06-24 16:40:13,269 [WARN] PackLoader:240 - Cannot read IP mode file for STMicroelectronics.X-CUBE-SUBG2.5.0.0
2025-06-24 16:40:13,278 [WARN] PackLoader:240 - Cannot read IP mode file for STMicroelectronics.X-CUBE-AZRTOS-H7RS.1.1.0
2025-06-24 16:40:13,283 [WARN] PackLoader:240 - Cannot read IP mode file for Cesanta.I-CUBE-Mongoose.7.13.0
2025-06-24 16:40:13,288 [WARN] PackLoader:240 - Cannot read IP mode file for STMicroelectronics.X-CUBE-AZRTOS-G4.2.0.0
2025-06-24 16:40:13,291 [WARN] PackLoader:240 - Cannot read IP mode file for STMicroelectronics.X-CUBE-NFC7.2.0.0
2025-06-24 16:40:13,296 [WARN] PackLoader:240 - Cannot read IP mode file for STMicroelectronics.X-CUBE-IPS.3.1.0
2025-06-24 16:40:13,300 [WARN] PackLoader:240 - Cannot read IP mode file for STMicroelectronics.X-CUBE-ALS.1.0.2
2025-06-24 16:40:13,302 [WARN] PackLoader:240 - Cannot read IP mode file for STMicroelectronics.X-CUBE-TOUCHGFX.4.24.2
2025-06-24 16:40:13,304 [WARN] PackLoader:240 - Cannot read IP mode file for STMicroelectronics.X-CUBE-TOUCHGFX.4.24.1
2025-06-24 16:40:13,307 [WARN] PackLoader:240 - Cannot read IP mode file for wolfSSL.I-CUBE-wolfTPM.3.4.0
2025-06-24 16:40:13,310 [WARN] PackLoader:240 - Cannot read IP mode file for portGmbH.I-Cube-SoM-uGOAL.1.1.0
2025-06-24 16:40:13,315 [WARN] PackLoader:240 - Cannot read IP mode file for STMicroelectronics.X-CUBE-AZRTOS-H7RS.1.0.0
2025-06-24 16:40:13,320 [WARN] PackLoader:240 - Cannot read IP mode file for STMicroelectronics.X-CUBE-TOF1.3.4.2
2025-06-24 16:40:13,326 [WARN] PackLoader:240 - Cannot read IP mode file for STMicroelectronics.X-CUBE-TOF1.3.4.3
2025-06-24 16:40:13,332 [WARN] PackLoader:240 - Cannot read IP mode file for wolfSSL.I-CUBE-wolfSSH.1.4.17
2025-06-24 16:40:13,332 [INFO] ThirdParty:978 - Integrity check success = true
2025-06-24 16:40:13,332 [INFO] IntegrityCheckThread:100 - exiting critical section [integrity check]
2025-06-24 16:40:13,332 [INFO] IntegrityCheckThread:103 - End integrity checks thread
2025-06-24 17:01:50,905 [ERROR] LogOutputStream:75 - [STDERR_REDIRECT] 
2025-06-24 17:01:56,386 [INFO] Activator:176 - 


2025-06-24 17:01:56,387 [INFO] Activator:177 - !SESSION log4j initialized
2025-06-24 17:02:00,041 [INFO] LogOutputStream:77 - [STDOUT_REDIRECT] 
2025-06-24 17:02:05,529 [INFO] ApplicationProperties:184 - Using Application install path: C:\ST\STM32CubeIDE_1.17.0\STM32CubeIDE\plugins\com.st.stm32cube.common.mx_6.14.1.202504091515
2025-06-24 17:02:05,538 [INFO] DbMcusXml:78 - Set database path to: C:\ST\STM32CubeIDE_1.17.0\STM32CubeIDE\plugins\com.st.stm32cube.common.mx_6.14.1.202504091515\\db\/mcu/
2025-06-24 17:02:05,538 [INFO] ApiDb:274 - Set plugin database path to: C:\ST\STM32CubeIDE_1.17.0\STM32CubeIDE\plugins\com.st.stm32cube.common.mx_6.14.1.202504091515\\db\/plugins/boardmanager/
2025-06-24 17:02:05,538 [WARN] ApiDb:259 - Overriding images path with different value:  => C:\ST\STM32CubeIDE_1.17.0\STM32CubeIDE\plugins\com.st.stm32cube.common.mx_6.14.1.202504091515\\db\/plugins/mcufinder/images/
2025-06-24 17:02:05,541 [INFO] ApiDb:250 - Set database path to: C:\Users\stoff\.stmcufinder\plugins\mcufinder//mcu/
2025-06-24 17:02:05,542 [INFO] DbMcusAds:125 - Set database path to: C:\Users\stoff\.stmcufinder\plugins\mcufinder//mcu/
2025-06-24 17:02:05,543 [INFO] CrossReferenceDbSqlite:203 - Set database path to: C:\Users\stoff\.stmcufinder\plugins\mcufinder//mcu/cs/
2025-06-24 17:02:05,613 [INFO] RulesReader:64 - Compatibility file has been processed (302 Rules)
2025-06-24 17:02:05,662 [INFO] DbMcusXml:78 - Set database path to: C:\ST\STM32CubeIDE_1.17.0\STM32CubeIDE\plugins\com.st.stm32cube.common.mx_6.14.1.202504091515\\db\/mcu/
2025-06-24 17:02:05,662 [INFO] ApiDb:274 - Set plugin database path to: C:\ST\STM32CubeIDE_1.17.0\STM32CubeIDE\plugins\com.st.stm32cube.common.mx_6.14.1.202504091515\\db\/plugins/boardmanager/
2025-06-24 17:02:05,662 [INFO] ApiDb:261 - Set plugin images path to: C:\ST\STM32CubeIDE_1.17.0\STM32CubeIDE\plugins\com.st.stm32cube.common.mx_6.14.1.202504091515\\db\/plugins/mcufinder/images/
2025-06-24 17:02:05,663 [WARN] DbFile:41 - Overriding database path with different value: C:\Users\stoff\.stmcufinder\plugins\mcufinder/ => C:\Users\stoff\.stmcufinder\plugins\mcufinder
2025-06-24 17:02:05,663 [INFO] ApiDb:250 - Set database path to: C:\Users\stoff\.stmcufinder\plugins\mcufinder//mcu/
2025-06-24 17:02:05,663 [WARN] DbFile:41 - Overriding database path with different value: C:\Users\stoff\.stmcufinder\plugins\mcufinder/ => C:\Users\stoff\.stmcufinder\plugins\mcufinder
2025-06-24 17:02:05,663 [INFO] DbMcusAds:125 - Set database path to: C:\Users\stoff\.stmcufinder\plugins\mcufinder//mcu/
2025-06-24 17:02:05,663 [WARN] DbFile:41 - Overriding database path with different value: C:\Users\stoff\.stmcufinder\plugins\mcufinder/ => C:\Users\stoff\.stmcufinder\plugins\mcufinder
2025-06-24 17:02:05,663 [WARN] DbFile:41 - Overriding database path with different value: C:\Users\stoff\.stmcufinder\plugins\mcufinder/ => C:\Users\stoff\.stmcufinder\plugins\mcufinder
2025-06-24 17:02:05,663 [INFO] CrossReferenceDbSqlite:203 - Set database path to: C:\Users\stoff\.stmcufinder\plugins\mcufinder//mcu/cs/
2025-06-24 17:02:05,704 [INFO] MainPanel:272 - HeapMemory: 268435456
2025-06-24 17:02:05,751 [INFO] DbMcusXml:78 - Set database path to: C:\ST\STM32CubeIDE_1.17.0\STM32CubeIDE\plugins\com.st.stm32cube.common.mx_6.14.1.202504091515\\db\/mcu/
2025-06-24 17:02:05,751 [INFO] ApiDb:274 - Set plugin database path to: C:\ST\STM32CubeIDE_1.17.0\STM32CubeIDE\plugins\com.st.stm32cube.common.mx_6.14.1.202504091515\\db\/plugins/boardmanager/
2025-06-24 17:02:05,751 [INFO] ApiDb:261 - Set plugin images path to: C:\ST\STM32CubeIDE_1.17.0\STM32CubeIDE\plugins\com.st.stm32cube.common.mx_6.14.1.202504091515\\db\/plugins/mcufinder/images/
2025-06-24 17:02:05,752 [WARN] DbFile:41 - Overriding database path with different value: C:\Users\stoff\.stmcufinder\plugins\mcufinder/ => C:\Users\stoff\.stmcufinder\plugins\mcufinder
2025-06-24 17:02:05,752 [INFO] ApiDb:250 - Set database path to: C:\Users\stoff\.stmcufinder\plugins\mcufinder//mcu/
2025-06-24 17:02:05,752 [WARN] DbFile:41 - Overriding database path with different value: C:\Users\stoff\.stmcufinder\plugins\mcufinder/ => C:\Users\stoff\.stmcufinder\plugins\mcufinder
2025-06-24 17:02:05,752 [INFO] DbMcusAds:125 - Set database path to: C:\Users\stoff\.stmcufinder\plugins\mcufinder//mcu/
2025-06-24 17:02:05,752 [WARN] DbFile:41 - Overriding database path with different value: C:\Users\stoff\.stmcufinder\plugins\mcufinder/ => C:\Users\stoff\.stmcufinder\plugins\mcufinder
2025-06-24 17:02:05,752 [WARN] DbFile:41 - Overriding database path with different value: C:\Users\stoff\.stmcufinder\plugins\mcufinder/ => C:\Users\stoff\.stmcufinder\plugins\mcufinder
2025-06-24 17:02:05,752 [INFO] CrossReferenceDbSqlite:203 - Set database path to: C:\Users\stoff\.stmcufinder\plugins\mcufinder//mcu/cs/
2025-06-24 17:02:05,761 [INFO] ApplicationProperties:184 - Using Application install path: C:\ST\STM32CubeIDE_1.17.0\STM32CubeIDE\plugins\com.st.stm32cube.common.mx_6.14.1.202504091515
2025-06-24 17:02:05,762 [INFO] PluginManage:196 - Search for loadable plugins [exclusion list=, ]
2025-06-24 17:02:05,762 [INFO] PluginManage:310 - Check plugin analytics
2025-06-24 17:02:10,425 [INFO] AnalyticsPlugin:253 - Accepted Software Licenses: 
2025-06-24 17:02:10,425 [INFO] AnalyticsPlugin:255 - Accepted CMSIS Pack Licenses: 
2025-06-24 17:02:10,425 [INFO] AnalyticsPlugin:257 - Accepted Firmware Licenses: 
2025-06-24 17:02:10,426 [INFO] PluginManage:359 - Loaded plugin analytics (category:tool,tabindex:-1)
2025-06-24 17:02:10,426 [INFO] PluginManage:310 - Check plugin cadmodel
2025-06-24 17:02:10,428 [INFO] CADModel:105 - Init CAD model plugin
2025-06-24 17:02:10,428 [INFO] PluginManage:359 - Loaded plugin cadmodel (category:power,tabindex:5)
2025-06-24 17:02:10,428 [INFO] PluginManage:310 - Check plugin clock
2025-06-24 17:02:10,432 [INFO] PluginManage:359 - Loaded plugin clock (category:base,tabindex:2)
2025-06-24 17:02:10,432 [INFO] PluginManage:310 - Check plugin ddr
2025-06-24 17:02:10,433 [INFO] PluginManage:359 - Loaded plugin ddr (category:tool,tabindex:6)
2025-06-24 17:02:10,433 [INFO] PluginManage:310 - Check plugin filemanager
2025-06-24 17:02:10,506 [INFO] PluginManage:359 - Loaded plugin filemanager (category:base,tabindex:10)
2025-06-24 17:02:10,506 [INFO] PluginManage:310 - Check plugin ipmanager
2025-06-24 17:02:10,511 [INFO] PluginManage:359 - Loaded plugin ipmanager (category:base,tabindex:5)
2025-06-24 17:02:10,511 [INFO] PluginManage:310 - Check plugin lpbam
2025-06-24 17:02:10,515 [INFO] PluginManage:359 - Loaded plugin lpbam (category:base,tabindex:0)
2025-06-24 17:02:10,515 [INFO] PluginManage:310 - Check plugin memorymap
2025-06-24 17:02:10,521 [INFO] PluginManage:359 - Loaded plugin memorymap (category:base,tabindex:4)
2025-06-24 17:02:10,521 [INFO] PluginManage:310 - Check plugin pinoutandconfiguration
2025-06-24 17:02:10,525 [INFO] PluginManage:359 - Loaded plugin pinoutandconfiguration (category:base,tabindex:1)
2025-06-24 17:02:10,525 [INFO] PluginManage:310 - Check plugin pinoutconfig
2025-06-24 17:02:10,569 [WARN] SupportedApi:132 - Cannot load RTOS API schema: s4s-elt-must-match.1: The content of 'definitions' must match (annotation?, (simpleType | complexType)?, (unique | key | keyref)*)). A problem was found starting at: attribute.
2025-06-24 17:02:10,635 [INFO] PluginManage:359 - Loaded plugin pinoutconfig (category:base,tabindex:0)
2025-06-24 17:02:10,636 [INFO] PluginManage:310 - Check plugin power
2025-06-24 17:02:10,639 [INFO] PluginManage:359 - Loaded plugin power (category:power,tabindex:4)
2025-06-24 17:02:10,639 [INFO] PluginManage:310 - Check plugin projectmanager
2025-06-24 17:02:10,648 [INFO] PluginManage:359 - Loaded plugin projectmanager (category:projectmanager,tabindex:4)
2025-06-24 17:02:10,648 [INFO] PluginManage:310 - Check plugin rif
2025-06-24 17:02:10,652 [INFO] PluginManage:359 - Loaded plugin rif (category:base,tabindex:3)
2025-06-24 17:02:10,652 [INFO] PluginManage:310 - Check plugin thirdparty
2025-06-24 17:02:10,719 [WARN] IntegrityCheckThread:84 - waiting for thirdparty lock release [integrity check]
2025-06-24 17:02:10,719 [INFO] PluginManage:359 - Loaded plugin thirdparty (category:base,tabindex:-1)
2025-06-24 17:02:10,719 [INFO] IntegrityCheckThread:86 - entering critical section [integrity check]
2025-06-24 17:02:10,719 [INFO] PluginManage:310 - Check plugin tools
2025-06-24 17:02:10,720 [INFO] ThirdPartyUpdaterWithRetryManager:70 - Updater plugin not ready yet. [1/15]
2025-06-24 17:02:10,721 [INFO] PluginManage:359 - Loaded plugin tools (category:base,tabindex:7)
2025-06-24 17:02:10,721 [INFO] PluginManage:310 - Check plugin tutovideos
2025-06-24 17:02:10,810 [INFO] PluginManage:359 - Loaded plugin tutovideos (category:base,tabindex:-1)
2025-06-24 17:02:10,810 [INFO] PluginManage:310 - Check plugin updater
2025-06-24 17:02:10,823 [INFO] PluginManage:359 - Loaded plugin updater (category:base,tabindex:12)
2025-06-24 17:02:10,823 [INFO] PluginManage:310 - Check plugin userauth
2025-06-24 17:02:10,825 [INFO] UserAuth:118 - Init User Auth plugin
2025-06-24 17:02:10,826 [INFO] PluginManage:359 - Loaded plugin userauth (category:base,tabindex:14)
2025-06-24 17:02:10,826 [INFO] PluginManage:283 - PluginManage : Loaded plugins [18]
2025-06-24 17:02:10,932 [INFO] PinOutPanel:1589 - setPackage(No Configuration,No Configuration)
2025-06-24 17:02:10,981 [INFO] CADModel:165 - CPN selected for project level
2025-06-24 17:02:10,981 [INFO] CADModel:114 - Register for checkConnection events
2025-06-24 17:02:10,991 [INFO] IPUIPlugin:80 - create IPUIPlugin
2025-06-24 17:02:10,991 [INFO] PluginManager:220 - loadIPPluginJar : add adc
2025-06-24 17:02:10,993 [INFO] IPUIPlugin:80 - create IPUIPlugin
2025-06-24 17:02:10,993 [INFO] PluginManager:220 - loadIPPluginJar : add aes
2025-06-24 17:02:10,995 [INFO] IPUIPlugin:80 - create IPUIPlugin
2025-06-24 17:02:10,995 [INFO] PluginManager:220 - loadIPPluginJar : add can
2025-06-24 17:02:10,996 [INFO] IPUIPlugin:80 - create IPUIPlugin
2025-06-24 17:02:10,996 [INFO] PluginManager:220 - loadIPPluginJar : add comp
2025-06-24 17:02:10,997 [INFO] IPUIPlugin:80 - create IPUIPlugin
2025-06-24 17:02:10,997 [INFO] PluginManager:220 - loadIPPluginJar : add cryp
2025-06-24 17:02:10,999 [INFO] IPUIPlugin:80 - create IPUIPlugin
2025-06-24 17:02:10,999 [INFO] PluginManager:220 - loadIPPluginJar : add ddr_ctrl_phy
2025-06-24 17:02:11,000 [INFO] IPUIPlugin:80 - create IPUIPlugin
2025-06-24 17:02:11,000 [INFO] PluginManager:220 - loadIPPluginJar : add dfsdm
2025-06-24 17:02:11,004 [INFO] IPUIPlugin:80 - create IPUIPlugin
2025-06-24 17:02:11,004 [INFO] PluginManager:220 - loadIPPluginJar : add dma
2025-06-24 17:02:11,006 [INFO] IPUIPlugin:80 - create IPUIPlugin
2025-06-24 17:02:11,006 [INFO] PluginManager:220 - loadIPPluginJar : add dma3
2025-06-24 17:02:11,008 [INFO] IPUIPlugin:80 - create IPUIPlugin
2025-06-24 17:02:11,008 [INFO] PluginManager:220 - loadIPPluginJar : add extmemmanager
2025-06-24 17:02:11,009 [INFO] IPUIPlugin:80 - create IPUIPlugin
2025-06-24 17:02:11,009 [INFO] PluginManager:220 - loadIPPluginJar : add fatfs
2025-06-24 17:02:11,012 [INFO] IPUIPlugin:80 - create IPUIPlugin
2025-06-24 17:02:11,012 [INFO] PluginManager:220 - loadIPPluginJar : add fmc
2025-06-24 17:02:11,018 [INFO] IPUIPlugin:80 - create IPUIPlugin
2025-06-24 17:02:11,018 [INFO] PluginManager:220 - loadIPPluginJar : add freertos
2025-06-24 17:02:11,019 [INFO] IPUIPlugin:80 - create IPUIPlugin
2025-06-24 17:02:11,019 [INFO] PluginManager:220 - loadIPPluginJar : add genericplugin
2025-06-24 17:02:11,020 [INFO] IPUIPlugin:80 - create IPUIPlugin
2025-06-24 17:02:11,020 [INFO] PluginManager:220 - loadIPPluginJar : add gfxmmu
2025-06-24 17:02:11,022 [INFO] IPUIPlugin:80 - create IPUIPlugin
2025-06-24 17:02:11,023 [INFO] PluginManager:220 - loadIPPluginJar : add gic
2025-06-24 17:02:11,025 [INFO] IPUIPlugin:80 - create IPUIPlugin
2025-06-24 17:02:11,025 [INFO] PluginManager:220 - loadIPPluginJar : add gpio
2025-06-24 17:02:11,026 [INFO] IPUIPlugin:80 - create IPUIPlugin
2025-06-24 17:02:11,026 [INFO] PluginManager:220 - loadIPPluginJar : add gtzc
2025-06-24 17:02:11,028 [INFO] IPUIPlugin:80 - create IPUIPlugin
2025-06-24 17:02:11,028 [INFO] PluginManager:220 - loadIPPluginJar : add hash
2025-06-24 17:02:11,029 [INFO] IPUIPlugin:80 - create IPUIPlugin
2025-06-24 17:02:11,029 [INFO] PluginManager:220 - loadIPPluginJar : add i2c
2025-06-24 17:02:11,030 [INFO] IPUIPlugin:80 - create IPUIPlugin
2025-06-24 17:02:11,031 [INFO] PluginManager:220 - loadIPPluginJar : add i2s
2025-06-24 17:02:11,032 [INFO] IPUIPlugin:80 - create IPUIPlugin
2025-06-24 17:02:11,032 [INFO] PluginManager:220 - loadIPPluginJar : add i3c
2025-06-24 17:02:11,034 [INFO] IPUIPlugin:80 - create IPUIPlugin
2025-06-24 17:02:11,034 [INFO] PluginManager:220 - loadIPPluginJar : add ipddr
2025-06-24 17:02:11,038 [INFO] IPUIPlugin:80 - create IPUIPlugin
2025-06-24 17:02:11,038 [INFO] PluginManager:220 - loadIPPluginJar : add linkedlist
2025-06-24 17:02:11,040 [INFO] IPUIPlugin:80 - create IPUIPlugin
2025-06-24 17:02:11,040 [INFO] PluginManager:220 - loadIPPluginJar : add lorawan
2025-06-24 17:02:11,041 [INFO] IPUIPlugin:80 - create IPUIPlugin
2025-06-24 17:02:11,041 [INFO] PluginManager:220 - loadIPPluginJar : add ltdc
2025-06-24 17:02:11,044 [INFO] IPUIPlugin:80 - create IPUIPlugin
2025-06-24 17:02:11,044 [INFO] PluginManager:220 - loadIPPluginJar : add mdma
2025-06-24 17:02:11,045 [INFO] IPUIPlugin:80 - create IPUIPlugin
2025-06-24 17:02:11,045 [INFO] PluginManager:220 - loadIPPluginJar : add nvic
2025-06-24 17:02:11,047 [INFO] IPUIPlugin:80 - create IPUIPlugin
2025-06-24 17:02:11,047 [INFO] PluginManager:220 - loadIPPluginJar : add opamp
2025-06-24 17:02:11,049 [INFO] IPUIPlugin:80 - create IPUIPlugin
2025-06-24 17:02:11,049 [INFO] PluginManager:220 - loadIPPluginJar : add openamp
2025-06-24 17:02:11,050 [INFO] IPUIPlugin:80 - create IPUIPlugin
2025-06-24 17:02:11,050 [INFO] PluginManager:220 - loadIPPluginJar : add pdm2pcm
2025-06-24 17:02:11,054 [INFO] IPUIPlugin:80 - create IPUIPlugin
2025-06-24 17:02:11,055 [INFO] PluginManager:220 - loadIPPluginJar : add plateformsettings
2025-06-24 17:02:11,056 [INFO] IPUIPlugin:80 - create IPUIPlugin
2025-06-24 17:02:11,056 [INFO] PluginManager:220 - loadIPPluginJar : add quadspi
2025-06-24 17:02:11,057 [INFO] IPUIPlugin:80 - create IPUIPlugin
2025-06-24 17:02:11,057 [INFO] PluginManager:220 - loadIPPluginJar : add radio
2025-06-24 17:02:11,059 [INFO] IPUIPlugin:80 - create IPUIPlugin
2025-06-24 17:02:11,059 [INFO] PluginManager:220 - loadIPPluginJar : add resmgrutility
2025-06-24 17:02:11,061 [INFO] IPUIPlugin:80 - create IPUIPlugin
2025-06-24 17:02:11,061 [INFO] PluginManager:220 - loadIPPluginJar : add sai
2025-06-24 17:02:11,063 [INFO] IPUIPlugin:80 - create IPUIPlugin
2025-06-24 17:02:11,063 [INFO] PluginManager:220 - loadIPPluginJar : add spi
2025-06-24 17:02:11,067 [INFO] IPUIPlugin:80 - create IPUIPlugin
2025-06-24 17:02:11,068 [INFO] PluginManager:220 - loadIPPluginJar : add stm32_wpan
2025-06-24 17:02:11,069 [INFO] IPUIPlugin:80 - create IPUIPlugin
2025-06-24 17:02:11,069 [INFO] PluginManager:220 - loadIPPluginJar : add tim
2025-06-24 17:02:11,070 [INFO] IPUIPlugin:80 - create IPUIPlugin
2025-06-24 17:02:11,071 [INFO] PluginManager:220 - loadIPPluginJar : add touchsensing
2025-06-24 17:02:11,072 [INFO] IPUIPlugin:80 - create IPUIPlugin
2025-06-24 17:02:11,072 [INFO] PluginManager:220 - loadIPPluginJar : add tracer_emb
2025-06-24 17:02:11,072 [INFO] IPUIPlugin:80 - create IPUIPlugin
2025-06-24 17:02:11,072 [INFO] PluginManager:220 - loadIPPluginJar : add ts
2025-06-24 17:02:11,073 [INFO] IPUIPlugin:80 - create IPUIPlugin
2025-06-24 17:02:11,073 [INFO] PluginManager:220 - loadIPPluginJar : add tsc
2025-06-24 17:02:11,074 [INFO] IPUIPlugin:80 - create IPUIPlugin
2025-06-24 17:02:11,074 [INFO] PluginManager:220 - loadIPPluginJar : add ucpd
2025-06-24 17:02:11,076 [INFO] IPUIPlugin:80 - create IPUIPlugin
2025-06-24 17:02:11,076 [INFO] PluginManager:220 - loadIPPluginJar : add usart
2025-06-24 17:02:11,077 [INFO] IPUIPlugin:80 - create IPUIPlugin
2025-06-24 17:02:11,077 [INFO] PluginManager:220 - loadIPPluginJar : add usbx
2025-06-24 17:02:11,180 [FATAL] Updater:351 - Updater called before beeing initialized
2025-06-24 17:02:11,195 [INFO] RulesReader:64 - Compatibility file has been processed (302 Rules)
2025-06-24 17:02:11,202 [INFO] RulesReader:64 - Compatibility file has been processed (302 Rules)
2025-06-24 17:02:11,208 [INFO] CADModel:165 - CPN selected for project level
2025-06-24 17:02:11,208 [INFO] CADModel:114 - Register for checkConnection events
2025-06-24 17:02:11,208 [FATAL] Updater:351 - Updater called before beeing initialized
2025-06-24 17:02:11,208 [ERROR] CADModel:125 - Updater not yet initialized, retry later 
2025-06-24 17:02:11,314 [FATAL] Updater:351 - Updater called before beeing initialized
2025-06-24 17:02:11,315 [INFO] CADModel:165 - CPN selected for project level
2025-06-24 17:02:11,315 [INFO] CADModel:114 - Register for checkConnection events
2025-06-24 17:02:11,315 [FATAL] Updater:351 - Updater called before beeing initialized
2025-06-24 17:02:11,315 [ERROR] CADModel:125 - Updater not yet initialized, retry later 
2025-06-24 17:02:11,317 [FATAL] Updater:351 - Updater called before beeing initialized
2025-06-24 17:02:11,370 [FATAL] Updater:351 - Updater called before beeing initialized
2025-06-24 17:02:11,373 [INFO] DbMcusAds:53 - JSON generation date=Thu Mar 06 15:54:22 CET 2025 (1741272862204)
2025-06-24 17:02:11,373 [FATAL] Updater:351 - Updater called before beeing initialized
2025-06-24 17:02:11,390 [WARN] DetailPanel:346 - Failed to get advertising image, set to default
2025-06-24 17:02:11,518 [FATAL] Updater:351 - Updater called before beeing initialized
2025-06-24 17:02:11,519 [FATAL] Updater:351 - Updater called before beeing initialized
2025-06-24 17:02:11,519 [FATAL] Updater:351 - Updater called before beeing initialized
2025-06-24 17:02:11,519 [WARN] DetailPanel:346 - Failed to get advertising image, set to default
2025-06-24 17:02:11,520 [FATAL] Updater:351 - Updater called before beeing initialized
2025-06-24 17:02:11,543 [ERROR] Updater:1198 - MainUpdater not yet initialized. External WinMGr cannot be set.
2025-06-24 17:02:11,544 [INFO] Updater:1134 - Updater Version found : 6.14.1
2025-06-24 17:02:11,555 [INFO] ApplicationProperties:184 - Using Application install path: C:\ST\STM32CubeIDE_1.17.0\STM32CubeIDE\plugins\com.st.stm32cube.common.mx_6.14.1.202504091515
2025-06-24 17:02:13,117 [ERROR] LogOutputStream:75 - [STDERR_REDIRECT] Jun 24, 2025 5:02:13 PM java.util.prefs.WindowsPreferences <init>
2025-06-24 17:02:13,117 [ERROR] LogOutputStream:75 - [STDERR_REDIRECT] WARNING: Could not open/create prefs root node Software\JavaSoft\Prefs at root 0xffffffff80000002. Windows RegCreateKeyEx(...) returned error code 5.
2025-06-24 17:02:13,117 [ERROR] LogOutputStream:75 - [STDERR_REDIRECT] 
2025-06-24 17:02:13,347 [INFO] MainUpdater:2872 - connection check result : 10
2025-06-24 17:02:13,348 [INFO] MainUpdater:289 - Updater Check For Update Now.
2025-06-24 17:02:13,348 [INFO] MicroXplorer:498 - Change Database Version : DB.6.0.141
2025-06-24 17:02:13,355 [INFO] McuFinderGlobals:63 - Set McuFinder mode to 2 (CubeIDE integrated)
2025-06-24 17:02:13,356 [INFO] UserAuth:484 - Internet connection configuration mode: 1
2025-06-24 17:02:13,378 [INFO] JxBrowserEngine:152 - Initiate JxBrowser Engine with user profile folder
2025-06-24 17:02:13,495 [INFO] CheckServerUpdateThread:120 - End of CheckServer Thread
2025-06-24 17:02:13,736 [INFO] WebApp:169 - Instantiating new browser for Auth
2025-06-24 17:02:13,857 [WARN] PackLoader:240 - Cannot read IP mode file for STMicroelectronics.FP-SNS-MOTENVWB1.1.4.0
2025-06-24 17:02:13,862 [WARN] PackLoader:240 - Cannot read IP mode file for STMicroelectronics.FP-ATR-ASTRA1.2.0.2
2025-06-24 17:02:13,864 [WARN] PackLoader:240 - Cannot read IP mode file for STMicroelectronics.FP-ATR-ASTRA1.2.0.1
2025-06-24 17:02:13,870 [WARN] PackLoader:240 - Cannot read IP mode file for STMicroelectronics.X-CUBE-SMBUS.2.1.0
2025-06-24 17:02:13,875 [WARN] PackLoader:240 - Cannot read IP mode file for STMicroelectronics.X-CUBE-WB05N.1.1.0
2025-06-24 17:02:13,879 [WARN] PackLoader:240 - Cannot read IP mode file for STMicroelectronics.X-CUBE-ST60.1.0.0
2025-06-24 17:02:13,896 [WARN] PackLoader:240 - Cannot read IP mode file for STMicroelectronics.X-CUBE-AZRTOS-F7.1.1.0
2025-06-24 17:02:13,900 [WARN] PackLoader:240 - Cannot read IP mode file for STMicroelectronics.FP-SNS-FLIGHT1.5.0.2
2025-06-24 17:02:13,912 [WARN] PackLoader:240 - Cannot read IP mode file for Infineon.AIROC-Wi-Fi-Bluetooth-STM32.1.7.0
2025-06-24 17:02:13,919 [WARN] PackLoader:240 - Cannot read IP mode file for STMicroelectronics.X-CUBE-DISPLAY.3.0.0
2025-06-24 17:02:13,923 [WARN] PackLoader:240 - Cannot read IP mode file for STMicroelectronics.X-CUBE-BLE1.7.0.0
2025-06-24 17:02:13,926 [WARN] PackLoader:240 - Cannot read IP mode file for STMicroelectronics.X-CUBE-NFC10.1.0.0
2025-06-24 17:02:13,931 [WARN] PackLoader:240 - Cannot read IP mode file for STMicroelectronics.X-CUBE-BLEMGR.4.0.0
2025-06-24 17:02:13,935 [WARN] PackLoader:240 - Cannot read IP mode file for emotas.I-CUBE-CANOPEN.1.3.0
2025-06-24 17:02:13,937 [WARN] PackLoader:240 - Cannot read IP mode file for STMicroelectronics.X-CUBE-AI.10.0.0
2025-06-24 17:02:13,939 [WARN] PackLoader:240 - Cannot read IP mode file for STMicroelectronics.FP-SNS-SMARTAG2.1.2.0
2025-06-24 17:02:13,942 [WARN] PackLoader:240 - Cannot read IP mode file for STMicroelectronics.FP-SNS-FLIGHT1.5.1.0
2025-06-24 17:02:13,965 [WARN] PackLoader:240 - Cannot read IP mode file for STMicroelectronics.X-CUBE-MEMS1.11.1.0
2025-06-24 17:02:14,019 [INFO] LogOutputStream:77 - [STDOUT_REDIRECT] 1 : Invalid condition id : UX_CORESTACK_Condition cause : null
2025-06-24 17:02:14,020 [INFO] LogOutputStream:77 - [STDOUT_REDIRECT] 1 : Invalid condition id : UX_CORESTACK_Condition cause : null
2025-06-24 17:02:14,021 [INFO] LogOutputStream:77 - [STDOUT_REDIRECT] 1 : Invalid condition id : UX_CORESTACK_Condition cause : null
2025-06-24 17:02:14,022 [INFO] LogOutputStream:77 - [STDOUT_REDIRECT] 1 : Invalid condition id : UX_CORESTACK_Condition cause : null
2025-06-24 17:02:14,022 [INFO] LogOutputStream:77 - [STDOUT_REDIRECT] 1 : Invalid condition id : UX_CORESTACK_Condition cause : null
2025-06-24 17:02:14,024 [WARN] PackLoader:240 - Cannot read IP mode file for STMicroelectronics.X-CUBE-AZRTOS-WL.2.0.0
2025-06-24 17:02:14,026 [WARN] PackLoader:240 - Cannot read IP mode file for STMicroelectronics.FP-SNS-MOTENV1.5.0.0
2025-06-24 17:02:14,029 [WARN] PackLoader:240 - Cannot read IP mode file for wolfSSL.I-CUBE-wolfMQTT.1.19.0
2025-06-24 17:02:14,034 [WARN] PackLoader:240 - Cannot read IP mode file for WES.I-CUBE-Cesium.1.3.0
2025-06-24 17:02:14,036 [WARN] PackLoader:240 - Cannot read IP mode file for STMicroelectronics.X-CUBE-BLE2.3.3.0
2025-06-24 17:02:14,039 [WARN] PackLoader:240 - Cannot read IP mode file for STMicroelectronics.X-CUBE-NFC9.1.0.0
2025-06-24 17:02:14,042 [WARN] PackLoader:240 - Cannot read IP mode file for STMicroelectronics.X-CUBE-BLE1.7.1.0
2025-06-24 17:02:14,049 [WARN] PackLoader:240 - Cannot read IP mode file for STMicroelectronics.X-CUBE-AI.10.1.0
2025-06-24 17:02:14,091 [WARN] PackLoader:240 - Cannot read IP mode file for STMicroelectronics.X-CUBE-MEMS1.11.2.0
2025-06-24 17:02:14,153 [WARN] PackLoader:240 - Cannot read IP mode file for STMicroelectronics.X-CUBE-AZRTOS-G0.1.1.0
2025-06-24 17:02:14,157 [WARN] PackLoader:240 - Cannot read IP mode file for STMicroelectronics.X-CUBE-SAFEA1.1.2.2
2025-06-24 17:02:14,160 [WARN] PackLoader:240 - Cannot read IP mode file for STMicroelectronics.X-CUBE-NFC4.3.0.0
2025-06-24 17:02:14,164 [WARN] PackLoader:240 - Cannot read IP mode file for EmbeddedOffice.I-CUBE-FS-RTOS.1.0.1
2025-06-24 17:02:14,166 [WARN] PackLoader:240 - Cannot read IP mode file for STMicroelectronics.X-CUBE-WB05N.2.0.0
2025-06-24 17:02:14,169 [WARN] PackLoader:240 - Cannot read IP mode file for STMicroelectronics.X-CUBE-TCPP.4.2.0
2025-06-24 17:02:14,172 [WARN] PackLoader:240 - Cannot read IP mode file for RealThread.X-CUBE-RT-Thread_Nano.4.1.1
2025-06-24 17:02:14,174 [WARN] PackLoader:240 - Cannot read IP mode file for STMicroelectronics.FP-ATR-SIGFOX1.3.2.0
2025-06-24 17:02:14,176 [WARN] ConditionMgr:438 - getConditionDescription Invalid condition id : Cortex-A Device cause : null
2025-06-24 17:02:14,184 [WARN] ConditionMgr:1044 - genDependencies : Invalid condition id : Cortex-A Device cause : null
2025-06-24 17:02:14,184 [WARN] ConditionMgr:1044 - genDependencies : Invalid condition id : Cortex-A Device cause : null
2025-06-24 17:02:14,185 [WARN] ConditionMgr:1044 - genDependencies : Invalid condition id : Cortex-A Device cause : null
2025-06-24 17:02:14,187 [WARN] PackLoader:240 - Cannot read IP mode file for STMicroelectronics.X-CUBE-EEPRMA1.5.1.0
2025-06-24 17:02:14,190 [WARN] PackLoader:240 - Cannot read IP mode file for wolfSSL.I-CUBE-wolfSSL.5.7.4
2025-06-24 17:02:14,193 [WARN] PackLoader:240 - Cannot read IP mode file for ITTIA_DB.I-CUBE-ITTIADB.8.9.0
2025-06-24 17:02:14,199 [WARN] PackLoader:240 - Cannot read IP mode file for STMicroelectronics.X-CUBE-ST67W61.1.0.0
2025-06-24 17:02:14,209 [WARN] PackLoader:240 - Cannot read IP mode file for SEGGER.I-CUBE-embOS.1.3.1
2025-06-24 17:02:14,222 [WARN] PackLoader:240 - Cannot read IP mode file for STMicroelectronics.X-CUBE-ALGOBUILD.1.4.0
2025-06-24 17:02:14,240 [WARN] PackLoader:240 - Cannot read IP mode file for STMicroelectronics.X-CUBE-MEMS1.11.3.0
2025-06-24 17:02:14,280 [WARN] PackLoader:240 - Cannot read IP mode file for STMicroelectronics.X-CUBE-AI.9.1.0
2025-06-24 17:02:14,283 [WARN] PackLoader:240 - Cannot read IP mode file for STMicroelectronics.X-CUBE-PM33A1.1.0.0
2025-06-24 17:02:14,289 [WARN] PackLoader:240 - Cannot read IP mode file for STMicroelectronics.X-CUBE-AZRTOS-F4.1.1.0
2025-06-24 17:02:14,292 [WARN] PackLoader:240 - Cannot read IP mode file for Avnet-IotConnect.X-CUBE-IoTC-DA16k-PMOD.1.0.0
2025-06-24 17:02:14,294 [WARN] PackLoader:240 - Cannot read IP mode file for STMicroelectronics.X-CUBE-ISPU.2.1.0
2025-06-24 17:02:14,299 [WARN] PackLoader:240 - Cannot read IP mode file for STMicroelectronics.X-CUBE-AZRTOS-L5.2.0.0
2025-06-24 17:02:14,303 [WARN] PackLoader:240 - Cannot read IP mode file for STMicroelectronics.X-CUBE-NFC6.3.1.0
2025-06-24 17:02:14,306 [WARN] PackLoader:240 - Cannot read IP mode file for STMicroelectronics.X-CUBE-DPower.1.2.0
2025-06-24 17:02:14,313 [WARN] PackLoader:240 - Cannot read IP mode file for STMicroelectronics.X-CUBE-FREERTOS.1.3.1
2025-06-24 17:02:14,317 [WARN] PackLoader:240 - Cannot read IP mode file for STMicroelectronics.X-CUBE-FREERTOS.1.3.0
2025-06-24 17:02:14,321 [WARN] PackLoader:240 - Cannot read IP mode file for STMicroelectronics.X-CUBE-NFC7.1.0.1
2025-06-24 17:02:14,324 [WARN] PackLoader:240 - Cannot read IP mode file for STMicroelectronics.X-CUBE-DPower.1.3.0
2025-06-24 17:02:14,337 [WARN] ConditionMgr:438 - getConditionDescription Invalid condition id : LAN8742 Phy interface Condition cause : null
2025-06-24 17:02:14,338 [WARN] PackLoader:240 - Cannot read IP mode file for STMicroelectronics.X-CUBE-AZRTOS-L4.2.0.0
2025-06-24 17:02:14,338 [WARN] ConditionMgr:1044 - genDependencies : Invalid condition id : LAN8742 Phy interface Condition cause : null
2025-06-24 17:02:14,338 [WARN] ConditionMgr:1044 - genDependencies : Invalid condition id : LAN8742 Phy interface Condition cause : null
2025-06-24 17:02:14,338 [WARN] ConditionMgr:1044 - genDependencies : Invalid condition id : LAN8742 Phy interface Condition cause : null
2025-06-24 17:02:14,344 [WARN] PackLoader:240 - Cannot read IP mode file for STMicroelectronics.X-CUBE-SFXS2LP1.4.0.0
2025-06-24 17:02:14,351 [WARN] PackLoader:240 - Cannot read IP mode file for STMicroelectronics.X-CUBE-AZRTOS-H7.3.3.0
2025-06-24 17:02:14,356 [WARN] PackLoader:240 - Cannot read IP mode file for STMicroelectronics.X-CUBE-IPS.3.0.0
2025-06-24 17:02:14,361 [WARN] ConditionMgr:438 - getConditionDescription Invalid condition id : UX DEVICE CLASS RTOS Condition cause : null
2025-06-24 17:02:14,361 [WARN] ConditionMgr:438 - getConditionDescription Invalid condition id : UX DEVICE CLASS RTOS Condition cause : null
2025-06-24 17:02:14,362 [WARN] PackLoader:240 - Cannot read IP mode file for STMicroelectronics.X-CUBE-AZRTOS-WB.2.0.0
2025-06-24 17:02:14,362 [WARN] ConditionMgr:1044 - genDependencies : Invalid condition id : UX DEVICE CLASS RTOS Condition cause : null
2025-06-24 17:02:14,362 [WARN] ConditionMgr:1044 - genDependencies : Invalid condition id : UX DEVICE CLASS RTOS Condition cause : null
2025-06-24 17:02:14,362 [WARN] ConditionMgr:1044 - genDependencies : Invalid condition id : UX DEVICE CLASS RTOS Condition cause : null
2025-06-24 17:02:14,363 [WARN] ConditionMgr:1044 - genDependencies : Invalid condition id : UX DEVICE CLASS RTOS Condition cause : null
2025-06-24 17:02:14,363 [WARN] ConditionMgr:1044 - genDependencies : Invalid condition id : UX DEVICE CLASS RTOS Condition cause : null
2025-06-24 17:02:14,365 [WARN] PackLoader:240 - Cannot read IP mode file for STMicroelectronics.X-CUBE-GNSS1.7.0.1
2025-06-24 17:02:14,370 [WARN] PackLoader:240 - Cannot read IP mode file for STMicroelectronics.X-CUBE-TOUCHGFX.4.25.0
2025-06-24 17:02:14,373 [WARN] PackLoader:240 - Cannot read IP mode file for STMicroelectronics.FP-SNS-STBOX1.2.0.0
2025-06-24 17:02:14,377 [WARN] PackLoader:240 - Cannot read IP mode file for STMicroelectronics.X-CUBE-SUBG2.5.0.0
2025-06-24 17:02:14,385 [WARN] PackLoader:240 - Cannot read IP mode file for STMicroelectronics.X-CUBE-AZRTOS-H7RS.1.1.0
2025-06-24 17:02:14,389 [WARN] PackLoader:240 - Cannot read IP mode file for Cesanta.I-CUBE-Mongoose.7.13.0
2025-06-24 17:02:14,394 [WARN] PackLoader:240 - Cannot read IP mode file for STMicroelectronics.X-CUBE-AZRTOS-G4.2.0.0
2025-06-24 17:02:14,397 [WARN] PackLoader:240 - Cannot read IP mode file for STMicroelectronics.X-CUBE-NFC7.2.0.0
2025-06-24 17:02:14,401 [WARN] PackLoader:240 - Cannot read IP mode file for STMicroelectronics.X-CUBE-IPS.3.1.0
2025-06-24 17:02:14,405 [WARN] PackLoader:240 - Cannot read IP mode file for STMicroelectronics.X-CUBE-ALS.1.0.2
2025-06-24 17:02:14,407 [WARN] PackLoader:240 - Cannot read IP mode file for STMicroelectronics.X-CUBE-TOUCHGFX.4.24.2
2025-06-24 17:02:14,409 [WARN] PackLoader:240 - Cannot read IP mode file for STMicroelectronics.X-CUBE-TOUCHGFX.4.24.1
2025-06-24 17:02:14,411 [WARN] PackLoader:240 - Cannot read IP mode file for wolfSSL.I-CUBE-wolfTPM.3.4.0
2025-06-24 17:02:14,413 [WARN] PackLoader:240 - Cannot read IP mode file for portGmbH.I-Cube-SoM-uGOAL.1.1.0
2025-06-24 17:02:14,421 [WARN] PackLoader:240 - Cannot read IP mode file for STMicroelectronics.X-CUBE-AZRTOS-H7RS.1.0.0
2025-06-24 17:02:14,426 [WARN] PackLoader:240 - Cannot read IP mode file for STMicroelectronics.X-CUBE-TOF1.3.4.2
2025-06-24 17:02:14,432 [WARN] PackLoader:240 - Cannot read IP mode file for STMicroelectronics.X-CUBE-TOF1.3.4.3
2025-06-24 17:02:14,438 [WARN] PackLoader:240 - Cannot read IP mode file for wolfSSL.I-CUBE-wolfSSH.1.4.17
2025-06-24 17:02:14,438 [INFO] ThirdParty:978 - Integrity check success = true
2025-06-24 17:02:14,438 [INFO] IntegrityCheckThread:100 - exiting critical section [integrity check]
2025-06-24 17:02:14,438 [INFO] IntegrityCheckThread:103 - End integrity checks thread
2025-06-24 17:02:14,710 [INFO] WebApp:463 - Apply proxy settings
2025-06-24 17:02:14,711 [INFO] WebApp:548 - Chromium requires no authentication
2025-06-24 17:02:14,715 [INFO] WebApp:491 - Direct internet connection detected
2025-06-24 17:02:14,725 [INFO] WebApp:894 - Register for checkConnection events
2025-06-24 17:02:14,725 [INFO] WebApp:463 - Apply proxy settings
2025-06-24 17:02:14,725 [INFO] WebApp:548 - Chromium requires no authentication
2025-06-24 17:02:14,725 [INFO] WebApp:491 - Direct internet connection detected
2025-06-24 17:02:14,798 [INFO] WebApp:225 - Starting web application
2025-06-24 17:02:14,798 [INFO] WebApp:593 - Web application path used C:\ST\STM32CubeIDE_1.17.0\STM32CubeIDE\plugins\com.st.stm32cube.common.mx_6.14.1.202504091515\db\plugins\mcufinder\reactClient1\index.html
2025-06-24 17:02:14,836 [INFO] UserAuth:484 - Internet connection configuration mode: 1
2025-06-24 17:02:14,914 [INFO] WebApp:191 - Connection restablished
2025-06-24 23:17:26,456 [INFO] WebApp:403 - JxBrowser engine has been closed 
