2025-06-12 20:01:28,943 [INFO] Activator:176 - 


2025-06-12 20:01:28,955 [INFO] Activator:177 - !SESSION log4j initialized
2025-06-12 20:01:37,588 [INFO] LogOutputStream:77 - [STDOUT_REDIRECT] 
2025-06-12 20:01:43,674 [INFO] ApplicationProperties:184 - Using Application install path: C:\ST\STM32CubeIDE_1.17.0\STM32CubeIDE\plugins\com.st.stm32cube.common.mx_6.14.1.202504091515
2025-06-12 20:01:43,687 [INFO] DbMcusXml:78 - Set database path to: C:\ST\STM32CubeIDE_1.17.0\STM32CubeIDE\plugins\com.st.stm32cube.common.mx_6.14.1.202504091515\\db\/mcu/
2025-06-12 20:01:43,687 [INFO] ApiDb:274 - Set plugin database path to: C:\ST\STM32CubeIDE_1.17.0\STM32CubeIDE\plugins\com.st.stm32cube.common.mx_6.14.1.202504091515\\db\/plugins/boardmanager/
2025-06-12 20:01:43,688 [WARN] ApiDb:259 - Overriding images path with different value:  => C:\ST\STM32CubeIDE_1.17.0\STM32CubeIDE\plugins\com.st.stm32cube.common.mx_6.14.1.202504091515\\db\/plugins/mcufinder/images/
2025-06-12 20:01:43,692 [INFO] ApiDb:250 - Set database path to: C:\Users\stoff\.stmcufinder\plugins\mcufinder//mcu/
2025-06-12 20:01:43,692 [INFO] DbMcusAds:125 - Set database path to: C:\Users\stoff\.stmcufinder\plugins\mcufinder//mcu/
2025-06-12 20:01:43,694 [INFO] CrossReferenceDbSqlite:203 - Set database path to: C:\Users\stoff\.stmcufinder\plugins\mcufinder//mcu/cs/
2025-06-12 20:01:43,768 [INFO] RulesReader:64 - Compatibility file has been processed (302 Rules)
2025-06-12 20:01:43,828 [INFO] DbMcusXml:78 - Set database path to: C:\ST\STM32CubeIDE_1.17.0\STM32CubeIDE\plugins\com.st.stm32cube.common.mx_6.14.1.202504091515\\db\/mcu/
2025-06-12 20:01:43,829 [INFO] ApiDb:274 - Set plugin database path to: C:\ST\STM32CubeIDE_1.17.0\STM32CubeIDE\plugins\com.st.stm32cube.common.mx_6.14.1.202504091515\\db\/plugins/boardmanager/
2025-06-12 20:01:43,829 [INFO] ApiDb:261 - Set plugin images path to: C:\ST\STM32CubeIDE_1.17.0\STM32CubeIDE\plugins\com.st.stm32cube.common.mx_6.14.1.202504091515\\db\/plugins/mcufinder/images/
2025-06-12 20:01:43,829 [WARN] DbFile:41 - Overriding database path with different value: C:\Users\stoff\.stmcufinder\plugins\mcufinder/ => C:\Users\stoff\.stmcufinder\plugins\mcufinder
2025-06-12 20:01:43,829 [INFO] ApiDb:250 - Set database path to: C:\Users\stoff\.stmcufinder\plugins\mcufinder//mcu/
2025-06-12 20:01:43,829 [WARN] DbFile:41 - Overriding database path with different value: C:\Users\stoff\.stmcufinder\plugins\mcufinder/ => C:\Users\stoff\.stmcufinder\plugins\mcufinder
2025-06-12 20:01:43,829 [INFO] DbMcusAds:125 - Set database path to: C:\Users\stoff\.stmcufinder\plugins\mcufinder//mcu/
2025-06-12 20:01:43,829 [WARN] DbFile:41 - Overriding database path with different value: C:\Users\stoff\.stmcufinder\plugins\mcufinder/ => C:\Users\stoff\.stmcufinder\plugins\mcufinder
2025-06-12 20:01:43,829 [WARN] DbFile:41 - Overriding database path with different value: C:\Users\stoff\.stmcufinder\plugins\mcufinder/ => C:\Users\stoff\.stmcufinder\plugins\mcufinder
2025-06-12 20:01:43,829 [INFO] CrossReferenceDbSqlite:203 - Set database path to: C:\Users\stoff\.stmcufinder\plugins\mcufinder//mcu/cs/
2025-06-12 20:01:43,886 [INFO] MainPanel:272 - HeapMemory: 268435456
2025-06-12 20:01:43,957 [INFO] DbMcusXml:78 - Set database path to: C:\ST\STM32CubeIDE_1.17.0\STM32CubeIDE\plugins\com.st.stm32cube.common.mx_6.14.1.202504091515\\db\/mcu/
2025-06-12 20:01:43,957 [INFO] ApiDb:274 - Set plugin database path to: C:\ST\STM32CubeIDE_1.17.0\STM32CubeIDE\plugins\com.st.stm32cube.common.mx_6.14.1.202504091515\\db\/plugins/boardmanager/
2025-06-12 20:01:43,957 [INFO] ApiDb:261 - Set plugin images path to: C:\ST\STM32CubeIDE_1.17.0\STM32CubeIDE\plugins\com.st.stm32cube.common.mx_6.14.1.202504091515\\db\/plugins/mcufinder/images/
2025-06-12 20:01:43,957 [WARN] DbFile:41 - Overriding database path with different value: C:\Users\stoff\.stmcufinder\plugins\mcufinder/ => C:\Users\stoff\.stmcufinder\plugins\mcufinder
2025-06-12 20:01:43,958 [INFO] ApiDb:250 - Set database path to: C:\Users\stoff\.stmcufinder\plugins\mcufinder//mcu/
2025-06-12 20:01:43,958 [WARN] DbFile:41 - Overriding database path with different value: C:\Users\stoff\.stmcufinder\plugins\mcufinder/ => C:\Users\stoff\.stmcufinder\plugins\mcufinder
2025-06-12 20:01:43,958 [INFO] DbMcusAds:125 - Set database path to: C:\Users\stoff\.stmcufinder\plugins\mcufinder//mcu/
2025-06-12 20:01:43,958 [WARN] DbFile:41 - Overriding database path with different value: C:\Users\stoff\.stmcufinder\plugins\mcufinder/ => C:\Users\stoff\.stmcufinder\plugins\mcufinder
2025-06-12 20:01:43,958 [WARN] DbFile:41 - Overriding database path with different value: C:\Users\stoff\.stmcufinder\plugins\mcufinder/ => C:\Users\stoff\.stmcufinder\plugins\mcufinder
2025-06-12 20:01:43,958 [INFO] CrossReferenceDbSqlite:203 - Set database path to: C:\Users\stoff\.stmcufinder\plugins\mcufinder//mcu/cs/
2025-06-12 20:01:43,970 [INFO] ApplicationProperties:184 - Using Application install path: C:\ST\STM32CubeIDE_1.17.0\STM32CubeIDE\plugins\com.st.stm32cube.common.mx_6.14.1.202504091515
2025-06-12 20:01:43,971 [INFO] PluginManage:196 - Search for loadable plugins [exclusion list=, ]
2025-06-12 20:01:43,972 [INFO] PluginManage:310 - Check plugin analytics
2025-06-12 20:01:48,666 [INFO] AnalyticsPlugin:253 - Accepted Software Licenses: 
2025-06-12 20:01:48,666 [INFO] AnalyticsPlugin:255 - Accepted CMSIS Pack Licenses: 
2025-06-12 20:01:48,666 [INFO] AnalyticsPlugin:257 - Accepted Firmware Licenses: 
2025-06-12 20:01:48,668 [INFO] PluginManage:359 - Loaded plugin analytics (category:tool,tabindex:-1)
2025-06-12 20:01:48,669 [INFO] PluginManage:310 - Check plugin cadmodel
2025-06-12 20:01:48,673 [INFO] CADModel:105 - Init CAD model plugin
2025-06-12 20:01:48,674 [INFO] PluginManage:359 - Loaded plugin cadmodel (category:power,tabindex:5)
2025-06-12 20:01:48,674 [INFO] PluginManage:310 - Check plugin clock
2025-06-12 20:01:48,680 [INFO] PluginManage:359 - Loaded plugin clock (category:base,tabindex:2)
2025-06-12 20:01:48,680 [INFO] PluginManage:310 - Check plugin ddr
2025-06-12 20:01:48,682 [INFO] PluginManage:359 - Loaded plugin ddr (category:tool,tabindex:6)
2025-06-12 20:01:48,682 [INFO] PluginManage:310 - Check plugin filemanager
2025-06-12 20:01:48,777 [INFO] PluginManage:359 - Loaded plugin filemanager (category:base,tabindex:10)
2025-06-12 20:01:48,777 [INFO] PluginManage:310 - Check plugin ipmanager
2025-06-12 20:01:48,782 [INFO] PluginManage:359 - Loaded plugin ipmanager (category:base,tabindex:5)
2025-06-12 20:01:48,782 [INFO] PluginManage:310 - Check plugin lpbam
2025-06-12 20:01:48,788 [INFO] PluginManage:359 - Loaded plugin lpbam (category:base,tabindex:0)
2025-06-12 20:01:48,788 [INFO] PluginManage:310 - Check plugin memorymap
2025-06-12 20:01:48,799 [INFO] PluginManage:359 - Loaded plugin memorymap (category:base,tabindex:4)
2025-06-12 20:01:48,799 [INFO] PluginManage:310 - Check plugin pinoutandconfiguration
2025-06-12 20:01:48,806 [INFO] PluginManage:359 - Loaded plugin pinoutandconfiguration (category:base,tabindex:1)
2025-06-12 20:01:48,806 [INFO] PluginManage:310 - Check plugin pinoutconfig
2025-06-12 20:01:48,863 [WARN] SupportedApi:132 - Cannot load RTOS API schema: s4s-elt-must-match.1: The content of 'definitions' must match (annotation?, (simpleType | complexType)?, (unique | key | keyref)*)). A problem was found starting at: attribute.
2025-06-12 20:01:48,946 [INFO] PluginManage:359 - Loaded plugin pinoutconfig (category:base,tabindex:0)
2025-06-12 20:01:48,946 [INFO] PluginManage:310 - Check plugin power
2025-06-12 20:01:48,953 [INFO] PluginManage:359 - Loaded plugin power (category:power,tabindex:4)
2025-06-12 20:01:48,953 [INFO] PluginManage:310 - Check plugin projectmanager
2025-06-12 20:01:48,961 [INFO] PluginManage:359 - Loaded plugin projectmanager (category:projectmanager,tabindex:4)
2025-06-12 20:01:48,961 [INFO] PluginManage:310 - Check plugin rif
2025-06-12 20:01:48,967 [INFO] PluginManage:359 - Loaded plugin rif (category:base,tabindex:3)
2025-06-12 20:01:48,967 [INFO] PluginManage:310 - Check plugin thirdparty
2025-06-12 20:01:49,049 [INFO] PluginManage:359 - Loaded plugin thirdparty (category:base,tabindex:-1)
2025-06-12 20:01:49,049 [WARN] IntegrityCheckThread:84 - waiting for thirdparty lock release [integrity check]
2025-06-12 20:01:49,049 [INFO] PluginManage:310 - Check plugin tools
2025-06-12 20:01:49,049 [INFO] IntegrityCheckThread:86 - entering critical section [integrity check]
2025-06-12 20:01:49,049 [INFO] ThirdPartyUpdaterWithRetryManager:70 - Updater plugin not ready yet. [1/15]
2025-06-12 20:01:49,051 [INFO] PluginManage:359 - Loaded plugin tools (category:base,tabindex:7)
2025-06-12 20:01:49,051 [INFO] PluginManage:310 - Check plugin tutovideos
2025-06-12 20:01:49,164 [INFO] PluginManage:359 - Loaded plugin tutovideos (category:base,tabindex:-1)
2025-06-12 20:01:49,164 [INFO] PluginManage:310 - Check plugin updater
2025-06-12 20:01:49,177 [INFO] PluginManage:359 - Loaded plugin updater (category:base,tabindex:12)
2025-06-12 20:01:49,177 [INFO] PluginManage:310 - Check plugin userauth
2025-06-12 20:01:49,180 [INFO] UserAuth:118 - Init User Auth plugin
2025-06-12 20:01:49,181 [INFO] PluginManage:359 - Loaded plugin userauth (category:base,tabindex:14)
2025-06-12 20:01:49,181 [INFO] PluginManage:283 - PluginManage : Loaded plugins [18]
2025-06-12 20:01:49,313 [INFO] PinOutPanel:1589 - setPackage(No Configuration,No Configuration)
2025-06-12 20:01:49,365 [INFO] CADModel:165 - CPN selected for project level
2025-06-12 20:01:49,366 [INFO] CADModel:114 - Register for checkConnection events
2025-06-12 20:01:49,377 [INFO] IPUIPlugin:80 - create IPUIPlugin
2025-06-12 20:01:49,377 [INFO] PluginManager:220 - loadIPPluginJar : add adc
2025-06-12 20:01:49,379 [INFO] IPUIPlugin:80 - create IPUIPlugin
2025-06-12 20:01:49,379 [INFO] PluginManager:220 - loadIPPluginJar : add aes
2025-06-12 20:01:49,381 [INFO] IPUIPlugin:80 - create IPUIPlugin
2025-06-12 20:01:49,381 [INFO] PluginManager:220 - loadIPPluginJar : add can
2025-06-12 20:01:49,382 [INFO] IPUIPlugin:80 - create IPUIPlugin
2025-06-12 20:01:49,382 [INFO] PluginManager:220 - loadIPPluginJar : add comp
2025-06-12 20:01:49,383 [INFO] IPUIPlugin:80 - create IPUIPlugin
2025-06-12 20:01:49,383 [INFO] PluginManager:220 - loadIPPluginJar : add cryp
2025-06-12 20:01:49,385 [INFO] IPUIPlugin:80 - create IPUIPlugin
2025-06-12 20:01:49,385 [INFO] PluginManager:220 - loadIPPluginJar : add ddr_ctrl_phy
2025-06-12 20:01:49,387 [INFO] IPUIPlugin:80 - create IPUIPlugin
2025-06-12 20:01:49,387 [INFO] PluginManager:220 - loadIPPluginJar : add dfsdm
2025-06-12 20:01:49,390 [INFO] IPUIPlugin:80 - create IPUIPlugin
2025-06-12 20:01:49,390 [INFO] PluginManager:220 - loadIPPluginJar : add dma
2025-06-12 20:01:49,391 [INFO] IPUIPlugin:80 - create IPUIPlugin
2025-06-12 20:01:49,392 [INFO] PluginManager:220 - loadIPPluginJar : add dma3
2025-06-12 20:01:49,393 [INFO] IPUIPlugin:80 - create IPUIPlugin
2025-06-12 20:01:49,393 [INFO] PluginManager:220 - loadIPPluginJar : add extmemmanager
2025-06-12 20:01:49,395 [INFO] IPUIPlugin:80 - create IPUIPlugin
2025-06-12 20:01:49,395 [INFO] PluginManager:220 - loadIPPluginJar : add fatfs
2025-06-12 20:01:49,398 [INFO] IPUIPlugin:80 - create IPUIPlugin
2025-06-12 20:01:49,398 [INFO] PluginManager:220 - loadIPPluginJar : add fmc
2025-06-12 20:01:49,403 [INFO] IPUIPlugin:80 - create IPUIPlugin
2025-06-12 20:01:49,403 [INFO] PluginManager:220 - loadIPPluginJar : add freertos
2025-06-12 20:01:49,404 [INFO] IPUIPlugin:80 - create IPUIPlugin
2025-06-12 20:01:49,404 [INFO] PluginManager:220 - loadIPPluginJar : add genericplugin
2025-06-12 20:01:49,406 [INFO] IPUIPlugin:80 - create IPUIPlugin
2025-06-12 20:01:49,406 [INFO] PluginManager:220 - loadIPPluginJar : add gfxmmu
2025-06-12 20:01:49,408 [INFO] IPUIPlugin:80 - create IPUIPlugin
2025-06-12 20:01:49,408 [INFO] PluginManager:220 - loadIPPluginJar : add gic
2025-06-12 20:01:49,411 [INFO] IPUIPlugin:80 - create IPUIPlugin
2025-06-12 20:01:49,411 [INFO] PluginManager:220 - loadIPPluginJar : add gpio
2025-06-12 20:01:49,413 [INFO] IPUIPlugin:80 - create IPUIPlugin
2025-06-12 20:01:49,413 [INFO] PluginManager:220 - loadIPPluginJar : add gtzc
2025-06-12 20:01:49,415 [INFO] IPUIPlugin:80 - create IPUIPlugin
2025-06-12 20:01:49,415 [INFO] PluginManager:220 - loadIPPluginJar : add hash
2025-06-12 20:01:49,417 [INFO] IPUIPlugin:80 - create IPUIPlugin
2025-06-12 20:01:49,417 [INFO] PluginManager:220 - loadIPPluginJar : add i2c
2025-06-12 20:01:49,419 [INFO] IPUIPlugin:80 - create IPUIPlugin
2025-06-12 20:01:49,419 [INFO] PluginManager:220 - loadIPPluginJar : add i2s
2025-06-12 20:01:49,421 [INFO] IPUIPlugin:80 - create IPUIPlugin
2025-06-12 20:01:49,421 [INFO] PluginManager:220 - loadIPPluginJar : add i3c
2025-06-12 20:01:49,423 [INFO] IPUIPlugin:80 - create IPUIPlugin
2025-06-12 20:01:49,423 [INFO] PluginManager:220 - loadIPPluginJar : add ipddr
2025-06-12 20:01:49,427 [INFO] IPUIPlugin:80 - create IPUIPlugin
2025-06-12 20:01:49,427 [INFO] PluginManager:220 - loadIPPluginJar : add linkedlist
2025-06-12 20:01:49,429 [INFO] IPUIPlugin:80 - create IPUIPlugin
2025-06-12 20:01:49,429 [INFO] PluginManager:220 - loadIPPluginJar : add lorawan
2025-06-12 20:01:49,430 [INFO] IPUIPlugin:80 - create IPUIPlugin
2025-06-12 20:01:49,430 [INFO] PluginManager:220 - loadIPPluginJar : add ltdc
2025-06-12 20:01:49,433 [INFO] IPUIPlugin:80 - create IPUIPlugin
2025-06-12 20:01:49,434 [INFO] PluginManager:220 - loadIPPluginJar : add mdma
2025-06-12 20:01:49,436 [INFO] IPUIPlugin:80 - create IPUIPlugin
2025-06-12 20:01:49,436 [INFO] PluginManager:220 - loadIPPluginJar : add nvic
2025-06-12 20:01:49,438 [INFO] IPUIPlugin:80 - create IPUIPlugin
2025-06-12 20:01:49,438 [INFO] PluginManager:220 - loadIPPluginJar : add opamp
2025-06-12 20:01:49,439 [INFO] IPUIPlugin:80 - create IPUIPlugin
2025-06-12 20:01:49,440 [INFO] PluginManager:220 - loadIPPluginJar : add openamp
2025-06-12 20:01:49,441 [INFO] IPUIPlugin:80 - create IPUIPlugin
2025-06-12 20:01:49,441 [INFO] PluginManager:220 - loadIPPluginJar : add pdm2pcm
2025-06-12 20:01:49,445 [INFO] IPUIPlugin:80 - create IPUIPlugin
2025-06-12 20:01:49,445 [INFO] PluginManager:220 - loadIPPluginJar : add plateformsettings
2025-06-12 20:01:49,446 [INFO] IPUIPlugin:80 - create IPUIPlugin
2025-06-12 20:01:49,446 [INFO] PluginManager:220 - loadIPPluginJar : add quadspi
2025-06-12 20:01:49,448 [INFO] IPUIPlugin:80 - create IPUIPlugin
2025-06-12 20:01:49,448 [INFO] PluginManager:220 - loadIPPluginJar : add radio
2025-06-12 20:01:49,451 [INFO] IPUIPlugin:80 - create IPUIPlugin
2025-06-12 20:01:49,451 [INFO] PluginManager:220 - loadIPPluginJar : add resmgrutility
2025-06-12 20:01:49,453 [INFO] IPUIPlugin:80 - create IPUIPlugin
2025-06-12 20:01:49,453 [INFO] PluginManager:220 - loadIPPluginJar : add sai
2025-06-12 20:01:49,455 [INFO] IPUIPlugin:80 - create IPUIPlugin
2025-06-12 20:01:49,455 [INFO] PluginManager:220 - loadIPPluginJar : add spi
2025-06-12 20:01:49,466 [INFO] IPUIPlugin:80 - create IPUIPlugin
2025-06-12 20:01:49,467 [INFO] PluginManager:220 - loadIPPluginJar : add stm32_wpan
2025-06-12 20:01:49,468 [INFO] IPUIPlugin:80 - create IPUIPlugin
2025-06-12 20:01:49,468 [INFO] PluginManager:220 - loadIPPluginJar : add tim
2025-06-12 20:01:49,471 [INFO] IPUIPlugin:80 - create IPUIPlugin
2025-06-12 20:01:49,471 [INFO] PluginManager:220 - loadIPPluginJar : add touchsensing
2025-06-12 20:01:49,472 [INFO] IPUIPlugin:80 - create IPUIPlugin
2025-06-12 20:01:49,472 [INFO] PluginManager:220 - loadIPPluginJar : add tracer_emb
2025-06-12 20:01:49,473 [INFO] IPUIPlugin:80 - create IPUIPlugin
2025-06-12 20:01:49,473 [INFO] PluginManager:220 - loadIPPluginJar : add ts
2025-06-12 20:01:49,474 [INFO] IPUIPlugin:80 - create IPUIPlugin
2025-06-12 20:01:49,474 [INFO] PluginManager:220 - loadIPPluginJar : add tsc
2025-06-12 20:01:49,475 [INFO] IPUIPlugin:80 - create IPUIPlugin
2025-06-12 20:01:49,475 [INFO] PluginManager:220 - loadIPPluginJar : add ucpd
2025-06-12 20:01:49,477 [INFO] IPUIPlugin:80 - create IPUIPlugin
2025-06-12 20:01:49,477 [INFO] PluginManager:220 - loadIPPluginJar : add usart
2025-06-12 20:01:49,479 [INFO] IPUIPlugin:80 - create IPUIPlugin
2025-06-12 20:01:49,479 [INFO] PluginManager:220 - loadIPPluginJar : add usbx
2025-06-12 20:01:49,578 [FATAL] Updater:351 - Updater called before beeing initialized
2025-06-12 20:01:49,595 [INFO] RulesReader:64 - Compatibility file has been processed (302 Rules)
2025-06-12 20:01:49,602 [INFO] RulesReader:64 - Compatibility file has been processed (302 Rules)
2025-06-12 20:01:49,608 [INFO] CADModel:165 - CPN selected for project level
2025-06-12 20:01:49,608 [INFO] CADModel:114 - Register for checkConnection events
2025-06-12 20:01:49,608 [FATAL] Updater:351 - Updater called before beeing initialized
2025-06-12 20:01:49,608 [ERROR] CADModel:125 - Updater not yet initialized, retry later 
2025-06-12 20:01:49,720 [FATAL] Updater:351 - Updater called before beeing initialized
2025-06-12 20:01:49,722 [INFO] CADModel:165 - CPN selected for project level
2025-06-12 20:01:49,722 [INFO] CADModel:114 - Register for checkConnection events
2025-06-12 20:01:49,722 [FATAL] Updater:351 - Updater called before beeing initialized
2025-06-12 20:01:49,722 [ERROR] CADModel:125 - Updater not yet initialized, retry later 
2025-06-12 20:01:49,725 [FATAL] Updater:351 - Updater called before beeing initialized
2025-06-12 20:01:49,781 [FATAL] Updater:351 - Updater called before beeing initialized
2025-06-12 20:01:49,783 [INFO] DbMcusAds:53 - JSON generation date=Thu Mar 06 15:54:22 CET 2025 (1741272862204)
2025-06-12 20:01:49,783 [FATAL] Updater:351 - Updater called before beeing initialized
2025-06-12 20:01:49,808 [WARN] DetailPanel:346 - Failed to get advertising image, set to default
2025-06-12 20:01:49,937 [FATAL] Updater:351 - Updater called before beeing initialized
2025-06-12 20:01:49,938 [FATAL] Updater:351 - Updater called before beeing initialized
2025-06-12 20:01:49,938 [FATAL] Updater:351 - Updater called before beeing initialized
2025-06-12 20:01:49,938 [WARN] DetailPanel:346 - Failed to get advertising image, set to default
2025-06-12 20:01:49,939 [FATAL] Updater:351 - Updater called before beeing initialized
2025-06-12 20:01:49,969 [ERROR] Updater:1198 - MainUpdater not yet initialized. External WinMGr cannot be set.
2025-06-12 20:01:49,971 [INFO] Updater:1134 - Updater Version found : 6.14.1
2025-06-12 20:01:49,984 [INFO] ApplicationProperties:184 - Using Application install path: C:\ST\STM32CubeIDE_1.17.0\STM32CubeIDE\plugins\com.st.stm32cube.common.mx_6.14.1.202504091515
2025-06-12 20:01:51,551 [ERROR] LogOutputStream:75 - [STDERR_REDIRECT] Jun 12, 2025 8:01:51 PM java.util.prefs.WindowsPreferences <init>
2025-06-12 20:01:51,552 [ERROR] LogOutputStream:75 - [STDERR_REDIRECT] WARNING: Could not open/create prefs root node Software\JavaSoft\Prefs at root 0xffffffff80000002. Windows RegCreateKeyEx(...) returned error code 5.
2025-06-12 20:01:51,552 [ERROR] LogOutputStream:75 - [STDERR_REDIRECT] 
2025-06-12 20:01:51,875 [INFO] MainUpdater:2872 - connection check result : 10
2025-06-12 20:01:51,876 [INFO] MainUpdater:289 - Updater Check For Update Now.
2025-06-12 20:01:51,876 [INFO] MicroXplorer:498 - Change Database Version : DB.6.0.141
2025-06-12 20:01:51,888 [INFO] McuFinderGlobals:63 - Set McuFinder mode to 2 (CubeIDE integrated)
2025-06-12 20:01:51,889 [INFO] UserAuth:484 - Internet connection configuration mode: 1
2025-06-12 20:01:51,912 [INFO] JxBrowserEngine:152 - Initiate JxBrowser Engine with user profile folder
2025-06-12 20:01:52,028 [INFO] CheckServerUpdateThread:120 - End of CheckServer Thread
2025-06-12 20:01:52,283 [WARN] PackLoader:240 - Cannot read IP mode file for STMicroelectronics.FP-SNS-MOTENVWB1.1.4.0
2025-06-12 20:01:52,287 [WARN] PackLoader:240 - Cannot read IP mode file for STMicroelectronics.FP-ATR-ASTRA1.2.0.2
2025-06-12 20:01:52,289 [WARN] PackLoader:240 - Cannot read IP mode file for STMicroelectronics.FP-ATR-ASTRA1.2.0.1
2025-06-12 20:01:52,294 [WARN] PackLoader:240 - Cannot read IP mode file for STMicroelectronics.X-CUBE-SMBUS.2.1.0
2025-06-12 20:01:52,298 [WARN] PackLoader:240 - Cannot read IP mode file for STMicroelectronics.X-CUBE-WB05N.1.1.0
2025-06-12 20:01:52,301 [WARN] PackLoader:240 - Cannot read IP mode file for STMicroelectronics.X-CUBE-ST60.1.0.0
2025-06-12 20:01:52,319 [WARN] PackLoader:240 - Cannot read IP mode file for STMicroelectronics.X-CUBE-AZRTOS-F7.1.1.0
2025-06-12 20:01:52,328 [WARN] PackLoader:240 - Cannot read IP mode file for STMicroelectronics.FP-SNS-FLIGHT1.5.0.2
2025-06-12 20:01:52,342 [WARN] PackLoader:240 - Cannot read IP mode file for Infineon.AIROC-Wi-Fi-Bluetooth-STM32.1.7.0
2025-06-12 20:01:52,351 [WARN] PackLoader:240 - Cannot read IP mode file for STMicroelectronics.X-CUBE-DISPLAY.3.0.0
2025-06-12 20:01:52,359 [WARN] PackLoader:240 - Cannot read IP mode file for STMicroelectronics.X-CUBE-BLE1.7.0.0
2025-06-12 20:01:52,365 [WARN] PackLoader:240 - Cannot read IP mode file for STMicroelectronics.X-CUBE-NFC10.1.0.0
2025-06-12 20:01:52,371 [WARN] PackLoader:240 - Cannot read IP mode file for STMicroelectronics.X-CUBE-BLEMGR.4.0.0
2025-06-12 20:01:52,376 [WARN] PackLoader:240 - Cannot read IP mode file for emotas.I-CUBE-CANOPEN.1.3.0
2025-06-12 20:01:52,381 [WARN] PackLoader:240 - Cannot read IP mode file for STMicroelectronics.X-CUBE-AI.10.0.0
2025-06-12 20:01:52,385 [WARN] PackLoader:240 - Cannot read IP mode file for STMicroelectronics.FP-SNS-SMARTAG2.1.2.0
2025-06-12 20:01:52,387 [WARN] PackLoader:240 - Cannot read IP mode file for STMicroelectronics.FP-SNS-FLIGHT1.5.1.0
2025-06-12 20:01:52,406 [WARN] PackLoader:240 - Cannot read IP mode file for STMicroelectronics.X-CUBE-MEMS1.11.1.0
2025-06-12 20:01:52,477 [INFO] LogOutputStream:77 - [STDOUT_REDIRECT] 1 : Invalid condition id : UX_CORESTACK_Condition cause : null
2025-06-12 20:01:52,478 [INFO] LogOutputStream:77 - [STDOUT_REDIRECT] 1 : Invalid condition id : UX_CORESTACK_Condition cause : null
2025-06-12 20:01:52,479 [INFO] LogOutputStream:77 - [STDOUT_REDIRECT] 1 : Invalid condition id : UX_CORESTACK_Condition cause : null
2025-06-12 20:01:52,479 [INFO] LogOutputStream:77 - [STDOUT_REDIRECT] 1 : Invalid condition id : UX_CORESTACK_Condition cause : null
2025-06-12 20:01:52,480 [INFO] LogOutputStream:77 - [STDOUT_REDIRECT] 1 : Invalid condition id : UX_CORESTACK_Condition cause : null
2025-06-12 20:01:52,481 [WARN] PackLoader:240 - Cannot read IP mode file for STMicroelectronics.X-CUBE-AZRTOS-WL.2.0.0
2025-06-12 20:01:52,484 [WARN] PackLoader:240 - Cannot read IP mode file for STMicroelectronics.FP-SNS-MOTENV1.5.0.0
2025-06-12 20:01:52,487 [WARN] PackLoader:240 - Cannot read IP mode file for wolfSSL.I-CUBE-wolfMQTT.1.19.0
2025-06-12 20:01:52,492 [WARN] PackLoader:240 - Cannot read IP mode file for WES.I-CUBE-Cesium.1.3.0
2025-06-12 20:01:52,495 [WARN] PackLoader:240 - Cannot read IP mode file for STMicroelectronics.X-CUBE-BLE2.3.3.0
2025-06-12 20:01:52,498 [WARN] PackLoader:240 - Cannot read IP mode file for STMicroelectronics.X-CUBE-NFC9.1.0.0
2025-06-12 20:01:52,500 [WARN] PackLoader:240 - Cannot read IP mode file for STMicroelectronics.X-CUBE-BLE1.7.1.0
2025-06-12 20:01:52,502 [WARN] PackLoader:240 - Cannot read IP mode file for STMicroelectronics.X-CUBE-AI.10.1.0
2025-06-12 20:01:52,518 [WARN] PackLoader:240 - Cannot read IP mode file for STMicroelectronics.X-CUBE-MEMS1.11.2.0
2025-06-12 20:01:52,621 [WARN] PackLoader:240 - Cannot read IP mode file for STMicroelectronics.X-CUBE-AZRTOS-G0.1.1.0
2025-06-12 20:01:52,625 [WARN] PackLoader:240 - Cannot read IP mode file for STMicroelectronics.X-CUBE-SAFEA1.1.2.2
2025-06-12 20:01:52,628 [WARN] PackLoader:240 - Cannot read IP mode file for STMicroelectronics.X-CUBE-NFC4.3.0.0
2025-06-12 20:01:52,632 [WARN] PackLoader:240 - Cannot read IP mode file for EmbeddedOffice.I-CUBE-FS-RTOS.1.0.1
2025-06-12 20:01:52,636 [WARN] PackLoader:240 - Cannot read IP mode file for STMicroelectronics.X-CUBE-WB05N.2.0.0
2025-06-12 20:01:52,639 [WARN] PackLoader:240 - Cannot read IP mode file for STMicroelectronics.X-CUBE-TCPP.4.2.0
2025-06-12 20:01:52,642 [WARN] PackLoader:240 - Cannot read IP mode file for RealThread.X-CUBE-RT-Thread_Nano.4.1.1
2025-06-12 20:01:52,644 [WARN] PackLoader:240 - Cannot read IP mode file for STMicroelectronics.FP-ATR-SIGFOX1.3.2.0
2025-06-12 20:01:52,647 [WARN] ConditionMgr:438 - getConditionDescription Invalid condition id : Cortex-A Device cause : null
2025-06-12 20:01:52,657 [WARN] ConditionMgr:1044 - genDependencies : Invalid condition id : Cortex-A Device cause : null
2025-06-12 20:01:52,657 [WARN] ConditionMgr:1044 - genDependencies : Invalid condition id : Cortex-A Device cause : null
2025-06-12 20:01:52,657 [WARN] ConditionMgr:1044 - genDependencies : Invalid condition id : Cortex-A Device cause : null
2025-06-12 20:01:52,660 [WARN] PackLoader:240 - Cannot read IP mode file for STMicroelectronics.X-CUBE-EEPRMA1.5.1.0
2025-06-12 20:01:52,663 [WARN] PackLoader:240 - Cannot read IP mode file for wolfSSL.I-CUBE-wolfSSL.5.7.4
2025-06-12 20:01:52,668 [WARN] PackLoader:240 - Cannot read IP mode file for ITTIA_DB.I-CUBE-ITTIADB.8.9.0
2025-06-12 20:01:52,675 [WARN] PackLoader:240 - Cannot read IP mode file for STMicroelectronics.X-CUBE-ST67W61.1.0.0
2025-06-12 20:01:52,685 [WARN] PackLoader:240 - Cannot read IP mode file for SEGGER.I-CUBE-embOS.1.3.1
2025-06-12 20:01:52,698 [WARN] PackLoader:240 - Cannot read IP mode file for STMicroelectronics.X-CUBE-ALGOBUILD.1.4.0
2025-06-12 20:01:52,713 [WARN] PackLoader:240 - Cannot read IP mode file for STMicroelectronics.X-CUBE-MEMS1.11.3.0
2025-06-12 20:01:52,754 [WARN] PackLoader:240 - Cannot read IP mode file for STMicroelectronics.X-CUBE-AI.9.1.0
2025-06-12 20:01:52,759 [WARN] PackLoader:240 - Cannot read IP mode file for STMicroelectronics.X-CUBE-AZRTOS-F4.1.1.0
2025-06-12 20:01:52,763 [WARN] PackLoader:240 - Cannot read IP mode file for Avnet-IotConnect.X-CUBE-IoTC-DA16k-PMOD.1.0.0
2025-06-12 20:01:52,765 [WARN] PackLoader:240 - Cannot read IP mode file for STMicroelectronics.X-CUBE-ISPU.2.1.0
2025-06-12 20:01:52,771 [WARN] PackLoader:240 - Cannot read IP mode file for STMicroelectronics.X-CUBE-AZRTOS-L5.2.0.0
2025-06-12 20:01:52,777 [WARN] PackLoader:240 - Cannot read IP mode file for STMicroelectronics.X-CUBE-NFC6.3.1.0
2025-06-12 20:01:52,781 [WARN] PackLoader:240 - Cannot read IP mode file for STMicroelectronics.X-CUBE-DPower.1.2.0
2025-06-12 20:01:52,784 [WARN] PackLoader:240 - Cannot read IP mode file for STMicroelectronics.X-CUBE-FREERTOS.1.3.1
2025-06-12 20:01:52,786 [WARN] PackLoader:240 - Cannot read IP mode file for STMicroelectronics.X-CUBE-FREERTOS.1.3.0
2025-06-12 20:01:52,788 [WARN] PackLoader:240 - Cannot read IP mode file for STMicroelectronics.X-CUBE-NFC7.1.0.1
2025-06-12 20:01:52,791 [WARN] PackLoader:240 - Cannot read IP mode file for STMicroelectronics.X-CUBE-DPower.1.3.0
2025-06-12 20:01:52,797 [WARN] ConditionMgr:438 - getConditionDescription Invalid condition id : LAN8742 Phy interface Condition cause : null
2025-06-12 20:01:52,798 [WARN] PackLoader:240 - Cannot read IP mode file for STMicroelectronics.X-CUBE-AZRTOS-L4.2.0.0
2025-06-12 20:01:52,798 [WARN] ConditionMgr:1044 - genDependencies : Invalid condition id : LAN8742 Phy interface Condition cause : null
2025-06-12 20:01:52,798 [WARN] ConditionMgr:1044 - genDependencies : Invalid condition id : LAN8742 Phy interface Condition cause : null
2025-06-12 20:01:52,798 [WARN] ConditionMgr:1044 - genDependencies : Invalid condition id : LAN8742 Phy interface Condition cause : null
2025-06-12 20:01:52,807 [WARN] PackLoader:240 - Cannot read IP mode file for STMicroelectronics.X-CUBE-SFXS2LP1.4.0.0
2025-06-12 20:01:52,841 [WARN] PackLoader:240 - Cannot read IP mode file for STMicroelectronics.X-CUBE-AZRTOS-H7.3.3.0
2025-06-12 20:01:52,864 [WARN] PackLoader:240 - Cannot read IP mode file for STMicroelectronics.X-CUBE-IPS.3.0.0
2025-06-12 20:01:52,871 [WARN] ConditionMgr:438 - getConditionDescription Invalid condition id : UX DEVICE CLASS RTOS Condition cause : null
2025-06-12 20:01:52,871 [WARN] ConditionMgr:438 - getConditionDescription Invalid condition id : UX DEVICE CLASS RTOS Condition cause : null
2025-06-12 20:01:52,871 [WARN] PackLoader:240 - Cannot read IP mode file for STMicroelectronics.X-CUBE-AZRTOS-WB.2.0.0
2025-06-12 20:01:52,871 [WARN] ConditionMgr:1044 - genDependencies : Invalid condition id : UX DEVICE CLASS RTOS Condition cause : null
2025-06-12 20:01:52,872 [WARN] ConditionMgr:1044 - genDependencies : Invalid condition id : UX DEVICE CLASS RTOS Condition cause : null
2025-06-12 20:01:52,872 [WARN] ConditionMgr:1044 - genDependencies : Invalid condition id : UX DEVICE CLASS RTOS Condition cause : null
2025-06-12 20:01:52,872 [WARN] ConditionMgr:1044 - genDependencies : Invalid condition id : UX DEVICE CLASS RTOS Condition cause : null
2025-06-12 20:01:52,872 [WARN] ConditionMgr:1044 - genDependencies : Invalid condition id : UX DEVICE CLASS RTOS Condition cause : null
2025-06-12 20:01:52,876 [WARN] PackLoader:240 - Cannot read IP mode file for STMicroelectronics.X-CUBE-GNSS1.7.0.1
2025-06-12 20:01:52,880 [WARN] PackLoader:240 - Cannot read IP mode file for STMicroelectronics.X-CUBE-TOUCHGFX.4.25.0
2025-06-12 20:01:52,883 [WARN] PackLoader:240 - Cannot read IP mode file for STMicroelectronics.FP-SNS-STBOX1.2.0.0
2025-06-12 20:01:52,888 [WARN] PackLoader:240 - Cannot read IP mode file for STMicroelectronics.X-CUBE-SUBG2.5.0.0
2025-06-12 20:01:52,896 [WARN] PackLoader:240 - Cannot read IP mode file for STMicroelectronics.X-CUBE-AZRTOS-H7RS.1.1.0
2025-06-12 20:01:52,900 [WARN] PackLoader:240 - Cannot read IP mode file for Cesanta.I-CUBE-Mongoose.7.13.0
2025-06-12 20:01:52,905 [WARN] PackLoader:240 - Cannot read IP mode file for STMicroelectronics.X-CUBE-AZRTOS-G4.2.0.0
2025-06-12 20:01:52,908 [WARN] PackLoader:240 - Cannot read IP mode file for STMicroelectronics.X-CUBE-NFC7.2.0.0
2025-06-12 20:01:52,912 [WARN] PackLoader:240 - Cannot read IP mode file for STMicroelectronics.X-CUBE-IPS.3.1.0
2025-06-12 20:01:52,918 [WARN] PackLoader:240 - Cannot read IP mode file for STMicroelectronics.X-CUBE-ALS.1.0.2
2025-06-12 20:01:52,919 [WARN] PackLoader:240 - Cannot read IP mode file for STMicroelectronics.X-CUBE-TOUCHGFX.4.24.2
2025-06-12 20:01:52,921 [WARN] PackLoader:240 - Cannot read IP mode file for STMicroelectronics.X-CUBE-TOUCHGFX.4.24.1
2025-06-12 20:01:52,923 [WARN] PackLoader:240 - Cannot read IP mode file for wolfSSL.I-CUBE-wolfTPM.3.4.0
2025-06-12 20:01:52,926 [WARN] PackLoader:240 - Cannot read IP mode file for portGmbH.I-Cube-SoM-uGOAL.1.1.0
2025-06-12 20:01:52,931 [WARN] PackLoader:240 - Cannot read IP mode file for STMicroelectronics.X-CUBE-AZRTOS-H7RS.1.0.0
2025-06-12 20:01:52,937 [WARN] PackLoader:240 - Cannot read IP mode file for STMicroelectronics.X-CUBE-TOF1.3.4.2
2025-06-12 20:01:52,944 [WARN] PackLoader:240 - Cannot read IP mode file for STMicroelectronics.X-CUBE-TOF1.3.4.3
2025-06-12 20:01:52,964 [WARN] PackLoader:240 - Cannot read IP mode file for wolfSSL.I-CUBE-wolfSSH.1.4.17
2025-06-12 20:01:52,964 [INFO] ThirdParty:978 - Integrity check success = true
2025-06-12 20:01:52,965 [INFO] IntegrityCheckThread:100 - exiting critical section [integrity check]
2025-06-12 20:01:52,965 [INFO] IntegrityCheckThread:103 - End integrity checks thread
2025-06-12 20:01:53,109 [INFO] WebApp:169 - Instantiating new browser for Auth
2025-06-12 20:01:53,546 [INFO] WebApp:463 - Apply proxy settings
2025-06-12 20:01:53,546 [INFO] WebApp:548 - Chromium requires no authentication
2025-06-12 20:01:53,553 [INFO] WebApp:491 - Direct internet connection detected
2025-06-12 20:01:53,568 [INFO] WebApp:894 - Register for checkConnection events
2025-06-12 20:01:53,568 [INFO] WebApp:463 - Apply proxy settings
2025-06-12 20:01:53,568 [INFO] WebApp:548 - Chromium requires no authentication
2025-06-12 20:01:53,569 [INFO] WebApp:491 - Direct internet connection detected
2025-06-12 20:01:53,673 [INFO] WebApp:225 - Starting web application
2025-06-12 20:01:53,673 [INFO] WebApp:593 - Web application path used C:\ST\STM32CubeIDE_1.17.0\STM32CubeIDE\plugins\com.st.stm32cube.common.mx_6.14.1.202504091515\db\plugins\mcufinder\reactClient1\index.html
2025-06-12 20:01:53,719 [INFO] UserAuth:484 - Internet connection configuration mode: 1
2025-06-12 20:01:53,755 [INFO] WebApp:191 - Connection restablished
