22:25:43 **** Build of configuration Debug for project 01_LED_toggle_addr_struct ****
make -j24 all 
arm-none-eabi-gcc "../Src/main.c" -mcpu=cortex-m4 -std=gnu11 -g3 -DDEBUG -DSTM32 -DSTM32F4 -DSTM32F446RETx -DNUCLEO_F446RE -c -I../Inc -O0 -ffunction-sections -fdata-sections -Wall -fstack-usage -fcyclomatic-complexity -MMD -MP -MF"Src/main.d" -MT"Src/main.o" --specs=nano.specs -mfpu=fpv4-sp-d16 -mfloat-abi=hard -mthumb -o "Src/main.o"
arm-none-eabi-gcc -o "01_LED_toggle_addr_struct.elf" @"objects.list"   -mcpu=cortex-m4 -T"C:\Users\stoff\Documents\Stm32_Baremetal_Course\01_LED_toggle_addr_struct\STM32F446RETX_FLASH.ld" --specs=nosys.specs -Wl,-Map="01_LED_toggle_addr_struct.map" -Wl,--gc-sections -static --specs=nano.specs -mfpu=fpv4-sp-d16 -mfloat-abi=hard -mthumb -Wl,--start-group -lc -lm -Wl,--end-group
Finished building target: 01_LED_toggle_addr_struct.elf
 
arm-none-eabi-size  01_LED_toggle_addr_struct.elf 
arm-none-eabi-objdump -h -S 01_LED_toggle_addr_struct.elf  > "01_LED_toggle_addr_struct.list"
   text	   data	    bss	    dec	    hex	filename
    792	      0	   1568	   2360	    938	01_LED_toggle_addr_struct.elf
Finished building: default.size.stdout
 
Finished building: 01_LED_toggle_addr_struct.list
 

22:25:43 Build Finished. 0 errors, 0 warnings. (took 342ms)

