17:43:51 **** Build of configuration Debug for project 09_ADC1 ****
make -j8 all 
arm-none-eabi-gcc -mcpu=cortex-m4 -g3 -DDEBUG -c -x assembler-with-cpp -MMD -MP -MF"Startup/startup_stm32f446retx.d" -MT"Startup/startup_stm32f446retx.o" --specs=nano.specs -mfpu=fpv4-sp-d16 -mfloat-abi=hard -mthumb -o "Startup/startup_stm32f446retx.o" "../Startup/startup_stm32f446retx.s"
arm-none-eabi-gcc "../Src/main.c" -mcpu=cortex-m4 -std=gnu11 -g3 -DDEBUG -DSTM32 -DSTM32F4 -DSTM32F446RETx -DNUCLEO_F446RE -DSTM32F446xx -c -I../Inc -I"C:/Users/Chris/Documents/Stm32_Baremetal_Course/F4_chip_headers/F4_chip_headers/chip_headers/CMSIS/Include" -I"C:/Users/Chris/Documents/Stm32_Baremetal_Course/F4_chip_headers/F4_chip_headers/chip_headers/CMSIS/Device/ST/STM32F4xx/Include" -O0 -ffunction-sections -fdata-sections -Wall -fstack-usage -fcyclomatic-complexity -MMD -MP -MF"Src/main.d" -MT"Src/main.o" --specs=nano.specs -mfpu=fpv4-sp-d16 -mfloat-abi=hard -mthumb -o "Src/main.o"
arm-none-eabi-gcc "../Src/syscalls.c" -mcpu=cortex-m4 -std=gnu11 -g3 -DDEBUG -DSTM32 -DSTM32F4 -DSTM32F446RETx -DNUCLEO_F446RE -DSTM32F446xx -c -I../Inc -I"C:/Users/Chris/Documents/Stm32_Baremetal_Course/F4_chip_headers/F4_chip_headers/chip_headers/CMSIS/Include" -I"C:/Users/Chris/Documents/Stm32_Baremetal_Course/F4_chip_headers/F4_chip_headers/chip_headers/CMSIS/Device/ST/STM32F4xx/Include" -O0 -ffunction-sections -fdata-sections -Wall -fstack-usage -fcyclomatic-complexity -MMD -MP -MF"Src/syscalls.d" -MT"Src/syscalls.o" --specs=nano.specs -mfpu=fpv4-sp-d16 -mfloat-abi=hard -mthumb -o "Src/syscalls.o"
arm-none-eabi-gcc "../Src/sysmem.c" -mcpu=cortex-m4 -std=gnu11 -g3 -DDEBUG -DSTM32 -DSTM32F4 -DSTM32F446RETx -DNUCLEO_F446RE -DSTM32F446xx -c -I../Inc -I"C:/Users/Chris/Documents/Stm32_Baremetal_Course/F4_chip_headers/F4_chip_headers/chip_headers/CMSIS/Include" -I"C:/Users/Chris/Documents/Stm32_Baremetal_Course/F4_chip_headers/F4_chip_headers/chip_headers/CMSIS/Device/ST/STM32F4xx/Include" -O0 -ffunction-sections -fdata-sections -Wall -fstack-usage -fcyclomatic-complexity -MMD -MP -MF"Src/sysmem.d" -MT"Src/sysmem.o" --specs=nano.specs -mfpu=fpv4-sp-d16 -mfloat-abi=hard -mthumb -o "Src/sysmem.o"
arm-none-eabi-gcc "../Src/uart.c" -mcpu=cortex-m4 -std=gnu11 -g3 -DDEBUG -DSTM32 -DSTM32F4 -DSTM32F446RETx -DNUCLEO_F446RE -DSTM32F446xx -c -I../Inc -I"C:/Users/Chris/Documents/Stm32_Baremetal_Course/F4_chip_headers/F4_chip_headers/chip_headers/CMSIS/Include" -I"C:/Users/Chris/Documents/Stm32_Baremetal_Course/F4_chip_headers/F4_chip_headers/chip_headers/CMSIS/Device/ST/STM32F4xx/Include" -O0 -ffunction-sections -fdata-sections -Wall -fstack-usage -fcyclomatic-complexity -MMD -MP -MF"Src/uart.d" -MT"Src/uart.o" --specs=nano.specs -mfpu=fpv4-sp-d16 -mfloat-abi=hard -mthumb -o "Src/uart.o"
arm-none-eabi-gcc -o "09_ADC1.elf" @"objects.list"   -mcpu=cortex-m4 -T"C:\Users\Chris\Documents\Stm32_Baremetal_Course\09_ADC1\STM32F446RETX_FLASH.ld" --specs=nosys.specs -Wl,-Map="09_ADC1.map" -Wl,--gc-sections -static --specs=nano.specs -mfpu=fpv4-sp-d16 -mfloat-abi=hard -mthumb -Wl,--start-group -lc -lm -Wl,--end-group
Finished building target: 09_ADC1.elf
 
arm-none-eabi-size  09_ADC1.elf 
arm-none-eabi-objdump -h -S 09_ADC1.elf  > "09_ADC1.list"
   text	   data	    bss	    dec	    hex	filename
   1148	      0	   1568	   2716	    a9c	09_ADC1.elf
Finished building: default.size.stdout
 
Finished building: 09_ADC1.list
 
15:49:44 **** Build of configuration Debug for project 01_LED_toggle_addr_struct ****
make -j8 all 
arm-none-eabi-size  01_LED_toggle_addr_struct.elf 
   text	   data	    bss	    dec	    hex	filename
    792	      0	   1568	   2360	    938	01_LED_toggle_addr_struct.elf
Finished building: default.size.stdout
 
15:49:45 **** Build of configuration Debug for project 02_GPIO_output ****
make -j8 all 
arm-none-eabi-gcc "../Src/main.c" -mcpu=cortex-m4 -std=gnu11 -g3 -DDEBUG -DSTM32 -DSTM32F4 -DSTM32F446RETx -DNUCLEO_F446RE -DSTM32F446xx -c -I../Inc -I"C:/Users/stoff/Documents/Stm32_Baremetal_Course/F4_chip_headers/F4_chip_headers/chip_headers/CMSIS/Device/ST/STM32F4xx/Include" -I"C:/Users/stoff/Documents/Stm32_Baremetal_Course/F4_chip_headers/F4_chip_headers/chip_headers/CMSIS/Include" -O0 -ffunction-sections -fdata-sections -Wall -fstack-usage -fcyclomatic-complexity -MMD -MP -MF"Src/main.d" -MT"Src/main.o" --specs=nano.specs -mfpu=fpv4-sp-d16 -mfloat-abi=hard -mthumb -o "Src/main.o"
../Src/main.c:1:10: fatal error: stm32f4xx.h: No such file or directory
    1 | #include "stm32f4xx.h"
      |          ^~~~~~~~~~~~~
compilation terminated.
make: *** [Src/subdir.mk:25: Src/main.o] Error 1
"make -j8 all" terminated with exit code 2. Build might be incomplete.
15:49:46 **** Build of configuration Debug for project 03_GPIO_bsrr ****
make -j8 all 
arm-none-eabi-gcc "../Src/main.c" -mcpu=cortex-m4 -std=gnu11 -g3 -DDEBUG -DSTM32 -DSTM32F4 -DSTM32F446RETx -DNUCLEO_F446RE -DSTM32F446xx -c -I../Inc -I"C:/Users/stoff/Documents/Stm32_Baremetal_Course/F4_chip_headers/F4_chip_headers/chip_headers/CMSIS/Device/ST/STM32F4xx/Include" -I"C:/Users/stoff/Documents/Stm32_Baremetal_Course/F4_chip_headers/F4_chip_headers/chip_headers/CMSIS/Include" -O0 -ffunction-sections -fdata-sections -Wall -fstack-usage -fcyclomatic-complexity -MMD -MP -MF"Src/main.d" -MT"Src/main.o" --specs=nano.specs -mfpu=fpv4-sp-d16 -mfloat-abi=hard -mthumb -o "Src/main.o"
../Src/main.c:1:10: fatal error: stm32f4xx.h: No such file or directory
    1 | #include "stm32f4xx.h"
      |          ^~~~~~~~~~~~~
compilation terminated.
make: *** [Src/subdir.mk:25: Src/main.o] Error 1
"make -j8 all" terminated with exit code 2. Build might be incomplete.
15:49:46 **** Build of configuration Debug for project 04_GPIO_input ****
make -j8 all 
arm-none-eabi-gcc "../Src/main.c" -mcpu=cortex-m4 -std=gnu11 -g3 -DDEBUG -DSTM32 -DSTM32F4 -DSTM32F446RETx -DNUCLEO_F446RE -DSTM32F446xx -c -I../Inc -I"C:/Users/stoff/Documents/Stm32_Baremetal_Course/F4_chip_headers/F4_chip_headers/chip_headers/CMSIS/Device/ST/STM32F4xx/Include" -I"C:/Users/stoff/Documents/Stm32_Baremetal_Course/F4_chip_headers/F4_chip_headers/chip_headers/CMSIS/Include" -O0 -ffunction-sections -fdata-sections -Wall -fstack-usage -fcyclomatic-complexity -MMD -MP -MF"Src/main.d" -MT"Src/main.o" --specs=nano.specs -mfpu=fpv4-sp-d16 -mfloat-abi=hard -mthumb -o "Src/main.o"
../Src/main.c:1:10: fatal error: stm32f4xx.h: No such file or directory
    1 | #include "stm32f4xx.h"
      |          ^~~~~~~~~~~~~
compilation terminated.
make: *** [Src/subdir.mk:25: Src/main.o] Error 1
"make -j8 all" terminated with exit code 2. Build might be incomplete.
15:49:46 **** Build of configuration Debug for project 05_UART_TX ****
make -j8 all 
arm-none-eabi-gcc "../Src/main.c" -mcpu=cortex-m4 -std=gnu11 -g3 -DDEBUG -DSTM32 -DSTM32F4 -DSTM32F446RETx -DNUCLEO_F446RE -DSTM32F446xx -c -I../Inc -I"C:/Users/stoff/Documents/Stm32_Baremetal_Course/F4_chip_headers/F4_chip_headers/chip_headers/CMSIS/Device/ST/STM32F4xx/Include" -I"C:/Users/stoff/Documents/Stm32_Baremetal_Course/F4_chip_headers/F4_chip_headers/chip_headers/CMSIS/Include" -O0 -ffunction-sections -fdata-sections -Wall -fstack-usage -fcyclomatic-complexity -MMD -MP -MF"Src/main.d" -MT"Src/main.o" --specs=nano.specs -mfpu=fpv4-sp-d16 -mfloat-abi=hard -mthumb -o "Src/main.o"
../Src/main.c:2:10: fatal error: stm32f4xx.h: No such file or directory
    2 | #include "stm32f4xx.h"
      |          ^~~~~~~~~~~~~
compilation terminated.
make: *** [Src/subdir.mk:25: Src/main.o] Error 1
"make -j8 all" terminated with exit code 2. Build might be incomplete.
15:49:47 **** Build of configuration Debug for project 06_UART_printf ****
make -j8 all 
arm-none-eabi-gcc "../Src/main.c" -mcpu=cortex-m4 -std=gnu11 -g3 -DDEBUG -DSTM32 -DSTM32F4 -DSTM32F446RETx -DNUCLEO_F446RE -DSTM32F446xx -c -I../Inc -I"C:/Users/stoff/Documents/Stm32_Baremetal_Course/F4_chip_headers/F4_chip_headers/chip_headers/CMSIS/Device/ST/STM32F4xx/Include" -I"C:/Users/stoff/Documents/Stm32_Baremetal_Course/F4_chip_headers/F4_chip_headers/chip_headers/CMSIS/Include" -O0 -ffunction-sections -fdata-sections -Wall -fstack-usage -fcyclomatic-complexity -MMD -MP -MF"Src/main.d" -MT"Src/main.o" --specs=nano.specs -mfpu=fpv4-sp-d16 -mfloat-abi=hard -mthumb -o "Src/main.o"
../Src/main.c:3:10: fatal error: stm32f4xx.h: No such file or directory
    3 | #include "stm32f4xx.h"
      |          ^~~~~~~~~~~~~
compilation terminated.
make: *** [Src/subdir.mk:25: Src/main.o] Error 1
"make -j8 all" terminated with exit code 2. Build might be incomplete.
15:49:47 **** Build of configuration Debug for project 06_UART_printf2 ****
make -j8 all 
arm-none-eabi-gcc "../Src/main.c" -mcpu=cortex-m4 -std=gnu11 -g3 -DDEBUG -DSTM32 -DSTM32F4 -DSTM32F446RETx -DNUCLEO_F446RE -DSTM32F446xx -c -I../Inc -I"C:/Users/stoff/Documents/Stm32_Baremetal_Course/F4_chip_headers/F4_chip_headers/chip_headers/CMSIS/Device/ST/STM32F4xx/Include" -I"C:/Users/stoff/Documents/Stm32_Baremetal_Course/F4_chip_headers/F4_chip_headers/chip_headers/CMSIS/Include" -O0 -ffunction-sections -fdata-sections -Wall -fstack-usage -fcyclomatic-complexity -MMD -MP -MF"Src/main.d" -MT"Src/main.o" --specs=nano.specs -mfpu=fpv4-sp-d16 -mfloat-abi=hard -mthumb -o "Src/main.o"
../Src/main.c:3:10: fatal error: stm32f4xx.h: No such file or directory
    3 | #include "stm32f4xx.h"
      |          ^~~~~~~~~~~~~
compilation terminated.
make: *** [Src/subdir.mk:25: Src/main.o] Error 1
"make -j8 all" terminated with exit code 2. Build might be incomplete.
15:49:48 **** Build of configuration Debug for project 07_UART_modular ****
make -j8 all 
arm-none-eabi-gcc "../Src/main.c" -mcpu=cortex-m4 -std=gnu11 -g3 -DDEBUG -DSTM32 -DSTM32F4 -DSTM32F446RETx -DNUCLEO_F446RE -DSTM32F446xx -c -I../Inc -I"C:/Users/stoff/Documents/Stm32_Baremetal_Course/F4_chip_headers/F4_chip_headers/chip_headers/CMSIS/Device/ST/STM32F4xx/Include" -I"C:/Users/stoff/Documents/Stm32_Baremetal_Course/F4_chip_headers/F4_chip_headers/chip_headers/CMSIS/Include" -O0 -ffunction-sections -fdata-sections -Wall -fstack-usage -fcyclomatic-complexity -MMD -MP -MF"Src/main.d" -MT"Src/main.o" --specs=nano.specs -mfpu=fpv4-sp-d16 -mfloat-abi=hard -mthumb -o "Src/main.o"
arm-none-eabi-gcc "../Src/uart.c" -mcpu=cortex-m4 -std=gnu11 -g3 -DDEBUG -DSTM32 -DSTM32F4 -DSTM32F446RETx -DNUCLEO_F446RE -DSTM32F446xx -c -I../Inc -I"C:/Users/stoff/Documents/Stm32_Baremetal_Course/F4_chip_headers/F4_chip_headers/chip_headers/CMSIS/Device/ST/STM32F4xx/Include" -I"C:/Users/stoff/Documents/Stm32_Baremetal_Course/F4_chip_headers/F4_chip_headers/chip_headers/CMSIS/Include" -O0 -ffunction-sections -fdata-sections -Wall -fstack-usage -fcyclomatic-complexity -MMD -MP -MF"Src/uart.d" -MT"Src/uart.o" --specs=nano.specs -mfpu=fpv4-sp-d16 -mfloat-abi=hard -mthumb -o "Src/uart.o"
In file included from ../Src/uart.c:1:
../Inc/uart.h:6:10: fatal error: stm32f4xx.h: No such file or directory
    6 | #include "stm32f4xx.h"
      |          ^~~~~~~~~~~~~
compilation terminated.
../Src/main.c:3:10: fatal error: stm32f4xx.h: No such file or directory
    3 | #include "stm32f4xx.h"
      |          ^~~~~~~~~~~~~
compilation terminated.
make: *** [Src/subdir.mk:28: Src/main.o] Error 1
make: *** Waiting for unfinished jobs....
make: *** [Src/subdir.mk:28: Src/uart.o] Error 1
"make -j8 all" terminated with exit code 2. Build might be incomplete.
15:49:48 **** Build of configuration Debug for project 08_UART_RX ****
make -j8 all 
arm-none-eabi-size  08_UART_RX.elf 
   text	   data	    bss	    dec	    hex	filename
   1148	      0	   1568	   2716	    a9c	08_UART_RX.elf
Finished building: default.size.stdout
 
15:49:49 **** Incremental Build of configuration Debug for project 09_ADC1 ****
make -j8 all 
arm-none-eabi-gcc "../Src/adc.c" -mcpu=cortex-m4 -std=gnu11 -g3 -DDEBUG -DSTM32 -DSTM32F4 -DSTM32F446RETx -DNUCLEO_F446RE -DSTM32F446xx -c -I../Inc -I"C:/Users/Chris/Documents/Stm32_Baremetal_Course/F4_chip_headers/F4_chip_headers/chip_headers/CMSIS/Include" -I"C:/Users/Chris/Documents/Stm32_Baremetal_Course/F4_chip_headers/F4_chip_headers/chip_headers/CMSIS/Device/ST/STM32F4xx/Include" -O0 -ffunction-sections -fdata-sections -Wall -fstack-usage -fcyclomatic-complexity -MMD -MP -MF"Src/adc.d" -MT"Src/adc.o" --specs=nano.specs -mfpu=fpv4-sp-d16 -mfloat-abi=hard -mthumb -o "Src/adc.o"
arm-none-eabi-gcc "../Src/main.c" -mcpu=cortex-m4 -std=gnu11 -g3 -DDEBUG -DSTM32 -DSTM32F4 -DSTM32F446RETx -DNUCLEO_F446RE -DSTM32F446xx -c -I../Inc -I"C:/Users/Chris/Documents/Stm32_Baremetal_Course/F4_chip_headers/F4_chip_headers/chip_headers/CMSIS/Include" -I"C:/Users/Chris/Documents/Stm32_Baremetal_Course/F4_chip_headers/F4_chip_headers/chip_headers/CMSIS/Device/ST/STM32F4xx/Include" -O0 -ffunction-sections -fdata-sections -Wall -fstack-usage -fcyclomatic-complexity -MMD -MP -MF"Src/main.d" -MT"Src/main.o" --specs=nano.specs -mfpu=fpv4-sp-d16 -mfloat-abi=hard -mthumb -o "Src/main.o"
arm-none-eabi-gcc "../Src/syscalls.c" -mcpu=cortex-m4 -std=gnu11 -g3 -DDEBUG -DSTM32 -DSTM32F4 -DSTM32F446RETx -DNUCLEO_F446RE -DSTM32F446xx -c -I../Inc -I"C:/Users/Chris/Documents/Stm32_Baremetal_Course/F4_chip_headers/F4_chip_headers/chip_headers/CMSIS/Include" -I"C:/Users/Chris/Documents/Stm32_Baremetal_Course/F4_chip_headers/F4_chip_headers/chip_headers/CMSIS/Device/ST/STM32F4xx/Include" -O0 -ffunction-sections -fdata-sections -Wall -fstack-usage -fcyclomatic-complexity -MMD -MP -MF"Src/syscalls.d" -MT"Src/syscalls.o" --specs=nano.specs -mfpu=fpv4-sp-d16 -mfloat-abi=hard -mthumb -o "Src/syscalls.o"
arm-none-eabi-gcc "../Src/sysmem.c" -mcpu=cortex-m4 -std=gnu11 -g3 -DDEBUG -DSTM32 -DSTM32F4 -DSTM32F446RETx -DNUCLEO_F446RE -DSTM32F446xx -c -I../Inc -I"C:/Users/Chris/Documents/Stm32_Baremetal_Course/F4_chip_headers/F4_chip_headers/chip_headers/CMSIS/Include" -I"C:/Users/Chris/Documents/Stm32_Baremetal_Course/F4_chip_headers/F4_chip_headers/chip_headers/CMSIS/Device/ST/STM32F4xx/Include" -O0 -ffunction-sections -fdata-sections -Wall -fstack-usage -fcyclomatic-complexity -MMD -MP -MF"Src/sysmem.d" -MT"Src/sysmem.o" --specs=nano.specs -mfpu=fpv4-sp-d16 -mfloat-abi=hard -mthumb -o "Src/sysmem.o"
arm-none-eabi-gcc "../Src/uart.c" -mcpu=cortex-m4 -std=gnu11 -g3 -DDEBUG -DSTM32 -DSTM32F4 -DSTM32F446RETx -DNUCLEO_F446RE -DSTM32F446xx -c -I../Inc -I"C:/Users/Chris/Documents/Stm32_Baremetal_Course/F4_chip_headers/F4_chip_headers/chip_headers/CMSIS/Include" -I"C:/Users/Chris/Documents/Stm32_Baremetal_Course/F4_chip_headers/F4_chip_headers/chip_headers/CMSIS/Device/ST/STM32F4xx/Include" -O0 -ffunction-sections -fdata-sections -Wall -fstack-usage -fcyclomatic-complexity -MMD -MP -MF"Src/uart.d" -MT"Src/uart.o" --specs=nano.specs -mfpu=fpv4-sp-d16 -mfloat-abi=hard -mthumb -o "Src/uart.o"
arm-none-eabi-gcc -o "09_ADC1.elf" @"objects.list"   -mcpu=cortex-m4 -T"C:\Users\Chris\Documents\Stm32_Baremetal_Course\09_ADC1\STM32F446RETX_FLASH.ld" --specs=nosys.specs -Wl,-Map="09_ADC1.map" -Wl,--gc-sections -static --specs=nano.specs -mfpu=fpv4-sp-d16 -mfloat-abi=hard -mthumb -Wl,--start-group -lc -lm -Wl,--end-group
Finished building target: 09_ADC1.elf
 
arm-none-eabi-size  09_ADC1.elf 
arm-none-eabi-objdump -h -S 09_ADC1.elf  > "09_ADC1.list"
   text	   data	    bss	    dec	    hex	filename
   5400	     92	   1908	   7400	   1ce8	09_ADC1.elf
Finished building: default.size.stdout
 
Finished building: 09_ADC1.list
 
