15:07:26 **** Incremental Build of configuration Debug for project 16_UART_RX_interrupt ****
make -j24 all 
arm-none-eabi-gcc "../Src/uart.c" -mcpu=cortex-m4 -std=gnu11 -g3 -DDEBUG -DSTM32 -DSTM32F4 -DSTM32F446RETx -DNUCLEO_F446RE -DSTM32F446xx -c -I../Inc -I"C:/Users/stoff/Documents/Stm32_Baremetal_Course/F4_chip_headers/F4_chip_headers/chip_headers/CMSIS/Include" -I"C:/Users/stoff/Documents/Stm32_Baremetal_Course/F4_chip_headers/F4_chip_headers/chip_headers/CMSIS/Device/ST/STM32F4xx/Include" -O0 -ffunction-sections -fdata-sections -Wall -fstack-usage -fcyclomatic-complexity -MMD -MP -MF"Src/uart.d" -MT"Src/uart.o" --specs=nano.specs -mfpu=fpv4-sp-d16 -mfloat-abi=hard -mthumb -o "Src/uart.o"
arm-none-eabi-gcc -o "16_UART_RX_interrupt.elf" @"objects.list"   -mcpu=cortex-m4 -T"C:\Users\stoff\Documents\Stm32_Baremetal_Course\16_UART_RX_interrupt\STM32F446RETX_FLASH.ld" --specs=nosys.specs -Wl,-Map="16_UART_RX_interrupt.map" -Wl,--gc-sections -static --specs=nano.specs -mfpu=fpv4-sp-d16 -mfloat-abi=hard -mthumb -Wl,--start-group -lc -lm -Wl,--end-group
Finished building target: 16_UART_RX_interrupt.elf
 
arm-none-eabi-size  16_UART_RX_interrupt.elf 
arm-none-eabi-objdump -h -S 16_UART_RX_interrupt.elf  > "16_UART_RX_interrupt.list"
   text	   data	    bss	    dec	    hex	filename
   1236	      0	   1568	   2804	    af4	16_UART_RX_interrupt.elf
Finished building: default.size.stdout
 
Finished building: 16_UART_RX_interrupt.list
 
15:07:30 **** Incremental Build of configuration Debug for project 16_UART_RX_interrupt ****
make -j24 all 
arm-none-eabi-size  16_UART_RX_interrupt.elf 
   text	   data	    bss	    dec	    hex	filename
   1236	      0	   1568	   2804	    af4	16_UART_RX_interrupt.elf
Finished building: default.size.stdout
 
15:07:32 **** Incremental Build of configuration Debug for project 16_UART_RX_interrupt ****
make -j24 all 
arm-none-eabi-size  16_UART_RX_interrupt.elf 
   text	   data	    bss	    dec	    hex	filename
   1236	      0	   1568	   2804	    af4	16_UART_RX_interrupt.elf
Finished building: default.size.stdout
 
