14:00:11 **** Incremental Build of configuration Debug for project 07_UART_modular ****
make -j24 all 
arm-none-eabi-gcc "../Src/main.c" -mcpu=cortex-m4 -std=gnu11 -g3 -DDEBUG -DSTM32 -DSTM32F4 -DSTM32F446RETx -DNUCLEO_F446RE -DSTM32F446xx -c -I../Inc -I"C:/Users/stoff/Documents/Stm32_Baremetal_Course/F4_chip_headers/F4_chip_headers/chip_headers/CMSIS/Device/ST/STM32F4xx/Include" -I"C:/Users/stoff/Documents/Stm32_Baremetal_Course/F4_chip_headers/F4_chip_headers/chip_headers/CMSIS/Include" -O0 -ffunction-sections -fdata-sections -Wall -fstack-usage -fcyclomatic-complexity -MMD -MP -MF"Src/main.d" -MT"Src/main.o" --specs=nano.specs -mfpu=fpv4-sp-d16 -mfloat-abi=hard -mthumb -o "Src/main.o"
arm-none-eabi-gcc -o "07_UART_modular.elf" @"objects.list"   -mcpu=cortex-m4 -T"C:\Users\stoff\Documents\Stm32_Baremetal_Course\07_UART_modular\STM32F446RETX_FLASH.ld" --specs=nosys.specs -Wl,-Map="07_UART_modular.map" -Wl,--gc-sections -static --specs=nano.specs -mfpu=fpv4-sp-d16 -mfloat-abi=hard -mthumb -Wl,--start-group -lc -lm -Wl,--end-group
Finished building target: 07_UART_modular.elf
 
arm-none-eabi-size  07_UART_modular.elf 
arm-none-eabi-objdump -h -S 07_UART_modular.elf  > "07_UART_modular.list"
   text	   data	    bss	    dec	    hex	filename
   5196	     92	   1900	   7188	   1c14	07_UART_modular.elf
Finished building: default.size.stdout
 
Finished building: 07_UART_modular.list
 
14:00:17 **** Incremental Build of configuration Debug for project 07_UART_modular ****
make -j24 all 
arm-none-eabi-size  07_UART_modular.elf 
   text	   data	    bss	    dec	    hex	filename
   5196	     92	   1900	   7188	   1c14	07_UART_modular.elf
Finished building: default.size.stdout
 
